Component: ARM Compiler 5.06 update 2 (build 183) Tool: armlink [4d35b7]

==============================================================================

Section Cross References

    main.o(i.advertising_init) refers to memseta.o(.text) for __aeabi_memclr4
    main.o(i.advertising_init) refers to ble_advertising.o(i.ble_advertising_init) for ble_advertising_init
    main.o(i.advertising_init) refers to app_error.o(i.app_error_handler_bare) for app_error_handler_bare
    main.o(i.advertising_init) refers to ble_advertising.o(i.ble_advertising_conn_cfg_tag_set) for ble_advertising_conn_cfg_tag_set
    main.o(i.advertising_init) refers to main.o(.data) for .data
    main.o(i.advertising_init) refers to main.o(i.on_adv_evt) for on_adv_evt
    main.o(i.advertising_init) refers to main.o(.bss) for .bss
    main.o(i.advertising_start) refers to nrf_log_frontend.o(i.nrf_log_frontend_std_0) for nrf_log_frontend_std_0
    main.o(i.advertising_start) refers to peer_manager.o(i.pm_peers_delete) for pm_peers_delete
    main.o(i.advertising_start) refers to ble_advertising.o(i.ble_advertising_start) for ble_advertising_start
    main.o(i.advertising_start) refers to app_error.o(i.app_error_handler_bare) for app_error_handler_bare
    main.o(i.advertising_start) refers to nrf_log_frontend.o(log_dynamic_data) for m_nrf_log_app_logs_data_dynamic
    main.o(i.advertising_start) refers to main.o(.bss) for .bss
    main.o(i.app_shutdown_handler) refers to nrf_log_frontend.o(i.nrf_log_frontend_std_0) for nrf_log_frontend_std_0
    main.o(i.app_shutdown_handler) refers to nrf_log_frontend.o(log_dynamic_data) for m_nrf_log_app_logs_data_dynamic
    main.o(i.assert_nrf_callback) refers to app_error.o(i.app_error_handler) for app_error_handler
    main.o(i.ble_dfu_evt_handler) refers to nrf_log_frontend.o(i.nrf_log_frontend_std_0) for nrf_log_frontend_std_0
    main.o(i.ble_dfu_evt_handler) refers to nrf_log_frontend.o(log_dynamic_data) for m_nrf_log_app_logs_data_dynamic
    main.o(i.ble_evt_handler) refers to bsp.o(i.bsp_indication_set) for bsp_indication_set
    main.o(i.ble_evt_handler) refers to app_error.o(i.app_error_handler_bare) for app_error_handler_bare
    main.o(i.ble_evt_handler) refers to main.o(i.change_address) for change_address
    main.o(i.ble_evt_handler) refers to main.o(i.advertising_init) for advertising_init
    main.o(i.ble_evt_handler) refers to ble_advertising.o(i.ble_advertising_start) for ble_advertising_start
    main.o(i.ble_evt_handler) refers to memcpya.o(.text) for __aeabi_memcpy
    main.o(i.ble_evt_handler) refers to main.o(.data) for .data
    main.o(i.ble_evt_handler) refers to main.o(.bss) for .bss
    main.o(i.bsp_event_handler) refers to bsp.o(i.bsp_indication_set) for bsp_indication_set
    main.o(i.bsp_event_handler) refers to app_error.o(i.app_error_handler_bare) for app_error_handler_bare
    main.o(i.bsp_event_handler) refers to bsp_btn_ble.o(i.bsp_btn_ble_sleep_mode_prepare) for bsp_btn_ble_sleep_mode_prepare
    main.o(i.bsp_event_handler) refers to ble_advertising.o(i.ble_advertising_restart_without_whitelist) for ble_advertising_restart_without_whitelist
    main.o(i.bsp_event_handler) refers to main.o(.data) for .data
    main.o(i.bsp_event_handler) refers to main.o(.bss) for .bss
    main.o(i.change_address) refers to app_error.o(i.app_error_handler_bare) for app_error_handler_bare
    main.o(i.change_address) refers to main.o(.data) for .data
    main.o(i.conn_params_error_handler) refers to app_error.o(i.app_error_handler_bare) for app_error_handler_bare
    main.o(i.fstorage_evt_handler) refers to nrf_log_frontend.o(i.nrf_log_frontend_std_0) for nrf_log_frontend_std_0
    main.o(i.fstorage_evt_handler) refers to nrf_log_frontend.o(i.nrf_log_frontend_std_2) for nrf_log_frontend_std_2
    main.o(i.fstorage_evt_handler) refers to nrf_log_frontend.o(log_dynamic_data) for m_nrf_log_app_logs_data_dynamic
    main.o(i.fstorage_evt_handler) refers to main.o(.conststring) for .conststring
    main.o(i.fstorage_init) refers to nrf_fstorage.o(i.nrf_fstorage_init) for nrf_fstorage_init
    main.o(i.fstorage_init) refers to nrf_fstorage_sd.o(.constdata) for nrf_fstorage_sd
    main.o(i.fstorage_init) refers to main.o(fs_data) for fs_data
    main.o(i.fstorsge_get) refers to nrf_log_frontend.o(i.nrf_log_frontend_std_6) for nrf_log_frontend_std_6
    main.o(i.fstorsge_get) refers to nrf_log_frontend.o(i.nrf_log_frontend_std_1) for nrf_log_frontend_std_1
    main.o(i.fstorsge_get) refers to main.o(.bss) for .bss
    main.o(i.fstorsge_get) refers to main.o(.data) for .data
    main.o(i.fstorsge_get) refers to nrf_log_frontend.o(log_dynamic_data) for m_nrf_log_app_logs_data_dynamic
    main.o(i.line_advertising_init) refers to memseta.o(.text) for __aeabi_memclr4
    main.o(i.line_advertising_init) refers to ble_advdata.o(i.ble_advdata_set) for ble_advdata_set
    main.o(i.line_advertising_init) refers to nrf_log_frontend.o(i.nrf_log_frontend_std_1) for nrf_log_frontend_std_1
[...]
    nrf_fstorage_write                       0x00028b69   Thumb Code   102  nrf_fstorage.o(i.nrf_fstorage_write)
    nrf_log_backend_add                      0x00028cbd   Thumb Code   100  nrf_log_frontend.o(i.nrf_log_backend_add)
    nrf_log_backend_rtt_init                 0x00028d27   Thumb Code     4  nrf_log_backend_rtt.o(i.nrf_log_backend_rtt_init)
    nrf_log_backend_serial_put               0x00028d45   Thumb Code   210  nrf_log_backend_serial.o(i.nrf_log_backend_serial_put)
    nrf_log_color_id_get                     0x00028e19   Thumb Code    34  nrf_log_frontend.o(i.nrf_log_color_id_get)
    nrf_log_default_backends_init            0x00028e41   Thumb Code    22  nrf_log_default_backends.o(i.nrf_log_default_backends_init)
    nrf_log_frontend_dequeue                 0x00028e5d   Thumb Code   414  nrf_log_frontend.o(i.nrf_log_frontend_dequeue)
    nrf_log_frontend_std_0                   0x00029009   Thumb Code     8  nrf_log_frontend.o(i.nrf_log_frontend_std_0)
    nrf_log_frontend_std_1                   0x00029011   Thumb Code    14  nrf_log_frontend.o(i.nrf_log_frontend_std_1)
    nrf_log_frontend_std_2                   0x0002901f   Thumb Code    16  nrf_log_frontend.o(i.nrf_log_frontend_std_2)
    nrf_log_frontend_std_3                   0x0002902f   Thumb Code    18  nrf_log_frontend.o(i.nrf_log_frontend_std_3)
    nrf_log_frontend_std_4                   0x00029041   Thumb Code    20  nrf_log_frontend.o(i.nrf_log_frontend_std_4)
    nrf_log_frontend_std_6                   0x00029055   Thumb Code    28  nrf_log_frontend.o(i.nrf_log_frontend_std_6)
    nrf_log_hexdump_entry_process            0x00029071   Thumb Code   146  nrf_log_str_formatter.o(i.nrf_log_hexdump_entry_process)
    nrf_log_init                             0x0002911d   Thumb Code    70  nrf_log_frontend.o(i.nrf_log_init)
    nrf_log_module_cnt_get                   0x00029179   Thumb Code    10  nrf_log_frontend.o(i.nrf_log_module_cnt_get)
    nrf_log_module_filter_get                0x0002918d   Thumb Code    32  nrf_log_frontend.o(i.nrf_log_module_filter_get)
    nrf_log_module_name_get                  0x000291b1   Thumb Code    24  nrf_log_frontend.o(i.nrf_log_module_name_get)
    nrf_log_panic                            0x000291cd   Thumb Code    34  nrf_log_frontend.o(i.nrf_log_panic)
    nrf_log_std_entry_process                0x000291f5   Thumb Code   182  nrf_log_str_formatter.o(i.nrf_log_std_entry_process)
    nrf_memobj_alloc                         0x000292ab   Thumb Code    96  nrf_memobj.o(i.nrf_memobj_alloc)
    nrf_memobj_free                          0x0002930b   Thumb Code    50  nrf_memobj.o(i.nrf_memobj_free)
    nrf_memobj_get                           0x0002933d   Thumb Code    14  nrf_memobj.o(i.nrf_memobj_get)
    nrf_memobj_pool_init                     0x0002934b   Thumb Code     4  nrf_memobj.o(i.nrf_memobj_pool_init)
    nrf_memobj_put                           0x0002934f   Thumb Code    34  nrf_memobj.o(i.nrf_memobj_put)
    nrf_memobj_read                          0x00029371   Thumb Code    12  nrf_memobj.o(i.nrf_memobj_read)
    nrf_memobj_write                         0x0002937d   Thumb Code    12  nrf_memobj.o(i.nrf_memobj_write)
    nrf_pwr_mgmt_init                        0x00029389   Thumb Code    62  nrf_pwr_mgmt.o(i.nrf_pwr_mgmt_init)
    nrf_pwr_mgmt_run                         0x000293d9   Thumb Code    64  nrf_pwr_mgmt.o(i.nrf_pwr_mgmt_run)
    nrf_pwr_mgmt_shutdown                    0x0002941d   Thumb Code    52  nrf_pwr_mgmt.o(i.nrf_pwr_mgmt_shutdown)
    nrf_saadc_channel_init                   0x00029479   Thumb Code   100  nrf_saadc.o(i.nrf_saadc_channel_init)
    nrf_sdh_ble_app_ram_start_get            0x00029519   Thumb Code    16  nrf_sdh_ble.o(i.nrf_sdh_ble_app_ram_start_get)
    nrf_sdh_ble_default_cfg_set              0x0002952d   Thumb Code   250  nrf_sdh_ble.o(i.nrf_sdh_ble_default_cfg_set)
    nrf_sdh_ble_enable                       0x00029645   Thumb Code    92  nrf_sdh_ble.o(i.nrf_sdh_ble_enable)
    nrf_sdh_disable_request                  0x00029765   Thumb Code    60  nrf_sdh.o(i.nrf_sdh_disable_request)
    nrf_sdh_enable_request                   0x000297a5   Thumb Code    74  nrf_sdh.o(i.nrf_sdh_enable_request)
    nrf_sdh_evts_poll                        0x000297fd   Thumb Code    32  nrf_sdh.o(i.nrf_sdh_evts_poll)
    nrf_sdh_is_enabled                       0x00029821   Thumb Code     6  nrf_sdh.o(i.nrf_sdh_is_enabled)
    nrf_sdh_request_continue                 0x0002982d   Thumb Code    22  nrf_sdh.o(i.nrf_sdh_request_continue)
    nrf_section_iter_init                    0x00029885   Thumb Code    10  nrf_section_iter.o(i.nrf_section_iter_init)
    nrf_section_iter_next                    0x000298b3   Thumb Code    32  nrf_section_iter.o(i.nrf_section_iter_next)
    nrf_strerror_find                        0x000298d5   Thumb Code    52  nrf_strerror.o(i.nrf_strerror_find)
    nrf_strerror_get                         0x0002990d   Thumb Code    14  nrf_strerror.o(i.nrf_strerror_get)
    pdb_init                                 0x0002a295   Thumb Code    66  peer_database.o(i.pdb_init)
    pdb_next_deleted_peer_id_get             0x0002a2e5   Thumb Code     4  peer_database.o(i.pdb_next_deleted_peer_id_get)
    pdb_next_peer_id_get                     0x0002a2e9   Thumb Code     4  peer_database.o(i.pdb_next_peer_id_get)
    pdb_pds_evt_handler                      0x0002a2ed   Thumb Code   294  peer_database.o(i.pdb_pds_evt_handler)
    pdb_peer_allocate                        0x0002a41d   Thumb Code     4  peer_database.o(i.pdb_peer_allocate)
    pdb_peer_data_ptr_get                    0x0002a421   Thumb Code     6  peer_database.o(i.pdb_peer_data_ptr_get)
    pdb_peer_free                            0x0002a427   Thumb Code    68  peer_database.o(i.pdb_peer_free)
    pdb_raw_store                            0x0002a46b   Thumb Code     8  peer_database.o(i.pdb_raw_store)
    pdb_write_buf_get                        0x0002a475   Thumb Code   260  peer_database.o(i.pdb_write_buf_get)
    pdb_write_buf_release                    0x0002a57d   Thumb Code    40  peer_database.o(i.pdb_write_buf_release)
    pdb_write_buf_store                      0x0002a5a5   Thumb Code   188  peer_database.o(i.pdb_write_buf_store)
    pdb_write_buf_store_prepare              0x0002a669   Thumb Code    98  peer_database.o(i.pdb_write_buf_store_prepare)
    pds_init                                 0x0002a6dd   Thumb Code    98  peer_data_storage.o(i.pds_init)
    pds_next_deleted_peer_id_get             0x0002a749   Thumb Code     4  peer_data_storage.o(i.pds_next_deleted_peer_id_get)
    pds_next_peer_id_get                     0x0002a74d   Thumb Code     4  peer_data_storage.o(i.pds_next_peer_id_get)
    pds_peer_data_iterate                    0x0002a751   Thumb Code    74  peer_data_storage.o(i.pds_peer_data_iterate)
    pds_peer_data_iterate_prepare            0x0002a7a1   Thumb Code    10  peer_data_storage.o(i.pds_peer_data_iterate_prepare)
    pds_peer_data_read                       0x0002a7b1   Thumb Code   104  peer_data_storage.o(i.pds_peer_data_read)
    pds_peer_data_store                      0x0002a819   Thumb Code   150  peer_data_storage.o(i.pds_peer_data_store)
    pds_peer_id_allocate                     0x0002a8af   Thumb Code     8  peer_data_storage.o(i.pds_peer_id_allocate)
    pds_peer_id_free                         0x0002a8b7   Thumb Code    22  peer_data_storage.o(i.pds_peer_id_free)
    pds_peer_id_is_allocated                 0x0002a8cd   Thumb Code     4  peer_data_storage.o(i.pds_peer_id_is_allocated)
    pds_space_reserve                        0x0002a8d1   Thumb Code    46  peer_data_storage.o(i.pds_space_reserve)
    pds_space_reserve_cancel                 0x0002a8ff   Thumb Code    16  peer_data_storage.o(i.pds_space_reserve_cancel)
    peer_id_allocate                         0x0002aa01   Thumb Code     6  peer_id.o(i.peer_id_allocate)
    peer_id_delete                           0x0002aa0d   Thumb Code    32  peer_id.o(i.peer_id_delete)
    peer_id_free                             0x0002aa31   Thumb Code    24  peer_id.o(i.peer_id_free)
    peer_id_get_next_deleted                 0x0002aa4d   Thumb Code     6  peer_id.o(i.peer_id_get_next_deleted)
    peer_id_get_next_used                    0x0002aa59   Thumb Code    42  peer_id.o(i.peer_id_get_next_used)
    peer_id_init                             0x0002aa89   Thumb Code    36  peer_id.o(i.peer_id_init)
    peer_id_is_allocated                     0x0002aab1   Thumb Code    16  peer_id.o(i.peer_id_is_allocated)
    peer_id_is_deleted                       0x0002aac5   Thumb Code    16  peer_id.o(i.peer_id_is_deleted)
    pm_buffer_block_acquire                  0x0002ab91   Thumb Code    92  pm_buffer.o(i.pm_buffer_block_acquire)
    pm_buffer_init                           0x0002abed   Thumb Code    64  pm_buffer.o(i.pm_buffer_init)
    pm_buffer_ptr_get                        0x0002ac2d   Thumb Code    40  pm_buffer.o(i.pm_buffer_ptr_get)
    pm_buffer_release                        0x0002ac55   Thumb Code    46  pm_buffer.o(i.pm_buffer_release)
    pm_conn_sec_config_reply                 0x0002ac83   Thumb Code     4  peer_manager.o(i.pm_conn_sec_config_reply)
    pm_gcm_evt_handler                       0x0002ad89   Thumb Code   136  peer_manager.o(i.pm_gcm_evt_handler)
    pm_im_evt_handler                        0x0002ae11   Thumb Code    74  peer_manager.o(i.pm_im_evt_handler)
    pm_init                                  0x0002ae61   Thumb Code    96  peer_manager.o(i.pm_init)
    pm_local_database_has_changed            0x0002aec5   Thumb Code    14  peer_manager.o(i.pm_local_database_has_changed)
    pm_mutex_init                            0x0002aed9   Thumb Code    14  pm_mutex.o(i.pm_mutex_init)
    pm_mutex_lock                            0x0002aee7   Thumb Code    26  pm_mutex.o(i.pm_mutex_lock)
    pm_mutex_lock_first_available            0x0002af01   Thumb Code    54  pm_mutex.o(i.pm_mutex_lock_first_available)
    pm_mutex_lock_status_get                 0x0002af37   Thumb Code    24  pm_mutex.o(i.pm_mutex_lock_status_get)
    pm_mutex_unlock                          0x0002af4f   Thumb Code    58  pm_mutex.o(i.pm_mutex_unlock)
    pm_pdb_evt_handler                       0x0002af89   Thumb Code   338  peer_manager.o(i.pm_pdb_evt_handler)
    pm_peer_delete                           0x0002b0e1   Thumb Code    14  peer_manager.o(i.pm_peer_delete)
    pm_peers_delete                          0x0002b0f5   Thumb Code    98  peer_manager.o(i.pm_peers_delete)
    pm_register                              0x0002b15d   Thumb Code    34  peer_manager.o(i.pm_register)
    pm_sec_params_set                        0x0002b189   Thumb Code    14  peer_manager.o(i.pm_sec_params_set)
    pm_sm_evt_handler                        0x0002b19d   Thumb Code   346  peer_manager.o(i.pm_sm_evt_handler)
    saadc_callback                           0x0002b871   Thumb Code    32  main.o(i.saadc_callback)
    saadc_init                               0x0002b895   Thumb Code    42  main.o(i.saadc_init)
    sdk_mapped_flags_bulk_update_by_key      0x0002ba29   Thumb Code    68  sdk_mapped_flags.o(i.sdk_mapped_flags_bulk_update_by_key)
    sdk_mapped_flags_first_key_index_get     0x0002ba6d   Thumb Code    34  sdk_mapped_flags.o(i.sdk_mapped_flags_first_key_index_get)
    sdk_mapped_flags_get_by_key              0x0002ba9f   Thumb Code    38  sdk_mapped_flags.o(i.sdk_mapped_flags_get_by_key)
    sdk_mapped_flags_key_list_get            0x0002bac5   Thumb Code    74  sdk_mapped_flags.o(i.sdk_mapped_flags_key_list_get)
    sdk_mapped_flags_update_by_key           0x0002bb0f   Thumb Code    14  sdk_mapped_flags.o(i.sdk_mapped_flags_update_by_key)
    sm_ble_evt_handler                       0x0002bfc1   Thumb Code    18  security_manager.o(i.sm_ble_evt_handler)
    sm_conn_sec_config_reply                 0x0002bfd9   Thumb Code    18  security_manager.o(i.sm_conn_sec_config_reply)
    sm_init                                  0x0002bff1   Thumb Code    76  security_manager.o(i.sm_init)
    sm_pdb_evt_handler                       0x0002c041   Thumb Code    52  security_manager.o(i.sm_pdb_evt_handler)
    sm_sec_params_set                        0x0002c079   Thumb Code    38  security_manager.o(i.sm_sec_params_set)
    sm_smd_evt_handler                       0x0002c0a5   Thumb Code   116  security_manager.o(i.sm_smd_evt_handler)
    smd_ble_evt_handler                      0x0002c11d   Thumb Code   226  security_dispatcher.o(i.smd_ble_evt_handler)
    smd_init                                 0x0002c209   Thumb Code    56  security_dispatcher.o(i.smd_init)
    smd_link_secure                          0x0002c245   Thumb Code    48  security_dispatcher.o(i.smd_link_secure)
    smd_params_reply                         0x0002c275   Thumb Code   276  security_dispatcher.o(i.smd_params_reply)
    smd_pdb_evt_handler                      0x0002c415   Thumb Code    48  security_dispatcher.o(i.smd_pdb_evt_handler)
    nrf_fstorage_sd                          0x0002d0ec   Data          24  nrf_fstorage_sd.o(.constdata)
    nrf_log_backend_rtt_api                  0x0002d230   Data          12  nrf_log_backend_rtt.o(.constdata)
    m_ram_start                              0x0002d2c4   Data           4  nrf_sdh_ble.o(.constdata)
    __ctype_table                            0x0002d2f4   Data         129  ctype_o.o(.constdata)
    Region$$Table$$Base                      0x0002da58   Number         0  anon$$obj.o(Region$$Table)
    Region$$Table$$Limit                     0x0002da78   Number         0  anon$$obj.o(Region$$Table)
    log_const_data$$Base                     0x0002da78   Number         0  nrf_ble_gatt.o(log_const_data)
    m_nrf_log_ble_gatt_logs_data_const       0x0002da78   Data           8  nrf_ble_gatt.o(log_const_data)
    m_nrf_log_clock_logs_data_const          0x0002da80   Data           8  nrf_drv_clock.o(log_const_data)
    m_nrf_log_gpiote_logs_data_const         0x0002da88   Data           8  nrf_drv_gpiote.o(log_const_data)
    m_nrf_log_uart_logs_data_const           0x0002da90   Data           8  nrf_drv_uart.o(log_const_data)
    m_nrf_log_saadc_logs_data_const          0x0002da98   Data           8  nrf_drv_saadc.o(log_const_data)
    m_nrf_log_ppi_logs_data_const            0x0002daa0   Data           8  nrf_drv_ppi.o(log_const_data)
    m_nrf_log_timer_logs_data_const          0x0002daa8   Data           8  nrf_drv_timer.o(log_const_data)
    m_nrf_log_balloc_logs_data_const         0x0002dab0   Data           8  nrf_balloc.o(log_const_data)
    m_nrf_log_pwr_mgmt_logs_data_const       0x0002dab8   Data           8  nrf_pwr_mgmt.o(log_const_data)
    m_nrf_log_app_logs_data_const            0x0002dac0   Data           8  nrf_log_frontend.o(log_const_data)
    m_nrf_log_nrf_sdh_logs_data_const        0x0002dac8   Data           8  nrf_sdh.o(log_const_data)
    m_nrf_log_nrf_sdh_ble_logs_data_const    0x0002dad0   Data           8  nrf_sdh_ble.o(log_const_data)
    m_nrf_log_nrf_sdh_soc_logs_data_const    0x0002dad8   Data           8  nrf_sdh_soc.o(log_const_data)
    log_const_data$$Limit                    0x0002dae0   Number         0  nrf_sdh_soc.o(log_const_data)
    pwr_mgmt_data0$$Base                     0x0002dae0   Number         0  main.o(pwr_mgmt_data0)
    pwr_mgmt_data0$$Limit                    0x0002dae4   Number         0  main.o(pwr_mgmt_data0)
    sdh_ble_observers0$$Base                 0x0002dae4   Number         0  ble_conn_state.o(sdh_ble_observers0)
    sdh_ble_observers0$$Limit                0x0002daec   Number         0  ble_conn_state.o(sdh_ble_observers0)
    sdh_ble_observers1$$Base                 0x0002daec   Number         0  main.o(sdh_ble_observers1)
    sdh_ble_observers1$$Limit                0x0002dafc   Number         0  bsp_btn_ble.o(sdh_ble_observers1)
    sdh_ble_observers2$$Base                 0x0002dafc   Number         0  main.o(sdh_ble_observers2)
    m_req_obs                                0x0002db34   Data           8  nrf_fstorage_sd.o(sdh_req_observers0)
    sdh_ble_observers2$$Limit                0x0002db34   Number         0  ble_dfu.o(sdh_ble_observers2)
    sdh_req_observers0$$Base                 0x0002db34   Number         0  nrf_fstorage_sd.o(sdh_req_observers0)
    sdh_req_observers0$$Limit                0x0002db3c   Number         0  nrf_fstorage_sd.o(sdh_req_observers0)
    sdh_soc_observers0$$Base                 0x0002db3c   Number         0  nrf_drv_clock.o(sdh_soc_observers0)
    sdh_soc_observers0$$Limit                0x0002db4c   Number         0  nrf_fstorage_sd.o(sdh_soc_observers0)
    sdh_soc_observers1$$Base                 0x0002db4c   Number         0  main.o(sdh_soc_observers1)
    sdh_soc_observers1$$Limit                0x0002db5c   Number         0  ble_dfu_unbonded.o(sdh_soc_observers1)
    sdh_stack_observers0$$Base               0x0002db5c   Number         0  nrf_sdh_ble.o(sdh_stack_observers0)
    sdh_stack_observers0$$Limit              0x0002db6c   Number         0  nrf_sdh_soc.o(sdh_stack_observers0)
    sdh_state_observers0$$Base               0x0002db6c   Number         0  nrf_drv_clock.o(sdh_state_observers0)
    sdh_state_observers0$$Limit              0x0002db7c   Number         0  nrf_fstorage_sd.o(sdh_state_observers0)
    Image$$RW_IRAM1$$Base                    0x20002110   Number         0  anon$$obj.o ABSOLUTE
    mp_dfu                                   0x200021dc   Data           4  ble_dfu_unbonded.o(.data)
    SystemCoreClock                          0x20002288   Data           4  system_nrf52.o(.data)
    fs_data$$Base                            0x2000228c   Number         0  main.o(fs_data)
    fstorage                                 0x2000228c   Data          20  main.o(fs_data)
    m_fs                                     0x200022a0   Data          20  fds.o(fs_data)
    fs_data$$Limit                           0x200022b4   Number         0  fds.o(fs_data)
    log_dynamic_data$$Base                   0x200022b4   Number         0  nrf_ble_gatt.o(log_dynamic_data)
    m_nrf_log_ble_gatt_logs_data_dynamic     0x200022b4   Data          12  nrf_ble_gatt.o(log_dynamic_data)
    m_nrf_log_clock_logs_data_dynamic        0x200022c0   Data          12  nrf_drv_clock.o(log_dynamic_data)
    m_nrf_log_gpiote_logs_data_dynamic       0x200022cc   Data          12  nrf_drv_gpiote.o(log_dynamic_data)
    m_nrf_log_uart_logs_data_dynamic         0x200022d8   Data          12  nrf_drv_uart.o(log_dynamic_data)
    m_nrf_log_saadc_logs_data_dynamic        0x200022e4   Data          12  nrf_drv_saadc.o(log_dynamic_data)
    m_nrf_log_ppi_logs_data_dynamic          0x200022f0   Data          12  nrf_drv_ppi.o(log_dynamic_data)
    m_nrf_log_timer_logs_data_dynamic        0x200022fc   Data          12  nrf_drv_timer.o(log_dynamic_data)
    m_nrf_log_balloc_logs_data_dynamic       0x20002308   Data          12  nrf_balloc.o(log_dynamic_data)
    m_nrf_log_pwr_mgmt_logs_data_dynamic     0x20002314   Data          12  nrf_pwr_mgmt.o(log_dynamic_data)
    m_nrf_log_app_logs_data_dynamic          0x20002320   Data          12  nrf_log_frontend.o(log_dynamic_data)
    m_nrf_log_nrf_sdh_logs_data_dynamic      0x2000232c   Data          12  nrf_sdh.o(log_dynamic_data)
    m_nrf_log_nrf_sdh_ble_logs_data_dynamic  0x20002338   Data          12  nrf_sdh_ble.o(log_dynamic_data)
    m_nrf_log_nrf_sdh_soc_logs_data_dynamic  0x20002344   Data          12  nrf_sdh_soc.o(log_dynamic_data)
    fs_array                                 0x20002350   Data          40  main.o(.bss)
    nrf_nvic_state                           0x20002d64   Data          12  app_util_platform.o(.bss)
    _SEGGER_RTT                              0x20003468   Data         120  segger_rtt.o(.bss)
    __initial_sp                             0x200056f0   Data           0  arm_startup_nrf52.o(STACK)



==============================================================================

Memory Map of the image

  Image Entry point : 0x00023201

  Load Region LR_IROM1 (Base: 0x00023000, Size: 0x0000adbc, Max: 0x00055000, ABSOLUTE, COMPRESSED[0x0000ac08])

    Execution Region ER_IROM1 (Base: 0x00023000, Size: 0x0000ab7c, Max: 0x00055000, ABSOLUTE)

    Base Addr    Size         Type   Attr      Idx    E Section Name        Object

    0x00023000   0x00000200   Data   RO         6536    RESET               arm_startup_nrf52.o
    0x00023200   0x00000000   Code   RO         6577  * .ARM.Collect$$$$00000000  mc_w.l(entry.o)
    0x00023200   0x00000004   Code   RO         6622    .ARM.Collect$$$$00000001  mc_w.l(entry2.o)
    0x00023204   0x00000004   Code   RO         6625    .ARM.Collect$$$$00000004  mc_w.l(entry5.o)
    0x00023208   0x00000000   Code   RO         6627    .ARM.Collect$$$$00000008  mc_w.l(entry7b.o)
    0x00023208   0x00000000   Code   RO         6629    .ARM.Collect$$$$0000000A  mc_w.l(entry8b.o)
    0x00023208   0x00000008   Code   RO         6630    .ARM.Collect$$$$0000000B  mc_w.l(entry9a.o)
    0x00023210   0x00000000   Code   RO         6632    .ARM.Collect$$$$0000000D  mc_w.l(entry10a.o)
    0x00023210   0x00000000   Code   RO         6634    .ARM.Collect$$$$0000000F  mc_w.l(entry11a.o)
    0x00023210   0x00000004   Code   RO         6623    .ARM.Collect$$$$00002712  mc_w.l(entry2.o)
    0x00023214   0x0000009a   Code   RO         5189    .emb_text           nrf_memobj.o
    0x000232ae   0x00000002   PAD
    0x000232b0   0x0000009a   Code   RO         5277    .emb_text           nrf_pwr_mgmt.o
    0x0002334a   0x00000002   PAD
    0x0002334c   0x0000009a   Code   RO         5828    .emb_text           nrf_log_frontend.o
    0x000233e6   0x00000002   PAD
    0x000233e8   0x00000024   Code   RO         6537    .text               arm_startup_nrf52.o
    0x0002340c   0x00000062   Code   RO         6580    .text               mc_w.l(uldiv.o)
    0x0002346e   0x00000002   PAD
    0x00023470   0x00000008   Code   RO         6582    .text               mc_w.l(ctype_o.o)
    0x00023478   0x00000024   Code   RO         6610    .text               mc_w.l(memcpya.o)
    0x0002349c   0x00000024   Code   RO         6612    .text               mc_w.l(memseta.o)
    0x000234c0   0x0000000e   Code   RO         6614    .text               mc_w.l(strlen.o)
    0x000234ce   0x0000001a   Code   RO         6616    .text               mc_w.l(memcmp.o)
    0x000234e8   0x00000012   Code   RO         6618    .text               mc_w.l(strcpy.o)
    0x000234fa   0x0000001e   Code   RO         6636    .text               mc_w.l(llshl.o)
    0x00023518   0x00000020   Code   RO         6638    .text               mc_w.l(llushr.o)
    0x00023538   0x00000024   Code   RO         6640    .text               mc_w.l(init.o)
    0x0002355c   0x00000056   Code   RO         6650    .text               mc_w.l(__dczerorl2.o)
    0x000235b2   0x00000002   PAD
    0x000235b4   0x00000174   Code   RO         3219    i.GPIOTE_IRQHandler  nrf_drv_gpiote.o
    0x00023728   0x00000016   Code   RO         4327    i.NVIC_ClearPendingIRQ  app_timer.o
    0x0002373e   0x00000016   Code   RO         4328    i.NVIC_EnableIRQ    app_timer.o
    0x00023754   0x00000016   Code   RO         4329    i.NVIC_SetPendingIRQ  app_timer.o
    0x0002376a   0x00000020   Code   RO         4330    i.NVIC_SetPriority  app_timer.o
    0x0002378a   0x00000002   PAD
    0x0002378c   0x00000058   Code   RO         3013    i.POWER_CLOCK_IRQHandler  nrf_drv_clock.o
    0x000237e4   0x00000024   Code   RO         4331    i.RTC1_IRQHandler   app_timer.o
    0x00023808   0x00000148   Code   RO         3694    i.SAADC_IRQHandler  nrf_drv_saadc.o
    0x00023950   0x00000004   Code   RO         6110    i.SEGGER_RTT_Init   segger_rtt.o
    0x00023954   0x0000005c   Code   RO         6121    i.SEGGER_RTT_WriteNoLock  segger_rtt.o
    0x000239b0   0x00000004   Code   RO         4332    i.SWI0_EGU0_IRQHandler  app_timer.o
    0x000239b4   0x00000004   Code   RO         6334    i.SWI2_EGU2_IRQHandler  nrf_sdh.o
    0x000239b8   0x000002fc   Code   RO         6545    i.SystemInit        system_nrf52.o
    0x00023cb4   0x0000004c   Code   RO         3993    i.TIMER3_IRQHandler  nrf_drv_timer.o
    0x00023d00   0x0000001c   Code   RO         3463    i.UARTE0_UART0_IRQHandler  nrf_drv_uart.o
    0x00023d1c   0x00000068   Code   RO         6125    i._DoInit           segger_rtt.o
    0x00023d84   0x00000016   Code   RO         6126    i._GetAvailWriteSpace  segger_rtt.o
    0x00023d9a   0x0000005a   Code   RO         6128    i._WriteBlocking    segger_rtt.o
    0x00023df4   0x00000042   Code   RO         6129    i._WriteNoCheck     segger_rtt.o
    0x00023e36   0x0000000e   Code   RO         6644    i.__scatterload_copy  mc_w.l(handlers.o)
    0x00023e44   0x00000002   Code   RO         6645    i.__scatterload_null  mc_w.l(handlers.o)
    0x00023e46   0x0000000e   Code   RO         6646    i.__scatterload_zeroinit  mc_w.l(handlers.o)
    0x00023e54   0x00000024   Code   RO         6335    i.__sd_nvic_app_accessible_irq  nrf_sdh.o
    0x00023e78   0x00000026   Code   RO         1430    i.addr_compare      id_manager.o
    0x00023e9e   0x0000000c   Code   RO         5035    i.addr_is_aligned32  nrf_fstorage.o
    0x00023eaa   0x00000018   Code   RO         5036    i.addr_within_bounds  nrf_fstorage.o
    0x00023ec2   0x0000008c   Code   RO         2811    i.address_change_value_char_add  ble_bcn.o
    0x00023f4e   0x00000036   Code   RO          728    i.advertising_buttons_configure  bsp_btn_ble.o
    0x00023f84   0x00000074   Code   RO            4    i.advertising_init  main.o
    0x00023ff8   0x00000048   Code   RO            5    i.advertising_start  main.o
    0x00024040   0x00000052   Code   RO         1431    i.ah                id_manager.o
    0x00024092   0x00000006   Code   RO          608    i.alert_timer_handler  bsp.o
    0x00024098   0x00000024   Code   RO         4138    i.app_button_enable  app_button.o
    0x000240bc   0x00000070   Code   RO         4139    i.app_button_init   app_button.o
    0x0002412c   0x00000078   Code   RO         4239    i.app_error_fault_handler  app_error_weak.o
    0x000241a4   0x00000016   Code   RO         4200    i.app_error_handler_bare  app_error.o
    0x000241ba   0x00000002   PAD
    0x000241bc   0x0000008c   Code   RO            6    i.app_shutdown_handler  main.o
    0x00024248   0x00000024   Code   RO         4335    i.app_timer_create  app_timer.o
    0x0002426c   0x00000054   Code   RO         4336    i.app_timer_init    app_timer.o
    0x000242c0   0x00000088   Code   RO         4339    i.app_timer_start   app_timer.o
    0x00024348   0x00000020   Code   RO         4340    i.app_timer_stop    app_timer.o
    0x00024368   0x00000048   Code   RO         4496    i.app_util_critical_region_enter  app_util_platform.o
    0x000243b0   0x00000034   Code   RO         4497    i.app_util_critical_region_exit  app_util_platform.o
    0x000243e4   0x000000a0   Code   RO         2479    i.auth_status_success_process  security_dispatcher.o
    0x00024484   0x00000182   Code   RO          813    i.ble_advdata_encode  ble_advdata.o
    0x00024606   0x00000068   Code   RO          814    i.ble_advdata_set   ble_advdata.o
    0x0002466e   0x00000006   Code   RO          890    i.ble_advertising_conn_cfg_tag_set  ble_advertising.o
    0x00024674   0x00000136   Code   RO          891    i.ble_advertising_init  ble_advertising.o
    0x000247aa   0x00000068   Code   RO          893    i.ble_advertising_on_ble_evt  ble_advertising.o
    0x00024812   0x00000032   Code   RO          894    i.ble_advertising_on_sys_evt  ble_advertising.o
    0x00024844   0x0000003c   Code   RO          896    i.ble_advertising_restart_without_whitelist  ble_advertising.o
    0x00024880   0x000001ca   Code   RO          897    i.ble_advertising_start  ble_advertising.o
    0x00024a4a   0x00000002   PAD
    0x00024a4c   0x00000084   Code   RO         2812    i.ble_bcn_init      ble_bcn.o
    0x00024ad0   0x00000046   Code   RO         2813    i.ble_bcn_on_ble_evt  ble_bcn.o
    0x00024b16   0x00000002   PAD
    0x00024b18   0x00000068   Code   RO          963    i.ble_conn_params_init  ble_conn_params.o
    0x00024b80   0x00000010   Code   RO         1034    i.ble_conn_state_conn_handles  ble_conn_state.o
    0x00024b90   0x00000010   Code   RO         1036    i.ble_conn_state_encrypted  ble_conn_state.o
    0x00024ba0   0x00000010   Code   RO         1038    i.ble_conn_state_mitm_protected  ble_conn_state.o
    0x00024bb0   0x00000030   Code   RO         1043    i.ble_conn_state_role  ble_conn_state.o
    0x00024be0   0x0000002c   Code   RO         1045    i.ble_conn_state_user_flag_acquire  ble_conn_state.o
    0x00024c0c   0x0000001c   Code   RO         1046    i.ble_conn_state_user_flag_collection  ble_conn_state.o
    0x00024c28   0x0000002c   Code   RO         1047    i.ble_conn_state_user_flag_get  ble_conn_state.o
    0x00024c54   0x00000030   Code   RO         1048    i.ble_conn_state_user_flag_set  ble_conn_state.o
    0x00024c84   0x00000060   Code   RO          815    i.ble_device_addr_encode  ble_advdata.o
    0x00024ce4   0x00000024   Code   RO         2954    i.ble_dfu_buttonless_async_svci_init  ble_dfu_unbonded.o
    0x00024d08   0x00000014   Code   RO         2955    i.ble_dfu_buttonless_backend_init  ble_dfu_unbonded.o
    0x00024d1c   0x0000002c   Code   RO         2879    i.ble_dfu_buttonless_bootloader_start_finalize  ble_dfu.o
    0x00024d48   0x00000018   Code   RO         2956    i.ble_dfu_buttonless_bootloader_start_prepare  ble_dfu_unbonded.o
    0x00024d60   0x000000da   Code   RO         2957    i.ble_dfu_buttonless_char_add  ble_dfu_unbonded.o
    0x00024e3a   0x00000002   PAD
    0x00024e3c   0x00000064   Code   RO         2880    i.ble_dfu_buttonless_init  ble_dfu.o
    0x00024ea0   0x000000b4   Code   RO         2881    i.ble_dfu_buttonless_on_ble_evt  ble_dfu.o
    0x00024f54   0x000000a0   Code   RO         2958    i.ble_dfu_buttonless_on_ctrl_pt_write  ble_dfu_unbonded.o
    0x00024ff4   0x0000004c   Code   RO         2959    i.ble_dfu_buttonless_on_sys_evt  ble_dfu_unbonded.o
    0x00025040   0x00000054   Code   RO         2882    i.ble_dfu_buttonless_resp_send  ble_dfu.o
    0x00025094   0x0000012c   Code   RO            8    i.ble_dfu_evt_handler  main.o
    0x000251c0   0x000000e4   Code   RO            9    i.ble_evt_handler   main.o
    0x000252a4   0x00000070   Code   RO          729    i.ble_evt_handler   bsp_btn_ble.o
    0x00025314   0x000000fc   Code   RO          965    i.ble_evt_handler   ble_conn_params.o
    0x00025410   0x0000010c   Code   RO         1050    i.ble_evt_handler   ble_conn_state.o
    0x0002551c   0x00000028   Code   RO         2117    i.ble_evt_handler   peer_manager.o
    0x00025544   0x00000008   Code   RO         1185    i.ble_srv_is_indication_enabled  ble_srv_common.o
    0x0002554c   0x00000008   Code   RO         1186    i.ble_srv_is_notification_enabled  ble_srv_common.o
    0x00025554   0x0000002a   Code   RO         2720    i.ble_tps_init      ble_tps.o
    0x0002557e   0x0000000c   Code   RO         2721    i.ble_tps_on_ble_evt  ble_tps.o
    0x0002558a   0x00000002   PAD
    0x0002558c   0x0000000c   Code   RO          489    i.bsp_board_button_idx_to_pin  boards.o
    0x00025598   0x00000020   Code   RO          490    i.bsp_board_button_state_get  boards.o
    0x000255b8   0x00000024   Code   RO          493    i.bsp_board_led_invert  boards.o
    0x000255dc   0x00000010   Code   RO          494    i.bsp_board_led_off  boards.o
    0x000255ec   0x00000010   Code   RO          495    i.bsp_board_led_on  boards.o
    0x000255fc   0x00000020   Code   RO          496    i.bsp_board_led_state_get  boards.o
    0x0002561c   0x0000002c   Code   RO          497    i.bsp_board_leds_init  boards.o
    0x00025648   0x00000012   Code   RO          498    i.bsp_board_leds_off  boards.o
    0x0002565a   0x00000012   Code   RO          499    i.bsp_board_leds_on  boards.o
    0x0002566c   0x00000024   Code   RO          500    i.bsp_board_pin_to_button_idx  boards.o
    0x00025690   0x00000038   Code   RO          730    i.bsp_btn_ble_init  bsp_btn_ble.o
    0x000256c8   0x0000001e   Code   RO          731    i.bsp_btn_ble_sleep_mode_prepare  bsp_btn_ble.o
    0x000256e6   0x00000002   PAD
    0x000256e8   0x00000090   Code   RO          609    i.bsp_button_event_handler  bsp.o
    0x00025778   0x00000004   Code   RO          610    i.bsp_button_is_pressed  bsp.o
    0x0002577c   0x0000005c   Code   RO           10    i.bsp_event_handler  main.o
    0x000257d8   0x00000044   Code   RO          613    i.bsp_event_to_button_action_assign  bsp.o
    0x0002581c   0x00000018   Code   RO          614    i.bsp_indication_set  bsp.o
    0x00025834   0x00000094   Code   RO          615    i.bsp_init          bsp.o
    0x000258c8   0x000001b8   Code   RO          616    i.bsp_led_indication  bsp.o
    0x00025a80   0x00000010   Code   RO          618    i.bsp_wakeup_button_enable  bsp.o
    0x00025a90   0x00000058   Code   RO         5829    i.buf_prealloc      nrf_log_frontend.o
    0x00025ae8   0x0000001e   Code   RO         4998    i.buffer_add        nrf_fprintf_format.o
    0x00025b06   0x00000002   PAD
    0x00025b08   0x00000014   Code   RO         5830    i.buffer_is_empty   nrf_log_frontend.o
    0x00025b1c   0x00000008   Code   RO          619    i.button_timer_handler  bsp.o
    0x00025b24   0x00000038   Code   RO           11    i.change_address    main.o
    0x00025b5c   0x0000001c   Code   RO         3220    i.channel_free      nrf_drv_gpiote.o
    0x00025b78   0x00000048   Code   RO         3221    i.channel_port_alloc  nrf_drv_gpiote.o
    0x00025bc0   0x00000010   Code   RO         3222    i.channel_port_get  nrf_drv_gpiote.o
    0x00025bd0   0x00000038   Code   RO         2027    i.claim             peer_id.o
    0x00025c08   0x00000028   Code   RO         3014    i.clock_clk_started_notify  nrf_drv_clock.o
    0x00025c30   0x000000ac   Code   RO         4342    i.compare_reg_update  app_timer.o
    0x00025cdc   0x00000088   Code   RO          816    i.conn_int_encode   ble_advdata.o
    0x00025d64   0x00000004   Code   RO           12    i.conn_params_error_handler  main.o
    0x00025d68   0x00000048   Code   RO          966    i.conn_params_negotiation  ble_conn_params.o
    0x00025db0   0x00000080   Code   RO         4591    i.delete_execute    fds.o
    0x00025e30   0x00000060   Code   RO         4141    i.detection_delay_timeout_handler  app_button.o
    0x00025e90   0x00000040   Code   RO         4343    i.elapsed_ticks_acquire  app_timer.o
    0x00025ed0   0x00000030   Code   RO         2480    i.encryption_failure  security_dispatcher.o
    0x00025f00   0x0000003c   Code   RO         5091    i.erase             nrf_fstorage_sd.o
    0x00025f3c   0x00000074   Code   RO         4592    i.event_prepare     fds.o
    0x00025fb0   0x00000020   Code   RO         4593    i.event_send        fds.o
    0x00025fd0   0x0000004e   Code   RO         5092    i.event_send        nrf_fstorage_sd.o
    0x0002601e   0x00000034   Code   RO         2594    i.events_send_from_err_code  security_manager.o
    0x00026052   0x00000002   PAD
    0x00026054   0x0000000c   Code   RO         1243    i.evt_send          gatt_cache_manager.o
    0x00026060   0x0000001c   Code   RO         1432    i.evt_send          id_manager.o
    0x0002607c   0x0000002c   Code   RO         2118    i.evt_send          peer_manager.o
    0x000260a8   0x0000001c   Code   RO         2481    i.evt_send          security_dispatcher.o
    0x000260c4   0x0000000c   Code   RO         2595    i.evt_send          security_manager.o
    0x000260d0   0x000000f8   Code   RO         1720    i.fds_evt_handler   peer_data_storage.o
    0x000261c8   0x00000048   Code   RO         4595    i.fds_file_delete   fds.o
    0x00026210   0x00000040   Code   RO         4596    i.fds_gc            fds.o
    0x00026250   0x000000b4   Code   RO         4597    i.fds_init          fds.o
    0x00026304   0x0000003c   Code   RO         4598    i.fds_record_close  fds.o
    0x00026340   0x0000000e   Code   RO         4600    i.fds_record_find   fds.o
    0x0002634e   0x00000010   Code   RO         4601    i.fds_record_find_by_key  fds.o
    0x0002635e   0x00000010   Code   RO         4602    i.fds_record_find_in_file  fds.o
    0x0002636e   0x00000010   Code   RO         4603    i.fds_record_id_from_desc  fds.o
    0x0002637e   0x00000002   PAD
    0x00026380   0x00000040   Code   RO         4605    i.fds_record_open   fds.o
    0x000263c0   0x0000000e   Code   RO         4606    i.fds_record_update  fds.o
    0x000263ce   0x00000008   Code   RO         4607    i.fds_record_write  fds.o
    0x000263d6   0x0000000c   Code   RO         4608    i.fds_record_write_reserved  fds.o
    0x000263e2   0x00000002   PAD
    0x000263e4   0x00000024   Code   RO         4609    i.fds_register      fds.o
    0x00026408   0x00000034   Code   RO         4610    i.fds_reserve       fds.o
    0x0002643c   0x00000044   Code   RO         4611    i.fds_reserve_cancel  fds.o
    0x00026480   0x00000014   Code   RO         1721    i.file_id_within_pm_range  peer_data_storage.o
    0x00026494   0x00000010   Code   RO         4613    i.flag_clear        fds.o
    0x000264a4   0x00000012   Code   RO         2482    i.flag_id_init      security_dispatcher.o
    0x000264b6   0x00000012   Code   RO         2596    i.flag_id_init      security_manager.o
    0x000264c8   0x00000010   Code   RO         4614    i.flag_set          fds.o
    0x000264d8   0x00000058   Code   RO         2597    i.flags_set_from_err_code  security_manager.o
    0x00026530   0x00000006   Code   RO         4615    i.fs_event_handler  fds.o
    0x00026536   0x00000002   PAD
    0x00026538   0x000000ac   Code   RO           13    i.fstorage_evt_handler  main.o
    0x000265e4   0x00000014   Code   RO           14    i.fstorage_init     main.o
    0x000265f8   0x0000011c   Code   RO           15    i.fstorsge_get      main.o
    0x00026714   0x00000070   Code   RO         4616    i.gc_execute        fds.o
    0x00026784   0x00000048   Code   RO         4617    i.gc_next_page      fds.o
    0x000267cc   0x0000004c   Code   RO         4618    i.gc_page_erase     fds.o
    0x00026818   0x00000034   Code   RO         4619    i.gc_record_copy    fds.o
    0x0002684c   0x00000024   Code   RO         4620    i.gc_record_find_next  fds.o
    0x00026870   0x00000080   Code   RO         4621    i.gc_state_advance  fds.o
    0x000268f0   0x000000ec   Code   RO         1244    i.gcm_ble_evt_handler  gatt_cache_manager.o
    0x000269dc   0x0000006c   Code   RO         1245    i.gcm_gscm_evt_handler  gatt_cache_manager.o
    0x00026a48   0x00000030   Code   RO         1246    i.gcm_im_evt_handler  gatt_cache_manager.o
    0x00026a78   0x00000048   Code   RO         1247    i.gcm_init          gatt_cache_manager.o
    0x00026ac0   0x00000054   Code   RO         1248    i.gcm_local_database_has_changed  gatt_cache_manager.o
    0x00026b14   0x0000000e   Code   RO         1251    i.gcm_smd_evt_handler  gatt_cache_manager.o
    0x00026b22   0x00000002   PAD
    0x00026b24   0x00000038   Code   RO         1433    i.get_connection_by_conn_handle  id_manager.o
    0x00026b5c   0x00000030   Code   RO         1434    i.get_free_connection  id_manager.o
    0x00026b8c   0x00000058   Code   RO         4142    i.gpiote_event_handler  app_button.o
    0x00026be4   0x0000001c   Code   RO         1348    i.gscm_db_change_notification_done  gatts_cache_manager.o
    0x00026c00   0x00000014   Code   RO         1349    i.gscm_init         gatts_cache_manager.o
    0x00026c14   0x0000001c   Code   RO         1350    i.gscm_local_database_has_changed  gatts_cache_manager.o
    0x00026c30   0x0000006a   Code   RO         1351    i.gscm_local_db_cache_apply  gatts_cache_manager.o
    0x00026c9a   0x00000080   Code   RO         1353    i.gscm_local_db_cache_update  gatts_cache_manager.o
    0x00026d1a   0x00000002   PAD
    0x00026d1c   0x00000054   Code   RO         1354    i.gscm_pdb_evt_handler  gatts_cache_manager.o
    0x00026d70   0x0000001a   Code   RO         1355    i.gscm_service_changed_ind_needed  gatts_cache_manager.o
    0x00026d8a   0x00000002   PAD
    0x00026d8c   0x0000002c   Code   RO         1356    i.gscm_service_changed_ind_send  gatts_cache_manager.o
    0x00026db8   0x00000016   Code   RO         4622    i.header_is_valid   fds.o
    0x00026dce   0x00000046   Code   RO         1435    i.im_address_resolve  id_manager.o
    0x00026e14   0x00000030   Code   RO         1436    i.im_ble_addr_get   id_manager.o
    0x00026e44   0x000000ae   Code   RO         1437    i.im_ble_evt_handler  id_manager.o
    0x00026ef2   0x00000002   PAD
    0x00026ef4   0x0000002c   Code   RO         1438    i.im_conn_handle_get  id_manager.o
    0x00026f20   0x00000040   Code   RO         1442    i.im_init           id_manager.o
    0x00026f60   0x00000034   Code   RO         1443    i.im_is_duplicate_bonding_data  id_manager.o
    0x00026f94   0x00000018   Code   RO         1444    i.im_master_id_is_valid  id_manager.o
    0x00026fac   0x0000002a   Code   RO         1445    i.im_master_ids_compare  id_manager.o
    0x00026fd6   0x00000004   Code   RO         1446    i.im_new_peer_id    id_manager.o
    0x00026fda   0x00000072   Code   RO         1447    i.im_pdb_evt_handler  id_manager.o
    0x0002704c   0x00000026   Code   RO         1448    i.im_peer_free      id_manager.o
    0x00027072   0x00000002   PAD
    0x00027074   0x00000020   Code   RO         1449    i.im_peer_id_get_by_conn_handle  id_manager.o
    0x00027094   0x0000003c   Code   RO         1450    i.im_peer_id_get_by_master_id  id_manager.o
    0x000270d0   0x00000034   Code   RO         5093    i.init              nrf_fstorage_sd.o
    0x00027104   0x000000c0   Code   RO         4623    i.init_execute      fds.o
    0x000271c4   0x00000014   Code   RO          967    i.instance_get      ble_conn_params.o
    0x000271d8   0x000000a6   Code   RO         4999    i.int_print         nrf_fprintf_format.o
    0x0002727e   0x00000002   PAD
    0x00027280   0x00000014   Code   RO         5094    i.is_busy           nrf_fstorage_sd.o
    0x00027294   0x00000044   Code   RO          968    i.is_conn_params_ok  ble_conn_params.o
    0x000272d8   0x00000014   Code   RO         1455    i.is_valid_irk      id_manager.o
    0x000272ec   0x0000000c   Code   RO         4624    i.is_word_aligned   fds.o
    0x000272f8   0x00000030   Code   RO          620    i.leds_off          bsp.o
    0x00027328   0x00000014   Code   RO          621    i.leds_timer_handler  bsp.o
    0x0002733c   0x00000028   Code   RO         3017    i.lfclk_stop        nrf_drv_clock.o
    0x00027364   0x00000098   Code   RO           16    i.line_advertising_init  main.o
    0x000273fc   0x00000014   Code   RO         1623    i.link_init         nrf_ble_gatt.o
    0x00027410   0x00000098   Code   RO         2598    i.link_secure       security_manager.o
    0x000274a8   0x00000086   Code   RO         2483    i.link_secure_central  security_dispatcher.o
    0x0002752e   0x000000c8   Code   RO         2484    i.link_secure_central_existing_peer  security_dispatcher.o
    0x000275f6   0x0000006c   Code   RO         2485    i.link_secure_central_new_peer  security_dispatcher.o
    0x00027662   0x00000002   PAD
    0x00027664   0x00000058   Code   RO         2486    i.link_secure_failure  security_dispatcher.o
    0x000276bc   0x0000005c   Code   RO         2599    i.link_secure_pending_process  security_manager.o
    0x00027718   0x000000f8   Code   RO         4344    i.list_insertions_handler  app_timer.o
    0x00027810   0x00000074   Code   RO         1252    i.local_db_apply_in_evt  gatt_cache_manager.o
    0x00027884   0x00000078   Code   RO         1253    i.local_db_update_in_evt  gatt_cache_manager.o
    0x000278fc   0x00000032   Code   RO         2426    i.lock_by_mask      pm_mutex.o
    0x0002792e   0x00000002   PAD
    0x00027930   0x00000090   Code   RO         5832    i.log_skip          nrf_log_frontend.o
    0x000279c0   0x000001dc   Code   RO           17    i.main              main.o
    0x00027b9c   0x0000008c   Code   RO         2814    i.major_change_value_char_add  ble_bcn.o
    0x00027c28   0x00000064   Code   RO          817    i.manuf_specific_data_encode  ble_advdata.o
    0x00027c8c   0x00000076   Code   RO         5190    i.memobj_op         nrf_memobj.o
    0x00027d02   0x0000008c   Code   RO         2815    i.minor_change_value_char_add  ble_bcn.o
    0x00027d8e   0x00000002   PAD
    0x00027d90   0x00000038   Code   RO         5833    i.module_idx_get    nrf_log_frontend.o
    0x00027dc8   0x0000009c   Code   RO          818    i.name_encode       ble_advdata.o
    0x00027e64   0x00000058   Code   RO         1456    i.new_connection    id_manager.o
    0x00027ebc   0x00000030   Code   RO         2028    i.next_id_get       peer_id.o
    0x00027eec   0x0000000c   Code   RO         5834    i.nrf_atomic_flag_clear_fetch  nrf_log_frontend.o
    0x00027ef8   0x0000000e   Code   RO         5835    i.nrf_atomic_flag_set  nrf_log_frontend.o
    0x00027f06   0x00000044   Code   RO         4914    i.nrf_balloc_alloc  nrf_balloc.o
    0x00027f4a   0x00000030   Code   RO         4915    i.nrf_balloc_free   nrf_balloc.o
    0x00027f7a   0x00000030   Code   RO         4916    i.nrf_balloc_init   nrf_balloc.o
    0x00027faa   0x00000010   Code   RO         3223    i.nrf_bitmask_bit_is_set  nrf_drv_gpiote.o
    0x00027fba   0x00000022   Code   RO         1629    i.nrf_ble_gatt_init  nrf_ble_gatt.o
    0x00027fdc   0x00000148   Code   RO         1630    i.nrf_ble_gatt_on_ble_evt  nrf_ble_gatt.o
    0x00028124   0x0000000e   Code   RO         3018    i.nrf_clock_event_check  nrf_drv_clock.o
    0x00028132   0x00000010   Code   RO         3019    i.nrf_clock_event_clear  nrf_drv_clock.o
    0x00028142   0x00000002   PAD
    0x00028144   0x0000008c   Code   RO         4345    i.nrf_delay_us      app_timer.o
    0x000281d0   0x000000c8   Code   RO         6069    i.nrf_dfu_svci_vector_table_set  nrf_dfu_svci.o
    0x00028298   0x0000009c   Code   RO         6070    i.nrf_dfu_svci_vector_table_unset  nrf_dfu_svci.o
    0x00028334   0x0000004c   Code   RO         3026    i.nrf_drv_clock_init  nrf_drv_clock.o
    0x00028380   0x0000002c   Code   RO         3030    i.nrf_drv_clock_lfclk_release  nrf_drv_clock.o
    0x000283ac   0x00000038   Code   RO         3183    i.nrf_drv_common_irq_enable  nrf_drv_common.o
    0x000283e4   0x000000a4   Code   RO         3228    i.nrf_drv_gpiote_in_event_enable  nrf_drv_gpiote.o
    0x00028488   0x000000b8   Code   RO         3229    i.nrf_drv_gpiote_in_init  nrf_drv_gpiote.o
    0x00028540   0x00000014   Code   RO         3230    i.nrf_drv_gpiote_in_is_set  nrf_drv_gpiote.o
    0x00028554   0x0000005c   Code   RO         3232    i.nrf_drv_gpiote_init  nrf_drv_gpiote.o
    0x000285b0   0x00000014   Code   RO         3233    i.nrf_drv_gpiote_is_init  nrf_drv_gpiote.o
    0x000285c4   0x000000a4   Code   RO         3696    i.nrf_drv_saadc_buffer_convert  nrf_drv_saadc.o
    0x00028668   0x00000060   Code   RO         3698    i.nrf_drv_saadc_channel_init  nrf_drv_saadc.o
    0x000286c8   0x0000008c   Code   RO         3700    i.nrf_drv_saadc_init  nrf_drv_saadc.o
    0x00028754   0x0000001a   Code   RO         4955    i.nrf_fprintf       nrf_fprintf.o
    0x0002876e   0x00000018   Code   RO         4956    i.nrf_fprintf_buffer_flush  nrf_fprintf.o
    0x00028786   0x000001da   Code   RO         5000    i.nrf_fprintf_fmt   nrf_fprintf_format.o
    0x00028960   0x0000004e   Code   RO         5037    i.nrf_fstorage_erase  nrf_fstorage.o
    0x000289ae   0x00000010   Code   RO         5038    i.nrf_fstorage_init  nrf_fstorage.o
    0x000289be   0x00000002   PAD
    0x000289c0   0x00000050   Code   RO         5039    i.nrf_fstorage_is_busy  nrf_fstorage.o
    0x00028a10   0x00000050   Code   RO         5040    i.nrf_fstorage_read  nrf_fstorage.o
    0x00028a60   0x00000020   Code   RO         5095    i.nrf_fstorage_sdh_req_handler  nrf_fstorage_sd.o
    0x00028a80   0x00000020   Code   RO         5096    i.nrf_fstorage_sdh_state_handler  nrf_fstorage_sd.o
    0x00028aa0   0x000000c8   Code   RO         5097    i.nrf_fstorage_sys_evt_handler  nrf_fstorage_sd.o
    0x00028b68   0x00000066   Code   RO         5042    i.nrf_fstorage_write  nrf_fstorage.o
    0x00028bce   0x00000024   Code   RO          502    i.nrf_gpio_cfg      boards.o
    0x00028bf2   0x00000024   Code   RO         3247    i.nrf_gpio_cfg      nrf_drv_gpiote.o
    0x00028c16   0x00000022   Code   RO          622    i.nrf_gpio_cfg_sense_set  bsp.o
    0x00028c38   0x00000022   Code   RO         3249    i.nrf_gpio_cfg_sense_set  nrf_drv_gpiote.o
    0x00028c5a   0x00000016   Code   RO          503    i.nrf_gpio_pin_write  boards.o
    0x00028c70   0x00000028   Code   RO         3250    i.nrf_gpio_ports_read  nrf_drv_gpiote.o
    0x00028c98   0x00000014   Code   RO         3251    i.nrf_gpiote_event_clear  nrf_drv_gpiote.o
    0x00028cac   0x00000010   Code   RO         3252    i.nrf_gpiote_event_is_set  nrf_drv_gpiote.o
    0x00028cbc   0x00000068   Code   RO         5836    i.nrf_log_backend_add  nrf_log_frontend.o
    0x00028d24   0x00000002   Code   RO         5635    i.nrf_log_backend_rtt_flush  nrf_log_backend_rtt.o
    0x00028d26   0x00000004   Code   RO         5636    i.nrf_log_backend_rtt_init  nrf_log_backend_rtt.o
    0x00028d2a   0x00000002   Code   RO         5637    i.nrf_log_backend_rtt_panic_set  nrf_log_backend_rtt.o
    0x00028d2c   0x00000018   Code   RO         5638    i.nrf_log_backend_rtt_put  nrf_log_backend_rtt.o
    0x00028d44   0x000000d2   Code   RO         5699    i.nrf_log_backend_serial_put  nrf_log_backend_serial.o
    0x00028e16   0x00000002   PAD
    0x00028e18   0x00000028   Code   RO         5838    i.nrf_log_color_id_get  nrf_log_frontend.o
    0x00028e40   0x0000001c   Code   RO         5795    i.nrf_log_default_backends_init  nrf_log_default_backends.o
    0x00028e5c   0x000001ac   Code   RO         5839    i.nrf_log_frontend_dequeue  nrf_log_frontend.o
    0x00029008   0x00000008   Code   RO         5841    i.nrf_log_frontend_std_0  nrf_log_frontend.o
    0x00029010   0x0000000e   Code   RO         5842    i.nrf_log_frontend_std_1  nrf_log_frontend.o
    0x0002901e   0x00000010   Code   RO         5843    i.nrf_log_frontend_std_2  nrf_log_frontend.o
    0x0002902e   0x00000012   Code   RO         5844    i.nrf_log_frontend_std_3  nrf_log_frontend.o
    0x00029040   0x00000014   Code   RO         5845    i.nrf_log_frontend_std_4  nrf_log_frontend.o
    0x00029054   0x0000001c   Code   RO         5847    i.nrf_log_frontend_std_6  nrf_log_frontend.o
    0x00029070   0x000000ac   Code   RO         6023    i.nrf_log_hexdump_entry_process  nrf_log_str_formatter.o
    0x0002911c   0x0000005c   Code   RO         5848    i.nrf_log_init      nrf_log_frontend.o
    0x00029178   0x00000014   Code   RO         5849    i.nrf_log_module_cnt_get  nrf_log_frontend.o
    0x0002918c   0x00000024   Code   RO         5850    i.nrf_log_module_filter_get  nrf_log_frontend.o
    0x000291b0   0x0000001c   Code   RO         5852    i.nrf_log_module_name_get  nrf_log_frontend.o
    0x000291cc   0x00000028   Code   RO         5853    i.nrf_log_panic     nrf_log_frontend.o
    0x000291f4   0x000000b6   Code   RO         6024    i.nrf_log_std_entry_process  nrf_log_str_formatter.o
    0x000292aa   0x00000060   Code   RO         5191    i.nrf_memobj_alloc  nrf_memobj.o
    0x0002930a   0x00000032   Code   RO         5192    i.nrf_memobj_free   nrf_memobj.o
    0x0002933c   0x0000000e   Code   RO         5193    i.nrf_memobj_get    nrf_memobj.o
    0x0002934a   0x00000004   Code   RO         5194    i.nrf_memobj_pool_init  nrf_memobj.o
    0x0002934e   0x00000022   Code   RO         5195    i.nrf_memobj_put    nrf_memobj.o
    0x00029370   0x0000000c   Code   RO         5196    i.nrf_memobj_read   nrf_memobj.o
    0x0002937c   0x0000000c   Code   RO         5197    i.nrf_memobj_write  nrf_memobj.o
    0x00029388   0x00000050   Code   RO         5279    i.nrf_pwr_mgmt_init  nrf_pwr_mgmt.o
    0x000293d8   0x00000044   Code   RO         5280    i.nrf_pwr_mgmt_run  nrf_pwr_mgmt.o
    0x0002941c   0x00000038   Code   RO         5281    i.nrf_pwr_mgmt_shutdown  nrf_pwr_mgmt.o
    0x00029454   0x00000014   Code   RO         5282    i.nrf_pwr_mgmt_timeout_handler  nrf_pwr_mgmt.o
    0x00029468   0x00000010   Code   RO         3707    i.nrf_saadc_buffer_init  nrf_drv_saadc.o
    0x00029478   0x00000068   Code   RO         4110    i.nrf_saadc_channel_init  nrf_saadc.o
    0x000294e0   0x00000014   Code   RO         3708    i.nrf_saadc_channel_input_set  nrf_drv_saadc.o
    0x000294f4   0x00000010   Code   RO         3709    i.nrf_saadc_event_check  nrf_drv_saadc.o
    0x00029504   0x00000014   Code   RO         3710    i.nrf_saadc_event_clear  nrf_drv_saadc.o
    0x00029518   0x00000014   Code   RO         6455    i.nrf_sdh_ble_app_ram_start_get  nrf_sdh_ble.o
    0x0002952c   0x00000118   Code   RO         6456    i.nrf_sdh_ble_default_cfg_set  nrf_sdh_ble.o
    0x00029644   0x000000d0   Code   RO         6457    i.nrf_sdh_ble_enable  nrf_sdh_ble.o
    0x00029714   0x00000050   Code   RO         6458    i.nrf_sdh_ble_evts_poll  nrf_sdh_ble.o
    0x00029764   0x00000040   Code   RO         6336    i.nrf_sdh_disable_request  nrf_sdh.o
    0x000297a4   0x00000058   Code   RO         6337    i.nrf_sdh_enable_request  nrf_sdh.o
    0x000297fc   0x00000024   Code   RO         6338    i.nrf_sdh_evts_poll  nrf_sdh.o
    0x00029820   0x0000000c   Code   RO         6339    i.nrf_sdh_is_enabled  nrf_sdh.o
    0x0002982c   0x0000001c   Code   RO         6341    i.nrf_sdh_request_continue  nrf_sdh.o
    0x00029848   0x0000003c   Code   RO         6505    i.nrf_sdh_soc_evts_poll  nrf_sdh_soc.o
    0x00029884   0x0000000a   Code   RO         5360    i.nrf_section_iter_init  nrf_section_iter.o
    0x0002988e   0x00000024   Code   RO         5361    i.nrf_section_iter_item_set  nrf_section_iter.o
    0x000298b2   0x00000020   Code   RO         5362    i.nrf_section_iter_next  nrf_section_iter.o
    0x000298d2   0x00000002   PAD
    0x000298d4   0x00000038   Code   RO         5395    i.nrf_strerror_find  nrf_strerror.o
    0x0002990c   0x00000014   Code   RO         5396    i.nrf_strerror_get  nrf_strerror.o
    0x00029920   0x0000000a   Code   RO         3486    i.nrf_uart_event_check  nrf_drv_uart.o
    0x0002992a   0x0000000c   Code   RO         3487    i.nrf_uart_event_clear  nrf_drv_uart.o
    0x00029936   0x0000000c   Code   RO         3488    i.nrf_uart_int_enable_check  nrf_drv_uart.o
    0x00029942   0x0000000a   Code   RO         3489    i.nrf_uarte_event_check  nrf_drv_uart.o
    0x0002994c   0x0000000c   Code   RO         3490    i.nrf_uarte_event_clear  nrf_drv_uart.o
    0x00029958   0x0000001e   Code   RO           18    i.on_adv_evt        main.o
    0x00029976   0x00000002   PAD
    0x00029978   0x00000418   Code   RO           19    i.on_bcn_evt        main.o
    0x00029d90   0x0000001c   Code   RO           20    i.on_conn_params_evt  main.o
    0x00029dac   0x0000009c   Code   RO         1631    i.on_connected_evt  nrf_ble_gatt.o
    0x00029e48   0x00000074   Code   RO         1632    i.on_exchange_mtu_request_evt  nrf_ble_gatt.o
    0x00029ebc   0x00000070   Code   RO         2883    i.on_rw_authorize_req  ble_dfu.o
    0x00029f2c   0x000000c0   Code   RO         2816    i.on_write          ble_bcn.o
    0x00029fec   0x00000034   Code   RO         4625    i.op_enqueue        fds.o
    0x0002a020   0x00000012   Code   RO         4626    i.page_offsets_update  fds.o
    0x0002a032   0x00000002   PAD
    0x0002a034   0x00000064   Code   RO         4627    i.page_scan         fds.o
    0x0002a098   0x0000001c   Code   RO         4628    i.page_tag_write_data  fds.o
    0x0002a0b4   0x00000024   Code   RO         4629    i.page_tag_write_swap  fds.o
    0x0002a0d8   0x000000f8   Code   RO         4630    i.pages_init        fds.o
    0x0002a1d0   0x0000006c   Code   RO         2487    i.pairing_failure   security_dispatcher.o
    0x0002a23c   0x0000003c   Code   RO         2600    i.params_reply_pending_process  security_manager.o
    0x0002a278   0x0000001c   Code   RO         1864    i.pdb_evt_send      peer_database.o
    0x0002a294   0x00000050   Code   RO         1865    i.pdb_init          peer_database.o
    0x0002a2e4   0x00000004   Code   RO         1867    i.pdb_next_deleted_peer_id_get  peer_database.o
    0x0002a2e8   0x00000004   Code   RO         1868    i.pdb_next_peer_id_get  peer_database.o
    0x0002a2ec   0x00000130   Code   RO         1869    i.pdb_pds_evt_handler  peer_database.o
    0x0002a41c   0x00000004   Code   RO         1870    i.pdb_peer_allocate  peer_database.o
    0x0002a420   0x00000006   Code   RO         1872    i.pdb_peer_data_ptr_get  peer_database.o
    0x0002a426   0x00000044   Code   RO         1873    i.pdb_peer_free     peer_database.o
    0x0002a46a   0x00000008   Code   RO         1874    i.pdb_raw_store     peer_database.o
    0x0002a472   0x00000002   PAD
    0x0002a474   0x00000108   Code   RO         1875    i.pdb_write_buf_get  peer_database.o
    0x0002a57c   0x00000028   Code   RO         1876    i.pdb_write_buf_release  peer_database.o
    0x0002a5a4   0x000000c4   Code   RO         1877    i.pdb_write_buf_store  peer_database.o
    0x0002a668   0x00000068   Code   RO         1878    i.pdb_write_buf_store_prepare  peer_database.o
    0x0002a6d0   0x0000000c   Code   RO         1722    i.pds_evt_send      peer_data_storage.o
    0x0002a6dc   0x0000006c   Code   RO         1723    i.pds_init          peer_data_storage.o
    0x0002a748   0x00000004   Code   RO         1724    i.pds_next_deleted_peer_id_get  peer_data_storage.o
    0x0002a74c   0x00000004   Code   RO         1725    i.pds_next_peer_id_get  peer_data_storage.o
    0x0002a750   0x00000050   Code   RO         1728    i.pds_peer_data_iterate  peer_data_storage.o
    0x0002a7a0   0x00000010   Code   RO         1729    i.pds_peer_data_iterate_prepare  peer_data_storage.o
    0x0002a7b0   0x00000068   Code   RO         1730    i.pds_peer_data_read  peer_data_storage.o
    0x0002a818   0x00000096   Code   RO         1731    i.pds_peer_data_store  peer_data_storage.o
    0x0002a8ae   0x00000008   Code   RO         1732    i.pds_peer_id_allocate  peer_data_storage.o
    0x0002a8b6   0x00000016   Code   RO         1733    i.pds_peer_id_free  peer_data_storage.o
    0x0002a8cc   0x00000004   Code   RO         1734    i.pds_peer_id_is_allocated  peer_data_storage.o
    0x0002a8d0   0x0000002e   Code   RO         1735    i.pds_space_reserve  peer_data_storage.o
    0x0002a8fe   0x00000010   Code   RO         1736    i.pds_space_reserve_cancel  peer_data_storage.o
    0x0002a90e   0x00000006   Code   RO         1879    i.peer_data_const_point_to_buffer  peer_database.o
    0x0002a914   0x00000080   Code   RO         1737    i.peer_data_delete  peer_data_storage.o
    0x0002a994   0x00000030   Code   RO         1738    i.peer_data_find    peer_data_storage.o
    0x0002a9c4   0x00000020   Code   RO         1739    i.peer_data_id_is_valid  peer_data_storage.o
    0x0002a9e4   0x0000001a   Code   RO         1880    i.peer_data_point_to_buffer  peer_database.o
    0x0002a9fe   0x00000002   PAD
    0x0002aa00   0x0000000c   Code   RO         2029    i.peer_id_allocate  peer_id.o
    0x0002aa0c   0x00000024   Code   RO         2030    i.peer_id_delete    peer_id.o
    0x0002aa30   0x0000001c   Code   RO         2031    i.peer_id_free      peer_id.o
    0x0002aa4c   0x0000000c   Code   RO         2032    i.peer_id_get_next_deleted  peer_id.o
    0x0002aa58   0x00000030   Code   RO         2033    i.peer_id_get_next_used  peer_id.o
    0x0002aa88   0x00000028   Code   RO         2034    i.peer_id_init      peer_id.o
    0x0002aab0   0x00000014   Code   RO         2035    i.peer_id_is_allocated  peer_id.o
    0x0002aac4   0x00000014   Code   RO         2036    i.peer_id_is_deleted  peer_id.o
    0x0002aad8   0x0000001c   Code   RO         1457    i.peer_id_set       id_manager.o
    0x0002aaf4   0x0000006c   Code   RO           21    i.peer_manager_init  main.o
    0x0002ab60   0x00000018   Code   RO         3253    i.pin_in_use_by_port  nrf_drv_gpiote.o
    0x0002ab78   0x00000018   Code   RO         3254    i.pin_in_use_by_te  nrf_drv_gpiote.o
    0x0002ab90   0x0000005c   Code   RO         2384    i.pm_buffer_block_acquire  pm_buffer.o
    0x0002abec   0x00000040   Code   RO         2385    i.pm_buffer_init    pm_buffer.o
    0x0002ac2c   0x00000028   Code   RO         2386    i.pm_buffer_ptr_get  pm_buffer.o
    0x0002ac54   0x0000002e   Code   RO         2387    i.pm_buffer_release  pm_buffer.o
    0x0002ac82   0x00000004   Code   RO         2120    i.pm_conn_sec_config_reply  peer_manager.o
    0x0002ac86   0x00000002   PAD
    0x0002ac88   0x00000100   Code   RO           22    i.pm_evt_handler    main.o
    0x0002ad88   0x00000088   Code   RO         2124    i.pm_gcm_evt_handler  peer_manager.o
    0x0002ae10   0x00000050   Code   RO         2127    i.pm_im_evt_handler  peer_manager.o
    0x0002ae60   0x00000064   Code   RO         2128    i.pm_init           peer_manager.o
    0x0002aec4   0x00000014   Code   RO         2130    i.pm_local_database_has_changed  peer_manager.o
    0x0002aed8   0x0000000e   Code   RO         2427    i.pm_mutex_init     pm_mutex.o
    0x0002aee6   0x0000001a   Code   RO         2428    i.pm_mutex_lock     pm_mutex.o
    0x0002af00   0x00000036   Code   RO         2429    i.pm_mutex_lock_first_available  pm_mutex.o
    0x0002af36   0x00000018   Code   RO         2430    i.pm_mutex_lock_status_get  pm_mutex.o
    0x0002af4e   0x0000003a   Code   RO         2431    i.pm_mutex_unlock   pm_mutex.o
    0x0002af88   0x00000158   Code   RO         2132    i.pm_pdb_evt_handler  peer_manager.o
    0x0002b0e0   0x00000014   Code   RO         2143    i.pm_peer_delete    peer_manager.o
    0x0002b0f4   0x00000068   Code   RO         2148    i.pm_peers_delete   peer_manager.o
    0x0002b15c   0x0000002c   Code   RO         2151    i.pm_register       peer_manager.o
    0x0002b188   0x00000014   Code   RO         2153    i.pm_sec_params_set  peer_manager.o
    0x0002b19c   0x00000160   Code   RO         2154    i.pm_sm_evt_handler  peer_manager.o
    0x0002b2fc   0x0000003c   Code   RO         6025    i.postfix_process   nrf_log_str_formatter.o
    0x0002b338   0x000000d8   Code   RO           23    i.power_timeout_handler  main.o
    0x0002b410   0x0000005c   Code   RO         6026    i.prefix_process    nrf_log_str_formatter.o
    0x0002b46c   0x00000040   Code   RO         5098    i.queue_get_next_free  nrf_fstorage_sd.o
    0x0002b4ac   0x000000a0   Code   RO         4631    i.queue_process     fds.o
    0x0002b54c   0x0000008c   Code   RO         5099    i.queue_process     nrf_fstorage_sd.o
    0x0002b5d8   0x00000020   Code   RO         4632    i.queue_start       fds.o
    0x0002b5f8   0x00000018   Code   RO         5100    i.queue_start       nrf_fstorage_sd.o
    0x0002b610   0x0000000e   Code   RO         5101    i.read              nrf_fstorage_sd.o
    0x0002b61e   0x00000002   PAD
    0x0002b620   0x00000088   Code   RO         4633    i.record_find       fds.o
    0x0002b6a8   0x0000009c   Code   RO         4634    i.record_find_by_desc  fds.o
    0x0002b744   0x0000004c   Code   RO         4635    i.record_find_next  fds.o
    0x0002b790   0x00000034   Code   RO         4636    i.record_header_flag_dirty  fds.o
    0x0002b7c4   0x00000014   Code   RO         1740    i.record_key_within_pm_range  peer_data_storage.o
    0x0002b7d8   0x00000010   Code   RO         2038    i.release           peer_id.o
    0x0002b7e8   0x0000003c   Code   RO         4346    i.rtc1_stop         app_timer.o
    0x0002b824   0x00000032   Code   RO         3492    i.rx_byte           nrf_drv_uart.o
    0x0002b856   0x00000018   Code   RO         3493    i.rx_done_event     nrf_drv_uart.o
    0x0002b86e   0x00000002   PAD
    0x0002b870   0x00000024   Code   RO           24    i.saadc_callback    main.o
    0x0002b894   0x00000034   Code   RO           25    i.saadc_init        main.o
    0x0002b8c8   0x00000040   Code   RO         6344    i.sd_nvic_DisableIRQ  nrf_sdh.o
    0x0002b908   0x00000070   Code   RO         6345    i.sd_nvic_EnableIRQ  nrf_sdh.o
    0x0002b978   0x00000054   Code   RO         3033    i.sd_state_evt_handler  nrf_drv_clock.o
    0x0002b9cc   0x00000030   Code   RO         6346    i.sdh_request_observer_notify  nrf_sdh.o
    0x0002b9fc   0x0000002c   Code   RO         6347    i.sdh_state_observer_notify  nrf_sdh.o
    0x0002ba28   0x00000044   Code   RO         5428    i.sdk_mapped_flags_bulk_update_by_key  sdk_mapped_flags.o
    0x0002ba6c   0x00000022   Code   RO         5429    i.sdk_mapped_flags_first_key_index_get  sdk_mapped_flags.o
    0x0002ba8e   0x00000010   Code   RO         5430    i.sdk_mapped_flags_get_by_index  sdk_mapped_flags.o
    0x0002ba9e   0x00000026   Code   RO         5431    i.sdk_mapped_flags_get_by_key  sdk_mapped_flags.o
    0x0002bac4   0x0000004a   Code   RO         5433    i.sdk_mapped_flags_key_list_get  sdk_mapped_flags.o
    0x0002bb0e   0x0000000e   Code   RO         5435    i.sdk_mapped_flags_update_by_key  sdk_mapped_flags.o
    0x0002bb1c   0x000000b2   Code   RO         2488    i.sec_info_request_process  security_dispatcher.o
    0x0002bbce   0x00000076   Code   RO         2601    i.sec_params_verify  security_manager.o
    0x0002bc44   0x00000054   Code   RO         2489    i.sec_proc_start    security_dispatcher.o
    0x0002bc98   0x00000020   Code   RO         2490    i.sec_start_send    security_dispatcher.o
    0x0002bcb8   0x00000010   Code   RO          969    i.send_error_evt    ble_conn_params.o
    0x0002bcc8   0x0000002a   Code   RO         5639    i.serial_tx         nrf_log_backend_rtt.o
    0x0002bcf2   0x00000002   PAD
    0x0002bcf4   0x00000058   Code   RO         1254    i.service_changed_pending_flags_check  gatt_cache_manager.o
    0x0002bd4c   0x00000044   Code   RO         1357    i.service_changed_pending_set  gatts_cache_manager.o
    0x0002bd90   0x00000094   Code   RO         1255    i.service_changed_send_in_evt  gatt_cache_manager.o
    0x0002be24   0x00000088   Code   RO          819    i.service_data_encode  ble_advdata.o
    0x0002beac   0x00000098   Code   RO           28    i.services_init     main.o
    0x0002bf44   0x0000007c   Code   RO         5283    i.shutdown_process  nrf_pwr_mgmt.o
    0x0002bfc0   0x00000018   Code   RO         2602    i.sm_ble_evt_handler  security_manager.o
    0x0002bfd8   0x00000018   Code   RO         2603    i.sm_conn_sec_config_reply  security_manager.o
    0x0002bff0   0x00000050   Code   RO         2604    i.sm_init           security_manager.o
    0x0002c040   0x00000038   Code   RO         2607    i.sm_pdb_evt_handler  security_manager.o
    0x0002c078   0x0000002c   Code   RO         2609    i.sm_sec_params_set  security_manager.o
    0x0002c0a4   0x00000078   Code   RO         2610    i.sm_smd_evt_handler  security_manager.o
    0x0002c11c   0x000000ec   Code   RO         2491    i.smd_ble_evt_handler  security_dispatcher.o
    0x0002c208   0x0000003c   Code   RO         2492    i.smd_init          security_dispatcher.o
    0x0002c244   0x00000030   Code   RO         2493    i.smd_link_secure   security_dispatcher.o
    0x0002c274   0x00000118   Code   RO         2494    i.smd_params_reply  security_dispatcher.o
    0x0002c38c   0x00000088   Code   RO         2611    i.smd_params_reply_perform  security_manager.o
    0x0002c414   0x00000034   Code   RO         2495    i.smd_pdb_evt_handler  security_dispatcher.o
    0x0002c448   0x0000000a   Code   RO         3034    i.soc_evt_handler   nrf_drv_clock.o
    0x0002c452   0x00000002   PAD
    0x0002c454   0x00000098   Code   RO         5855    i.std_n             nrf_log_frontend.o
    0x0002c4ec   0x00000080   Code   RO         4347    i.timer_list_handler  app_timer.o
    0x0002c56c   0x0000003c   Code   RO         4348    i.timer_list_insert  app_timer.o
    0x0002c5a8   0x00000060   Code   RO         4349    i.timer_list_remove  app_timer.o
    0x0002c608   0x00000048   Code   RO         4350    i.timer_stop_op_schedule  app_timer.o
    0x0002c650   0x00000074   Code   RO         4351    i.timer_timeouts_check  app_timer.o
    0x0002c6c4   0x00000020   Code   RO         3495    i.tx_byte           nrf_drv_uart.o
    0x0002c6e4   0x0000001c   Code   RO         3496    i.tx_done_event     nrf_drv_uart.o
    0x0002c700   0x0000008a   Code   RO         2723    i.tx_power_level_char_add  ble_tps.o
    0x0002c78a   0x0000011e   Code   RO         3497    i.uart_irq_handler  nrf_drv_uart.o
    0x0002c8a8   0x000000f0   Code   RO         3498    i.uarte_irq_handler  nrf_drv_uart.o
    0x0002c998   0x0000000a   Code   RO          820    i.uint16_encode     ble_advdata.o
    0x0002c9a2   0x00000004   Code   RO         5102    i.uninit            nrf_fstorage_sd.o
    0x0002c9a6   0x00000002   PAD
    0x0002c9a8   0x000000b4   Code   RO         5001    i.unsigned_print    nrf_fprintf_format.o
    0x0002ca5c   0x00000068   Code   RO          970    i.update_timeout_handler  ble_conn_params.o
    0x0002cac4   0x00000018   Code   RO         1051    i.user_flag_is_acquired  ble_conn_state.o
    0x0002cadc   0x00000030   Code   RO         4352    i.user_op_alloc     app_timer.o
    0x0002cb0c   0x0000008a   Code   RO         2817    i.uuid_change_value_char_add  ble_bcn.o
    0x0002cb96   0x00000030   Code   RO          821    i.uuid_list_encode  ble_advdata.o
    0x0002cbc6   0x0000009e   Code   RO          822    i.uuid_list_sized_encode  ble_advdata.o
    0x0002cc64   0x00000036   Code   RO         5103    i.write             nrf_fstorage_sd.o
    0x0002cc9a   0x00000024   Code   RO         1881    i.write_buf_length_words_set  peer_database.o
    0x0002ccbe   0x00000024   Code   RO         1882    i.write_buffer_record_find  peer_database.o
    0x0002cce2   0x00000002   PAD
    0x0002cce4   0x0000002c   Code   RO         1883    i.write_buffer_record_find_next  peer_database.o
    0x0002cd10   0x0000001e   Code   RO         1884    i.write_buffer_record_invalidate  peer_database.o
    0x0002cd2e   0x00000002   PAD
    0x0002cd30   0x0000002c   Code   RO         1885    i.write_buffer_record_release  peer_database.o
    0x0002cd5c   0x000000e8   Code   RO         4637    i.write_enqueue     fds.o
    0x0002ce44   0x000000f4   Code   RO         4638    i.write_execute     fds.o
    0x0002cf38   0x00000014   Code   RO         4639    i.write_space_free  fds.o
    0x0002cf4c   0x00000054   Code   RO         4640    i.write_space_reserve  fds.o
    0x0002cfa0   0x00000021   Data   RO           32    .constdata          main.o
    0x0002cfc1   0x00000008   Data   RO          504    .constdata          boards.o
    0x0002cfc9   0x00000003   PAD
    0x0002cfcc   0x0000002c   Data   RO          627    .constdata          bsp.o
    0x0002cff8   0x00000004   Data   RO         1358    .constdata          gatts_cache_manager.o
    0x0002cffc   0x00000010   Data   RO         1359    .constdata          gatts_cache_manager.o
    0x0002d00c   0x00000004   Data   RO         1360    .constdata          gatts_cache_manager.o
    0x0002d010   0x00000008   Data   RO         1460    .constdata          id_manager.o
    0x0002d018   0x00000016   Data   RO         1633    .constdata          nrf_ble_gatt.o
    0x0002d02e   0x00000002   PAD
    0x0002d030   0x00000004   Data   RO         1741    .constdata          peer_data_storage.o
    0x0002d034   0x00000014   Data   RO         1887    .constdata          peer_database.o
    0x0002d048   0x00000044   Data   RO         2497    .constdata          security_dispatcher.o
    0x0002d08c   0x00000004   Data   RO         2612    .constdata          security_manager.o
    0x0002d090   0x00000010   Data   RO         2818    .constdata          ble_bcn.o
    0x0002d0a0   0x00000010   Data   RO         2885    .constdata          ble_dfu.o
    0x0002d0b0   0x00000004   Data   RO         3256    .constdata          nrf_drv_gpiote.o
    0x0002d0b4   0x00000004   Data   RO         3713    .constdata          nrf_drv_saadc.o
    0x0002d0b8   0x00000008   Data   RO         4144    .constdata          app_button.o
    0x0002d0c0   0x00000014   Data   RO         4642    .constdata          fds.o
    0x0002d0d4   0x00000010   Data   RO         5002    .constdata          nrf_fprintf_format.o
    0x0002d0e4   0x00000008   Data   RO         5105    .constdata          nrf_fstorage_sd.o
    0x0002d0ec   0x00000018   Data   RO         5106    .constdata          nrf_fstorage_sd.o
    0x0002d104   0x00000018   Data   RO         5286    .constdata          nrf_pwr_mgmt.o
    0x0002d11c   0x00000010   Data   RO         5287    .constdata          nrf_pwr_mgmt.o
    0x0002d12c   0x00000104   Data   RO         5397    .constdata          nrf_strerror.o
    0x0002d230   0x0000000c   Data   RO         5641    .constdata          nrf_log_backend_rtt.o
    0x0002d23c   0x00000014   Data   RO         5858    .constdata          nrf_log_frontend.o
    0x0002d250   0x00000010   Data   RO         6348    .constdata          nrf_sdh.o
    0x0002d260   0x00000028   Data   RO         6349    .constdata          nrf_sdh.o
    0x0002d288   0x00000010   Data   RO         6350    .constdata          nrf_sdh.o
    0x0002d298   0x00000010   Data   RO         6351    .constdata          nrf_sdh.o
    0x0002d2a8   0x00000018   Data   RO         6459    .constdata          nrf_sdh_ble.o
    0x0002d2c0   0x00000018   Data   RO         6460    .constdata          nrf_sdh_ble.o
    0x0002d2d8   0x00000010   Data   RO         6506    .constdata          nrf_sdh_soc.o
    0x0002d2e8   0x0000000c   Data   RO         6507    .constdata          nrf_sdh_soc.o
    0x0002d2f4   0x00000081   Data   RO         6583    .constdata          mc_w.l(ctype_o.o)
    0x0002d375   0x00000003   PAD
    0x0002d378   0x00000004   Data   RO         6584    .constdata          mc_w.l(ctype_o.o)
    0x0002d37c   0x00000041   Data   RO           33    .conststring        main.o
    0x0002d3bd   0x00000003   PAD
    0x0002d3c0   0x0000012d   Data   RO         1634    .conststring        nrf_ble_gatt.o
    0x0002d4ed   0x00000003   PAD
    0x0002d4f0   0x00000307   Data   RO         5398    .conststring        nrf_strerror.o
    0x0002d7f7   0x00000001   PAD
    0x0002d7f8   0x00000066   Data   RO         6027    .conststring        nrf_log_str_formatter.o
    0x0002d85e   0x00000002   PAD
    0x0002d860   0x00000188   Data   RO         6461    .conststring        nrf_sdh_ble.o
    0x0002d9e8   0x00000009   Data   RO         1635    .conststrlit        nrf_ble_gatt.o
    0x0002d9f1   0x00000003   PAD
    0x0002d9f4   0x00000006   Data   RO         3040    .conststrlit        nrf_drv_clock.o
    0x0002d9fa   0x00000002   PAD
    0x0002d9fc   0x00000007   Data   RO         3260    .conststrlit        nrf_drv_gpiote.o
    0x0002da03   0x00000001   PAD
    0x0002da04   0x00000005   Data   RO         3500    .conststrlit        nrf_drv_uart.o
    0x0002da09   0x00000003   PAD
    0x0002da0c   0x00000006   Data   RO         3721    .conststrlit        nrf_drv_saadc.o
    0x0002da12   0x00000002   PAD
    0x0002da14   0x00000004   Data   RO         3869    .conststrlit        nrf_drv_ppi.o
    0x0002da18   0x00000006   Data   RO         4009    .conststrlit        nrf_drv_timer.o
    0x0002da1e   0x00000002   PAD
    0x0002da20   0x00000007   Data   RO         4917    .conststrlit        nrf_balloc.o
    0x0002da27   0x00000001   PAD
    0x0002da28   0x00000009   Data   RO         5288    .conststrlit        nrf_pwr_mgmt.o
    0x0002da31   0x00000003   PAD
    0x0002da34   0x00000004   Data   RO         5860    .conststrlit        nrf_log_frontend.o
    0x0002da38   0x00000008   Data   RO         6352    .conststrlit        nrf_sdh.o
    0x0002da40   0x0000000c   Data   RO         6462    .conststrlit        nrf_sdh_ble.o
    0x0002da4c   0x0000000c   Data   RO         6508    .conststrlit        nrf_sdh_soc.o
    0x0002da58   0x00000020   Data   RO         6642    Region$$Table       anon$$obj.o
    0x0002da78   0x00000008   Data   RO         1636    log_const_data      nrf_ble_gatt.o
    0x0002da80   0x00000008   Data   RO         3041    log_const_data      nrf_drv_clock.o
    0x0002da88   0x00000008   Data   RO         3261    log_const_data      nrf_drv_gpiote.o
    0x0002da90   0x00000008   Data   RO         3501    log_const_data      nrf_drv_uart.o
    0x0002da98   0x00000008   Data   RO         3722    log_const_data      nrf_drv_saadc.o
    0x0002daa0   0x00000008   Data   RO         3871    log_const_data      nrf_drv_ppi.o
    0x0002daa8   0x00000008   Data   RO         4010    log_const_data      nrf_drv_timer.o
    0x0002dab0   0x00000008   Data   RO         4918    log_const_data      nrf_balloc.o
    0x0002dab8   0x00000008   Data   RO         5290    log_const_data      nrf_pwr_mgmt.o
    0x0002dac0   0x00000008   Data   RO         5864    log_const_data      nrf_log_frontend.o
    0x0002dac8   0x00000008   Data   RO         6354    log_const_data      nrf_sdh.o
    0x0002dad0   0x00000008   Data   RO         6463    log_const_data      nrf_sdh_ble.o
    0x0002dad8   0x00000008   Data   RO         6509    log_const_data      nrf_sdh_soc.o
    0x0002dae0   0x00000004   Data   RO           36    pwr_mgmt_data0      main.o
    0x0002dae4   0x00000008   Data   RO         1053    sdh_ble_observers0  ble_conn_state.o
    0x0002daec   0x00000008   Data   RO           37    sdh_ble_observers1  main.o
    0x0002daf4   0x00000008   Data   RO          733    sdh_ble_observers1  bsp_btn_ble.o
    0x0002dafc   0x00000020   Data   RO           38    sdh_ble_observers2  main.o
    0x0002db1c   0x00000008   Data   RO          973    sdh_ble_observers2  ble_conn_params.o
    0x0002db24   0x00000008   Data   RO         2160    sdh_ble_observers2  peer_manager.o
    0x0002db2c   0x00000008   Data   RO         2886    sdh_ble_observers2  ble_dfu.o
    0x0002db34   0x00000008   Data   RO         5108    sdh_req_observers0  nrf_fstorage_sd.o
    0x0002db3c   0x00000008   Data   RO         3043    sdh_soc_observers0  nrf_drv_clock.o
    0x0002db44   0x00000008   Data   RO         5109    sdh_soc_observers0  nrf_fstorage_sd.o
    0x0002db4c   0x00000008   Data   RO           39    sdh_soc_observers1  main.o
    0x0002db54   0x00000008   Data   RO         2962    sdh_soc_observers1  ble_dfu_unbonded.o
    0x0002db5c   0x00000008   Data   RO         6465    sdh_stack_observers0  nrf_sdh_ble.o
    0x0002db64   0x00000008   Data   RO         6511    sdh_stack_observers0  nrf_sdh_soc.o
    0x0002db6c   0x00000008   Data   RO         3044    sdh_state_observers0  nrf_drv_clock.o
    0x0002db74   0x00000008   Data   RO         5110    sdh_state_observers0  nrf_fstorage_sd.o


    Execution Region RW_IRAM1 (Base: 0x20002110, Size: 0x000035e0, Max: 0x0000def0, ABSOLUTE, COMPRESSED[0x0000008c])

    Base Addr    Size         Type   Attr      Idx    E Section Name        Object

    0x20002110   0x0000004f   Data   RW           34    .data               main.o
    0x2000215f   0x00000001   PAD
    0x20002160   0x00000010   Data   RW          628    .data               bsp.o
    0x20002170   0x00000008   Data   RW          732    .data               bsp_btn_ble.o
    0x20002178   0x00000008   Data   RW          972    .data               ble_conn_params.o
    0x20002180   0x0000000c   Data   RW         1256    .data               gatt_cache_manager.o
    0x2000218c   0x0000000c   Data   RW         1361    .data               gatts_cache_manager.o
    0x20002198   0x00000003   Data   RW         1461    .data               id_manager.o
    0x2000219b   0x00000001   PAD
    0x2000219c   0x0000000c   Data   RW         1742    .data               peer_data_storage.o
    0x200021a8   0x00000008   Data   RW         1888    .data               peer_database.o
    0x200021b0   0x00000010   Data   RW         2159    .data               peer_manager.o
    0x200021c0   0x00000004   Data   RW         2498    .data               security_dispatcher.o
    0x200021c4   0x00000015   Data   RW         2613    .data               security_manager.o
    0x200021d9   0x00000003   PAD
    0x200021dc   0x00000004   Data   RW         2961    .data               ble_dfu_unbonded.o
    0x200021e0   0x00000014   Data   RW         4145    .data               app_button.o
    0x200021f4   0x00000014   Data   RW         4354    .data               app_timer.o
    0x20002208   0x00000018   Data   RW         4643    .data               fds.o
    0x20002220   0x00000008   Data   RW         5107    .data               nrf_fstorage_sd.o
    0x20002228   0x00000008   Data   RW         5289    .data               nrf_pwr_mgmt.o
    0x20002230   0x0000000c   Data   RW         5796    .data               nrf_log_default_backends.o
    0x2000223c   0x00000008   Data   RW         5862    .data               nrf_log_frontend.o
    0x20002244   0x00000008   Data   RW         5863    .data               nrf_log_frontend.o
    0x2000224c   0x00000038   Data   RW         6028    .data               nrf_log_str_formatter.o
    0x20002284   0x00000003   Data   RW         6353    .data               nrf_sdh.o
    0x20002287   0x00000001   PAD
    0x20002288   0x00000004   Data   RW         6546    .data               system_nrf52.o
    0x2000228c   0x00000014   Data   RW           35    fs_data             main.o
    0x200022a0   0x00000014   Data   RW         4644    fs_data             fds.o
    0x200022b4   0x0000000c   Data   RW         1637    log_dynamic_data    nrf_ble_gatt.o
    0x200022c0   0x0000000c   Data   RW         3042    log_dynamic_data    nrf_drv_clock.o
    0x200022cc   0x0000000c   Data   RW         3262    log_dynamic_data    nrf_drv_gpiote.o
    0x200022d8   0x0000000c   Data   RW         3502    log_dynamic_data    nrf_drv_uart.o
    0x200022e4   0x0000000c   Data   RW         3723    log_dynamic_data    nrf_drv_saadc.o
    0x200022f0   0x0000000c   Data   RW         3872    log_dynamic_data    nrf_drv_ppi.o
    0x200022fc   0x0000000c   Data   RW         4011    log_dynamic_data    nrf_drv_timer.o
    0x20002308   0x0000000c   Data   RW         4919    log_dynamic_data    nrf_balloc.o
    0x20002314   0x0000000c   Data   RW         5291    log_dynamic_data    nrf_pwr_mgmt.o
    0x20002320   0x0000000c   Data   RW         5865    log_dynamic_data    nrf_log_frontend.o
    0x2000232c   0x0000000c   Data   RW         6355    log_dynamic_data    nrf_sdh.o
    0x20002338   0x0000000c   Data   RW         6464    log_dynamic_data    nrf_sdh_ble.o
    0x20002344   0x0000000c   Data   RW         6510    log_dynamic_data    nrf_sdh_soc.o
    0x20002350   0x0000018c   Zero   RW           30    .bss                main.o
    0x200024dc   0x00000020   Zero   RW           31    .bss                main.o
    0x200024fc   0x00000020   Zero   RW          623    .bss                bsp.o
    0x2000251c   0x00000020   Zero   RW          624    .bss                bsp.o
    0x2000253c   0x0000000c   Zero   RW          625    .bss                bsp.o
    0x20002548   0x00000020   Zero   RW          626    .bss                bsp.o
    0x20002568   0x00000050   Zero   RW          971    .bss                ble_conn_params.o
    0x200025b8   0x000000b8   Zero   RW         1052    .bss                ble_conn_state.o
    0x20002670   0x00000100   Zero   RW         1459    .bss                id_manager.o
    0x20002770   0x00000330   Zero   RW         1886    .bss                peer_database.o
    0x20002aa0   0x00000040   Zero   RW         2039    .bss                peer_id.o
    0x20002ae0   0x0000000c   Zero   RW         2157    .bss                peer_manager.o
    0x20002aec   0x00000040   Zero   RW         2496    .bss                security_dispatcher.o
    0x20002b2c   0x0000001c   Zero   RW         2884    .bss                ble_dfu.o
    0x20002b48   0x00000028   Zero   RW         2960    .bss                ble_dfu_unbonded.o
    0x20002b70   0x00000014   Zero   RW         3035    .bss                nrf_drv_clock.o
    0x20002b84   0x00000058   Zero   RW         3255    .bss                nrf_drv_gpiote.o
    0x20002bdc   0x00000020   Zero   RW         3499    .bss                nrf_drv_uart.o
    0x20002bfc   0x00000030   Zero   RW         3712    .bss                nrf_drv_saadc.o
    0x20002c2c   0x0000000c   Zero   RW         4007    .bss                nrf_drv_timer.o
    0x20002c38   0x00000020   Zero   RW         4143    .bss                app_button.o
    0x20002c58   0x0000010c   Zero   RW         4353    .bss                app_timer.o
    0x20002d64   0x0000000c   Zero   RW         4502    .bss                app_util_platform.o
    0x20002d70   0x000000c4   Zero   RW         4641    .bss                fds.o
    0x20002e34   0x000000e8   Zero   RW         5104    .bss                nrf_fstorage_sd.o
    0x20002f1c   0x00000020   Zero   RW         5284    .bss                nrf_pwr_mgmt.o
    0x20002f3c   0x0000000c   Zero   RW         5285    .bss                nrf_pwr_mgmt.o
    0x20002f48   0x00000040   Zero   RW         5640    .bss                nrf_log_backend_rtt.o
    0x20002f88   0x000000c0   Zero   RW         5856    .bss                nrf_log_frontend.o
    0x20003048   0x00000420   Zero   RW         5857    .bss                nrf_log_frontend.o
    0x20003468   0x00000288   Zero   RW         6130    .bss                segger_rtt.o
    0x200036f0   0x00002000   Zero   RW         6534    STACK               arm_startup_nrf52.o


==============================================================================

Image component sizes


      Code (inc. data)   RO Data    RW Data    ZI Data      Debug   Object Name

       332         34          8         20         32      10146   app_button.o
        22          0          0          0          0       2241   app_error.o
       120         40          0          0          0      27385   app_error_weak.o
         0          0          0          0          0      20704   app_scheduler.o
      1630        122          0         20        268      47631   app_timer.o
       124         14          0          0         12       9454   app_util_platform.o
        36          8        512          0       8192        924   arm_startup_nrf52.o
      1330          0          0          0          0      36351   ble_advdata.o
       988          6          0          0          0       8676   ble_advertising.o
       952          6         16          0          0      15544   ble_bcn.o
       636         44          8          8         80       9255   ble_conn_params.o
       552         52          8          0        184      10141   ble_conn_state.o
       520         64         24          0         28       9564   ble_dfu.o
       534         34          8          4         40       7482   ble_dfu_unbonded.o
        16          0          0          0          0       2170   ble_srv_common.o
       192          0          0          0          0       3316   ble_tps.o
       318         42          8          0          0      13356   boards.o
       960         84         44         16        108      15395   bsp.o
       252         10          8          8          0       4788   bsp_btn_ble.o
      3382        326         20         44        196      44910   fds.o
      1046         52          0         12          0      16144   gatt_cache_manager.o
       532         36         24         12          0       9595   gatts_cache_manager.o
      1154         56          8          3        256      20673   id_manager.o
      4038       1130        150         99        428     207124   main.o
       164          0         15         12          0       3913   nrf_balloc.o
       654         44        340         12          0      39140   nrf_ble_gatt.o
       356        232          0          0          0       1626   nrf_dfu_svci.o
       412         40         30         12         20      41079   nrf_drv_clock.o
        56          0          0          0          0      29291   nrf_drv_common.o
      1178         84         19         12         88      28742   nrf_drv_gpiote.o
         0          0         12         12          0       5316   nrf_drv_ppi.o
       800         60         18         12         48      17440   nrf_drv_saadc.o
        76          8         14         12         12      12314   nrf_drv_timer.o
       744          8         13         12         32      24526   nrf_drv_uart.o
        50          0          0          0          0       3521   nrf_fprintf.o
       850          4         16          0          0       5470   nrf_fprintf_format.o
       392         10          0          0          0       7044   nrf_fstorage.o
       774         60         56          8        232      12731   nrf_fstorage_sd.o
        74          8         12          0         64       5521   nrf_log_backend_rtt.o
       210          0          0          0          0      10239   nrf_log_backend_serial.o
        28          6          0         12          0       3178   nrf_log_default_backends.o
      1532         94         32         28       1248      35058   nrf_log_frontend.o
       506         66        102         56          0       5584   nrf_log_str_formatter.o
       494          0          0          0          0      13111   nrf_memobj.o
       502         50         57         20         44      42707   nrf_pwr_mgmt.o
       104          4          0          0          0       6661   nrf_saadc.o
       536         60        104         15          0      48080   nrf_sdh.o
       588        156        468         12          0       5762   nrf_sdh_ble.o
        60          4         56         12          0       2568   nrf_sdh_soc.o
        78          0          0          0          0       2772   nrf_section_iter.o
        76         10       1035          0          0       2727   nrf_strerror.o
      1070         42          4         12          0      17620   peer_data_storage.o
      1332         66         20          8        816      23643   peer_database.o
       336         38          0          0         64       9087   peer_id.o
      1308        102          8         16         12      13720   peer_manager.o
       242          0          0          0          0       4455   pm_buffer.o
       226          0          0          0          0       5357   pm_mutex.o
       244          0          0          0          0       6336   sdk_mapped_flags.o
      1862         64         68          4         64      21092   security_dispatcher.o
      1076         74          4         21          0      17056   security_manager.o
       378         34          0          0        648       8949   segger_rtt.o
       764         64          0          4          0       2947   system_nrf52.o

    ----------------------------------------------------------------------
     39878       3652       3412        576      13216    1099352   Object Totals
         0          0         32          0          0          0   (incl. Generated)
        80          0         31          6          0          0   (incl. Padding)

    ----------------------------------------------------------------------

      Code (inc. data)   RO Data    RW Data    ZI Data      Debug   Library Member Name

        86          0          0          0          0          0   __dczerorl2.o
         8          4        133          0          0         68   ctype_o.o
         0          0          0          0          0          0   entry.o
         0          0          0          0          0          0   entry10a.o
         0          0          0          0          0          0   entry11a.o
         8          4          0          0          0          0   entry2.o
         4          0          0          0          0          0   entry5.o
         0          0          0          0          0          0   entry7b.o
         0          0          0          0          0          0   entry8b.o
         8          4          0          0          0          0   entry9a.o
        30          0          0          0          0          0   handlers.o
        36          8          0          0          0         68   init.o
        30          0          0          0          0         68   llshl.o
        32          0          0          0          0         68   llushr.o
        26          0          0          0          0         80   memcmp.o
        36          0          0          0          0         68   memcpya.o
        36          0          0          0          0        108   memseta.o
        18          0          0          0          0         68   strcpy.o
        14          0          0          0          0         68   strlen.o
        98          0          0          0          0         92   uldiv.o

    ----------------------------------------------------------------------
       474         20        136          0          0        756   Library Totals
         4          0          3          0          0          0   (incl. Padding)

    ----------------------------------------------------------------------

      Code (inc. data)   RO Data    RW Data    ZI Data      Debug   Library Name

       470         20        133          0          0        756   mc_w.l

    ----------------------------------------------------------------------
       474         20        136          0          0        756   Library Totals

    ----------------------------------------------------------------------

==============================================================================


      Code (inc. data)   RO Data    RW Data    ZI Data      Debug   

     40352       3672       3548        576      13216    1051332   Grand Totals
     40352       3672       3548        140      13216    1051332   ELF Image Totals (compressed)
     40352       3672       3548        140          0          0   ROM Totals

==============================================================================

    Total RO  Size (Code + RO Data)                43900 (  42.87kB)
    Total RW  Size (RW Data + ZI Data)             13792 (  13.47kB)
    Total ROM Size (Code + RO Data + RW Data)      44040 (  43.01kB)

==============================================================================

