<html>
<body>
<pre>
<h1>µVision Build Log</h1>
<h2>Tool Versions:</h2>
IDE-Version: £gVision V5.20.0.0
Copyright (C) 2016 ARM Ltd and ARM Germany GmbH. All rights reserved.
License Information: QI-KUN HUANG, NKFUST, LIC=9N0X7-EIMXA-D1GPR-K5RWH-Y4SU7-CKSRA
 
Tool Versions:
Toolchain:       MDK-ARM Professional  Version: 5.20
Toolchain Path:  E:\Keil_v5\ARM\ARMCC\Bin
C Compiler:      Armcc.exe V5.06 update 2 (build 183)
Assembler:       Armasm.exe V5.06 update 2 (build 183)
Linker/Locator:  ArmLink.exe V5.06 update 2 (build 183)
Library Manager: ArmAr.exe V5.06 update 2 (build 183)
Hex Converter:   FromElf.exe V5.06 update 2 (build 183)
CPU DLL:         
Dialog DLL:      
Target DLL:      Segger\JL2CM3.dll V2.99.20.0
Dialog DLL:      TCM.DLL V1.14.9.0
 
<h2>Project:</h2>
C:\Users\C217-1\Desktop\nRF5_SDK_14.0.0_3bcc1f7\examples\customer\school_beacon_lora\pca10040\s132\arm5_no_packs\ble_app_buttonless_dfu_pca10040_s132.uvprojx
Project File Date:  01/15/2018

<h2>Output:</h2>
*** Using Compiler 'V5.06 update 2 (build 183)', folder: 'E:\Keil_v5\ARM\ARMCC\Bin'
Build target 'nrf52832_xxaa'
compiling main.c...
..\..\..\main.c(660): warning:  #177-D: variable "n_rssi" was declared but never referenced
      uint8_t  n_rssi = 0;
..\..\..\main.c(1085): warning:  #177-D: function "sleep_mode_enter" was declared but never referenced
  static void sleep_mode_enter(void)
..\..\..\main.c: 2 warnings, 0 errors
linking...
Program Size: Code=44688 RO-data=3604 RW-data=620 ZI-data=13620  
FromELF: creating hex file...
".\_build\nrf52832_xxaa.axf" - 0 Error(s), 2 Warning(s).

<h2>Software Packages used:</h2>

Package Vendor: ARM
                http://www.keil.com/pack/ARM.CMSIS.4.5.0.pack
                ARM::CMSIS:CORE:4.3.0
                CMSIS (Cortex Microcontroller Software Interface Standard)
   * Component: CORE Version: 4.3.0

Package Vendor: NordicSemiconductor
                http://developer.nordicsemi.com/nRF5_SDK/pieces/nRF_DeviceFamilyPack/NordicSemiconductor.nRF_DeviceFamilyPack.8.14.1.pack
                NordicSemiconductor::Device:Startup:8.14.1
                Nordic Semiconductor nRF ARM devices Device Family Pack.
   * Component: Startup Version: 8.14.1

<h2>Collection of Component include folders:</h2>
  C:\Users\C217-1\Desktop\nRF5_SDK_14.0.0_3bcc1f7\examples\customer\school_beacon_lora\pca10040\s132\arm5_no_packs\RTE
  E:\Keil_v5\ARM\PACK\ARM\CMSIS\4.5.0\CMSIS\Include
  E:\Keil_v5\ARM\PACK\NordicSemiconductor\nRF_DeviceFamilyPack\8.14.1\Device\Include

<h2>Collection of Component Files used:</h2>

   * Component: ARM::CMSIS:CORE:4.3.0

   * Component: NordicSemiconductor::Device:Startup:8.14.1
      Source file:   Device\Source\arm\arm_startup_nrf52.s
      Source file:   Device\Source\system_nrf52.c
      Include file:  Device\Include\system_nrf52.h
Build Time Elapsed:  00:00:05
</pre>
</body>
</html>
