Component: ARM Compiler 5.06 update 2 (build 183) Tool: armlink [4d35b7]

==============================================================================

Section Cross References

    main.o(i.advertising_init) refers to memseta.o(.text) for __aeabi_memclr4
    main.o(i.advertising_init) refers to ble_advertising.o(i.ble_advertising_init) for ble_advertising_init
    main.o(i.advertising_init) refers to app_error.o(i.app_error_handler_bare) for app_error_handler_bare
    main.o(i.advertising_init) refers to ble_advertising.o(i.ble_advertising_conn_cfg_tag_set) for ble_advertising_conn_cfg_tag_set
    main.o(i.advertising_init) refers to main.o(.data) for .data
    main.o(i.advertising_init) refers to main.o(i.on_adv_evt) for on_adv_evt
    main.o(i.advertising_init) refers to main.o(.bss) for .bss
    main.o(i.advertising_start) refers to nrf_log_frontend.o(i.nrf_log_frontend_std_0) for nrf_log_frontend_std_0
    main.o(i.advertising_start) refers to peer_manager.o(i.pm_peers_delete) for pm_peers_delete
    main.o(i.advertising_start) refers to ble_advertising.o(i.ble_advertising_start) for ble_advertising_start
    main.o(i.advertising_start) refers to app_error.o(i.app_error_handler_bare) for app_error_handler_bare
    main.o(i.advertising_start) refers to nrf_log_frontend.o(log_dynamic_data) for m_nrf_log_app_logs_data_dynamic
    main.o(i.advertising_start) refers to main.o(.bss) for .bss
    main.o(i.app_shutdown_handler) refers to nrf_log_frontend.o(i.nrf_log_frontend_std_0) for nrf_log_frontend_std_0
    main.o(i.app_shutdown_handler) refers to nrf_log_frontend.o(log_dynamic_data) for m_nrf_log_app_logs_data_dynamic
    main.o(i.assert_nrf_callback) refers to app_error.o(i.app_error_handler) for app_error_handler
    main.o(i.ble_dfu_evt_handler) refers to nrf_log_frontend.o(i.nrf_log_frontend_std_0) for nrf_log_frontend_std_0
    main.o(i.ble_dfu_evt_handler) refers to nrf_log_frontend.o(log_dynamic_data) for m_nrf_log_app_logs_data_dynamic
    main.o(i.ble_evt_handler) refers to bsp.o(i.bsp_indication_set) for bsp_indication_set
    main.o(i.ble_evt_handler) refers to app_error.o(i.app_error_handler_bare) for app_error_handler_bare
    main.o(i.ble_evt_handler) refers to main.o(i.change_address) for change_address
    main.o(i.ble_evt_handler) refers to main.o(i.advertising_init) for advertising_init
    main.o(i.ble_evt_handler) refers to ble_advertising.o(i.ble_advertising_start) for ble_advertising_start
    main.o(i.ble_evt_handler) refers to ble_tps.o(i.ble_tps_tx_power_level_set) for ble_tps_tx_power_level_set
    main.o(i.ble_evt_handler) refers to memcpya.o(.text) for __aeabi_memcpy
    main.o(i.ble_evt_handler) refers to main.o(.data) for .data
    main.o(i.ble_evt_handler) refers to main.o(.bss) for .bss
    main.o(i.bsp_event_handler) refers to ble_advertising.o(i.ble_advertising_restart_without_whitelist) for ble_advertising_restart_without_whitelist
    main.o(i.bsp_event_handler) refers to app_error.o(i.app_error_handler_bare) for app_error_handler_bare
    main.o(i.bsp_event_handler) refers to main.o(.data) for .data
    main.o(i.bsp_event_handler) refers to main.o(.bss) for .bss
    main.o(i.change_address) refers to app_error.o(i.app_error_handler_bare) for app_error_handler_bare
    main.o(i.change_address) refers to main.o(.data) for .data
    main.o(i.conn_params_error_handler) refers to app_error.o(i.app_error_handler_bare) for app_error_handler_bare
    main.o(i.fstorage_evt_handler) refers to nrf_log_frontend.o(i.nrf_log_frontend_std_0) for nrf_log_frontend_std_0
    main.o(i.fstorage_evt_handler) refers to nrf_log_frontend.o(i.nrf_log_frontend_std_2) for nrf_log_frontend_std_2
    main.o(i.fstorage_evt_handler) refers to nrf_log_frontend.o(log_dynamic_data) for m_nrf_log_app_logs_data_dynamic
    main.o(i.fstorage_evt_handler) refers to main.o(.conststring) for .conststring
    main.o(i.fstorage_init) refers to nrf_fstorage.o(i.nrf_fstorage_init) for nrf_fstorage_init
    main.o(i.fstorage_init) refers to nrf_fstorage_sd.o(.constdata) for nrf_fstorage_sd
    main.o(i.fstorage_init) refers to main.o(fs_data) for fs_data
    main.o(i.fstorsge_get) refers to nrf_log_frontend.o(i.nrf_log_frontend_std_1) for nrf_log_frontend_std_1
    main.o(i.fstorsge_get) refers to nrf_log_frontend.o(i.nrf_log_frontend_std_6) for nrf_log_frontend_std_6
    main.o(i.fstorsge_get) refers to main.o(.data) for .data
    main.o(i.fstorsge_get) refers to nrf_log_frontend.o(log_dynamic_data) for m_nrf_log_app_logs_data_dynamic
    main.o(i.main) refers to main.o(i.nrf_gpio_cfg_output) for nrf_gpio_cfg_output
    main.o(i.main) refers to nrf_log_frontend.o(i.nrf_log_init) for nrf_log_init
    main.o(i.main) refers to app_error.o(i.app_error_handler_bare) for app_error_handler_bare
    main.o(i.main) refers to nrf_log_default_backends.o(i.nrf_log_default_backends_init) for nrf_log_default_backends_init
    main.o(i.main) refers to main.o(i.uart_init) for uart_init
[...]
    nrf_sdh_enable_request                   0x0002a369   Thumb Code    74  nrf_sdh.o(i.nrf_sdh_enable_request)
    nrf_sdh_evts_poll                        0x0002a3c1   Thumb Code    32  nrf_sdh.o(i.nrf_sdh_evts_poll)
    nrf_sdh_is_enabled                       0x0002a3e5   Thumb Code     6  nrf_sdh.o(i.nrf_sdh_is_enabled)
    nrf_sdh_request_continue                 0x0002a3f1   Thumb Code    22  nrf_sdh.o(i.nrf_sdh_request_continue)
    nrf_section_iter_init                    0x0002a449   Thumb Code    10  nrf_section_iter.o(i.nrf_section_iter_init)
    nrf_section_iter_next                    0x0002a477   Thumb Code    32  nrf_section_iter.o(i.nrf_section_iter_next)
    nrf_strerror_find                        0x0002a499   Thumb Code    52  nrf_strerror.o(i.nrf_strerror_find)
    nrf_strerror_get                         0x0002a4d1   Thumb Code    14  nrf_strerror.o(i.nrf_strerror_get)
    pdb_init                                 0x0002afa9   Thumb Code    66  peer_database.o(i.pdb_init)
    pdb_next_deleted_peer_id_get             0x0002aff9   Thumb Code     4  peer_database.o(i.pdb_next_deleted_peer_id_get)
    pdb_next_peer_id_get                     0x0002affd   Thumb Code     4  peer_database.o(i.pdb_next_peer_id_get)
    pdb_pds_evt_handler                      0x0002b001   Thumb Code   294  peer_database.o(i.pdb_pds_evt_handler)
    pdb_peer_allocate                        0x0002b131   Thumb Code     4  peer_database.o(i.pdb_peer_allocate)
    pdb_peer_data_ptr_get                    0x0002b135   Thumb Code     6  peer_database.o(i.pdb_peer_data_ptr_get)
    pdb_peer_free                            0x0002b13b   Thumb Code    68  peer_database.o(i.pdb_peer_free)
    pdb_raw_store                            0x0002b17f   Thumb Code     8  peer_database.o(i.pdb_raw_store)
    pdb_write_buf_get                        0x0002b189   Thumb Code   260  peer_database.o(i.pdb_write_buf_get)
    pdb_write_buf_release                    0x0002b291   Thumb Code    40  peer_database.o(i.pdb_write_buf_release)
    pdb_write_buf_store                      0x0002b2b9   Thumb Code   188  peer_database.o(i.pdb_write_buf_store)
    pdb_write_buf_store_prepare              0x0002b37d   Thumb Code    98  peer_database.o(i.pdb_write_buf_store_prepare)
    pds_init                                 0x0002b3f1   Thumb Code    98  peer_data_storage.o(i.pds_init)
    pds_next_deleted_peer_id_get             0x0002b45d   Thumb Code     4  peer_data_storage.o(i.pds_next_deleted_peer_id_get)
    pds_next_peer_id_get                     0x0002b461   Thumb Code     4  peer_data_storage.o(i.pds_next_peer_id_get)
    pds_peer_data_iterate                    0x0002b465   Thumb Code    74  peer_data_storage.o(i.pds_peer_data_iterate)
    pds_peer_data_iterate_prepare            0x0002b4b5   Thumb Code    10  peer_data_storage.o(i.pds_peer_data_iterate_prepare)
    pds_peer_data_read                       0x0002b4c5   Thumb Code   104  peer_data_storage.o(i.pds_peer_data_read)
    pds_peer_data_store                      0x0002b52d   Thumb Code   150  peer_data_storage.o(i.pds_peer_data_store)
    pds_peer_id_allocate                     0x0002b5c3   Thumb Code     8  peer_data_storage.o(i.pds_peer_id_allocate)
    pds_peer_id_free                         0x0002b5cb   Thumb Code    22  peer_data_storage.o(i.pds_peer_id_free)
    pds_peer_id_is_allocated                 0x0002b5e1   Thumb Code     4  peer_data_storage.o(i.pds_peer_id_is_allocated)
    pds_space_reserve                        0x0002b5e5   Thumb Code    46  peer_data_storage.o(i.pds_space_reserve)
    pds_space_reserve_cancel                 0x0002b613   Thumb Code    16  peer_data_storage.o(i.pds_space_reserve_cancel)
    peer_id_allocate                         0x0002b715   Thumb Code     6  peer_id.o(i.peer_id_allocate)
    peer_id_delete                           0x0002b721   Thumb Code    32  peer_id.o(i.peer_id_delete)
    peer_id_free                             0x0002b745   Thumb Code    24  peer_id.o(i.peer_id_free)
    peer_id_get_next_deleted                 0x0002b761   Thumb Code     6  peer_id.o(i.peer_id_get_next_deleted)
    peer_id_get_next_used                    0x0002b76d   Thumb Code    42  peer_id.o(i.peer_id_get_next_used)
    peer_id_init                             0x0002b79d   Thumb Code    36  peer_id.o(i.peer_id_init)
    peer_id_is_allocated                     0x0002b7c5   Thumb Code    16  peer_id.o(i.peer_id_is_allocated)
    peer_id_is_deleted                       0x0002b7d9   Thumb Code    16  peer_id.o(i.peer_id_is_deleted)
    pm_buffer_block_acquire                  0x0002b91d   Thumb Code    92  pm_buffer.o(i.pm_buffer_block_acquire)
    pm_buffer_init                           0x0002b979   Thumb Code    64  pm_buffer.o(i.pm_buffer_init)
    pm_buffer_ptr_get                        0x0002b9b9   Thumb Code    40  pm_buffer.o(i.pm_buffer_ptr_get)
    pm_buffer_release                        0x0002b9e1   Thumb Code    46  pm_buffer.o(i.pm_buffer_release)
    pm_conn_sec_config_reply                 0x0002ba0f   Thumb Code     4  peer_manager.o(i.pm_conn_sec_config_reply)
    pm_gcm_evt_handler                       0x0002bb15   Thumb Code   136  peer_manager.o(i.pm_gcm_evt_handler)
    pm_im_evt_handler                        0x0002bb9d   Thumb Code    74  peer_manager.o(i.pm_im_evt_handler)
    pm_init                                  0x0002bbed   Thumb Code    96  peer_manager.o(i.pm_init)
    pm_local_database_has_changed            0x0002bc51   Thumb Code    14  peer_manager.o(i.pm_local_database_has_changed)
    pm_mutex_init                            0x0002bc65   Thumb Code    14  pm_mutex.o(i.pm_mutex_init)
    pm_mutex_lock                            0x0002bc73   Thumb Code    26  pm_mutex.o(i.pm_mutex_lock)
    pm_mutex_lock_first_available            0x0002bc8d   Thumb Code    54  pm_mutex.o(i.pm_mutex_lock_first_available)
    pm_mutex_lock_status_get                 0x0002bcc3   Thumb Code    24  pm_mutex.o(i.pm_mutex_lock_status_get)
    pm_mutex_unlock                          0x0002bcdb   Thumb Code    58  pm_mutex.o(i.pm_mutex_unlock)
    pm_pdb_evt_handler                       0x0002bd15   Thumb Code   338  peer_manager.o(i.pm_pdb_evt_handler)
    pm_peer_delete                           0x0002be6d   Thumb Code    14  peer_manager.o(i.pm_peer_delete)
    pm_peers_delete                          0x0002be81   Thumb Code    98  peer_manager.o(i.pm_peers_delete)
    pm_register                              0x0002bee9   Thumb Code    34  peer_manager.o(i.pm_register)
    pm_sec_params_set                        0x0002bf15   Thumb Code    14  peer_manager.o(i.pm_sec_params_set)
    pm_sm_evt_handler                        0x0002bf29   Thumb Code   346  peer_manager.o(i.pm_sm_evt_handler)
    saadc_callback                           0x0002c7ad   Thumb Code    32  main.o(i.saadc_callback)
    saadc_init                               0x0002c7d1   Thumb Code    42  main.o(i.saadc_init)
    sdk_mapped_flags_bulk_update_by_key      0x0002c965   Thumb Code    68  sdk_mapped_flags.o(i.sdk_mapped_flags_bulk_update_by_key)
    sdk_mapped_flags_first_key_index_get     0x0002c9a9   Thumb Code    34  sdk_mapped_flags.o(i.sdk_mapped_flags_first_key_index_get)
    sdk_mapped_flags_get_by_key              0x0002c9db   Thumb Code    38  sdk_mapped_flags.o(i.sdk_mapped_flags_get_by_key)
    sdk_mapped_flags_key_list_get            0x0002ca01   Thumb Code    74  sdk_mapped_flags.o(i.sdk_mapped_flags_key_list_get)
    sdk_mapped_flags_update_by_key           0x0002ca4b   Thumb Code    14  sdk_mapped_flags.o(i.sdk_mapped_flags_update_by_key)
    sm_ble_evt_handler                       0x0002cefd   Thumb Code    18  security_manager.o(i.sm_ble_evt_handler)
    sm_conn_sec_config_reply                 0x0002cf15   Thumb Code    18  security_manager.o(i.sm_conn_sec_config_reply)
    sm_init                                  0x0002cf2d   Thumb Code    76  security_manager.o(i.sm_init)
    sm_pdb_evt_handler                       0x0002cf7d   Thumb Code    52  security_manager.o(i.sm_pdb_evt_handler)
    sm_sec_params_set                        0x0002cfb5   Thumb Code    38  security_manager.o(i.sm_sec_params_set)
    sm_smd_evt_handler                       0x0002cfe1   Thumb Code   116  security_manager.o(i.sm_smd_evt_handler)
    smd_ble_evt_handler                      0x0002d059   Thumb Code   226  security_dispatcher.o(i.smd_ble_evt_handler)
    smd_init                                 0x0002d145   Thumb Code    56  security_dispatcher.o(i.smd_init)
    smd_link_secure                          0x0002d181   Thumb Code    48  security_dispatcher.o(i.smd_link_secure)
    smd_params_reply                         0x0002d1b1   Thumb Code   276  security_dispatcher.o(i.smd_params_reply)
    smd_pdb_evt_handler                      0x0002d351   Thumb Code    48  security_dispatcher.o(i.smd_pdb_evt_handler)
    uart_event_handle                        0x0002d755   Thumb Code    56  main.o(i.uart_event_handle)
    nrf_fstorage_sd                          0x0002e1f4   Data          24  nrf_fstorage_sd.o(.constdata)
    nrf_log_backend_rtt_api                  0x0002e358   Data          12  nrf_log_backend_rtt.o(.constdata)
    m_ram_start                              0x0002e3ec   Data           4  nrf_sdh_ble.o(.constdata)
    __ctype_table                            0x0002e41c   Data         129  ctype_o.o(.constdata)
    Region$$Table$$Base                      0x0002eb80   Number         0  anon$$obj.o(Region$$Table)
    Region$$Table$$Limit                     0x0002eba0   Number         0  anon$$obj.o(Region$$Table)
    log_const_data$$Base                     0x0002eba0   Number         0  nrf_ble_gatt.o(log_const_data)
    m_nrf_log_ble_gatt_logs_data_const       0x0002eba0   Data           8  nrf_ble_gatt.o(log_const_data)
    m_nrf_log_clock_logs_data_const          0x0002eba8   Data           8  nrf_drv_clock.o(log_const_data)
    m_nrf_log_gpiote_logs_data_const         0x0002ebb0   Data           8  nrf_drv_gpiote.o(log_const_data)
    m_nrf_log_uart_logs_data_const           0x0002ebb8   Data           8  nrf_drv_uart.o(log_const_data)
    m_nrf_log_saadc_logs_data_const          0x0002ebc0   Data           8  nrf_drv_saadc.o(log_const_data)
    m_nrf_log_ppi_logs_data_const            0x0002ebc8   Data           8  nrf_drv_ppi.o(log_const_data)
    m_nrf_log_timer_logs_data_const          0x0002ebd0   Data           8  nrf_drv_timer.o(log_const_data)
    m_nrf_log_balloc_logs_data_const         0x0002ebd8   Data           8  nrf_balloc.o(log_const_data)
    m_nrf_log_pwr_mgmt_logs_data_const       0x0002ebe0   Data           8  nrf_pwr_mgmt.o(log_const_data)
    m_nrf_log_app_logs_data_const            0x0002ebe8   Data           8  nrf_log_frontend.o(log_const_data)
    m_nrf_log_nrf_sdh_logs_data_const        0x0002ebf0   Data           8  nrf_sdh.o(log_const_data)
    m_nrf_log_nrf_sdh_ble_logs_data_const    0x0002ebf8   Data           8  nrf_sdh_ble.o(log_const_data)
    m_nrf_log_nrf_sdh_soc_logs_data_const    0x0002ec00   Data           8  nrf_sdh_soc.o(log_const_data)
    log_const_data$$Limit                    0x0002ec08   Number         0  nrf_sdh_soc.o(log_const_data)
    pwr_mgmt_data0$$Base                     0x0002ec08   Number         0  main.o(pwr_mgmt_data0)
    pwr_mgmt_data0$$Limit                    0x0002ec0c   Number         0  main.o(pwr_mgmt_data0)
    sdh_ble_observers0$$Base                 0x0002ec0c   Number         0  ble_conn_state.o(sdh_ble_observers0)
    sdh_ble_observers0$$Limit                0x0002ec14   Number         0  ble_conn_state.o(sdh_ble_observers0)
    sdh_ble_observers1$$Base                 0x0002ec14   Number         0  main.o(sdh_ble_observers1)
    sdh_ble_observers1$$Limit                0x0002ec24   Number         0  bsp_btn_ble.o(sdh_ble_observers1)
    sdh_ble_observers2$$Base                 0x0002ec24   Number         0  main.o(sdh_ble_observers2)
    m_req_obs                                0x0002ec5c   Data           8  nrf_fstorage_sd.o(sdh_req_observers0)
    sdh_ble_observers2$$Limit                0x0002ec5c   Number         0  ble_dfu.o(sdh_ble_observers2)
    sdh_req_observers0$$Base                 0x0002ec5c   Number         0  nrf_fstorage_sd.o(sdh_req_observers0)
    sdh_req_observers0$$Limit                0x0002ec64   Number         0  nrf_fstorage_sd.o(sdh_req_observers0)
    sdh_soc_observers0$$Base                 0x0002ec64   Number         0  nrf_drv_clock.o(sdh_soc_observers0)
    sdh_soc_observers0$$Limit                0x0002ec74   Number         0  nrf_fstorage_sd.o(sdh_soc_observers0)
    sdh_soc_observers1$$Base                 0x0002ec74   Number         0  main.o(sdh_soc_observers1)
    sdh_soc_observers1$$Limit                0x0002ec84   Number         0  ble_dfu_unbonded.o(sdh_soc_observers1)
    sdh_stack_observers0$$Base               0x0002ec84   Number         0  nrf_sdh_ble.o(sdh_stack_observers0)
    sdh_stack_observers0$$Limit              0x0002ec94   Number         0  nrf_sdh_soc.o(sdh_stack_observers0)
    sdh_state_observers0$$Base               0x0002ec94   Number         0  nrf_drv_clock.o(sdh_state_observers0)
    sdh_state_observers0$$Limit              0x0002eca4   Number         0  nrf_fstorage_sd.o(sdh_state_observers0)
    Image$$RW_IRAM1$$Base                    0x20002110   Number         0  anon$$obj.o ABSOLUTE
    mp_dfu                                   0x200021f8   Data           4  ble_dfu_unbonded.o(.data)
    SystemCoreClock                          0x200022b4   Data           4  system_nrf52.o(.data)
    fs_data$$Base                            0x200022b8   Number         0  main.o(fs_data)
    fstorage                                 0x200022b8   Data          20  main.o(fs_data)
    m_fs                                     0x200022cc   Data          20  fds.o(fs_data)
    fs_data$$Limit                           0x200022e0   Number         0  fds.o(fs_data)
    log_dynamic_data$$Base                   0x200022e0   Number         0  nrf_ble_gatt.o(log_dynamic_data)
    m_nrf_log_ble_gatt_logs_data_dynamic     0x200022e0   Data          12  nrf_ble_gatt.o(log_dynamic_data)
    m_nrf_log_clock_logs_data_dynamic        0x200022ec   Data          12  nrf_drv_clock.o(log_dynamic_data)
    m_nrf_log_gpiote_logs_data_dynamic       0x200022f8   Data          12  nrf_drv_gpiote.o(log_dynamic_data)
    m_nrf_log_uart_logs_data_dynamic         0x20002304   Data          12  nrf_drv_uart.o(log_dynamic_data)
    m_nrf_log_saadc_logs_data_dynamic        0x20002310   Data          12  nrf_drv_saadc.o(log_dynamic_data)
    m_nrf_log_ppi_logs_data_dynamic          0x2000231c   Data          12  nrf_drv_ppi.o(log_dynamic_data)
    m_nrf_log_timer_logs_data_dynamic        0x20002328   Data          12  nrf_drv_timer.o(log_dynamic_data)
    m_nrf_log_balloc_logs_data_dynamic       0x20002334   Data          12  nrf_balloc.o(log_dynamic_data)
    m_nrf_log_pwr_mgmt_logs_data_dynamic     0x20002340   Data          12  nrf_pwr_mgmt.o(log_dynamic_data)
    m_nrf_log_app_logs_data_dynamic          0x2000234c   Data          12  nrf_log_frontend.o(log_dynamic_data)
    m_nrf_log_nrf_sdh_logs_data_dynamic      0x20002358   Data          12  nrf_sdh.o(log_dynamic_data)
    m_nrf_log_nrf_sdh_ble_logs_data_dynamic  0x20002364   Data          12  nrf_sdh_ble.o(log_dynamic_data)
    m_nrf_log_nrf_sdh_soc_logs_data_dynamic  0x20002370   Data          12  nrf_sdh_soc.o(log_dynamic_data)
    nrf_nvic_state                           0x20002f70   Data          12  app_util_platform.o(.bss)
    _SEGGER_RTT                              0x20003624   Data         120  segger_rtt.o(.bss)
    __initial_sp                             0x200058b0   Data           0  arm_startup_nrf52.o(STACK)



==============================================================================

Memory Map of the image

  Image Entry point : 0x00023201

  Load Region LR_IROM1 (Base: 0x00023000, Size: 0x0000bf10, Max: 0x00050000, ABSOLUTE, COMPRESSED[0x0000bd28])

    Execution Region ER_IROM1 (Base: 0x00023000, Size: 0x0000bca4, Max: 0x00050000, ABSOLUTE)

    Base Addr    Size         Type   Attr      Idx    E Section Name        Object

    0x00023000   0x00000200   Data   RO         6557    RESET               arm_startup_nrf52.o
    0x00023200   0x00000000   Code   RO         6598  * .ARM.Collect$$$$00000000  mc_w.l(entry.o)
    0x00023200   0x00000004   Code   RO         6904    .ARM.Collect$$$$00000001  mc_w.l(entry2.o)
    0x00023204   0x00000004   Code   RO         6907    .ARM.Collect$$$$00000004  mc_w.l(entry5.o)
    0x00023208   0x00000000   Code   RO         6909    .ARM.Collect$$$$00000008  mc_w.l(entry7b.o)
    0x00023208   0x00000000   Code   RO         6911    .ARM.Collect$$$$0000000A  mc_w.l(entry8b.o)
    0x00023208   0x00000008   Code   RO         6912    .ARM.Collect$$$$0000000B  mc_w.l(entry9a.o)
    0x00023210   0x00000000   Code   RO         6914    .ARM.Collect$$$$0000000D  mc_w.l(entry10a.o)
    0x00023210   0x00000000   Code   RO         6916    .ARM.Collect$$$$0000000F  mc_w.l(entry11a.o)
    0x00023210   0x00000004   Code   RO         6905    .ARM.Collect$$$$00002712  mc_w.l(entry2.o)
    0x00023214   0x0000009a   Code   RO         5222    .emb_text           nrf_memobj.o
    0x000232ae   0x00000002   PAD
    0x000232b0   0x0000009a   Code   RO         5310    .emb_text           nrf_pwr_mgmt.o
    0x0002334a   0x00000002   PAD
    0x0002334c   0x0000009a   Code   RO         5849    .emb_text           nrf_log_frontend.o
    0x000233e6   0x00000002   PAD
    0x000233e8   0x00000024   Code   RO         6558    .text               arm_startup_nrf52.o
    0x0002340c   0x00000062   Code   RO         6601    .text               mc_w.l(uldiv.o)
    0x0002346e   0x00000002   PAD
    0x00023470   0x00000008   Code   RO         6603    .text               mc_w.l(ctype_o.o)
    0x00023478   0x00000024   Code   RO         6631    .text               mc_w.l(memcpya.o)
    0x0002349c   0x00000024   Code   RO         6633    .text               mc_w.l(memseta.o)
    0x000234c0   0x0000000e   Code   RO         6635    .text               mc_w.l(strlen.o)
    0x000234ce   0x0000001a   Code   RO         6637    .text               mc_w.l(memcmp.o)
    0x000234e8   0x00000012   Code   RO         6639    .text               mc_w.l(strcpy.o)
    0x000234fa   0x0000002c   Code   RO         6921    .text               mc_w.l(uidiv.o)
    0x00023526   0x0000001e   Code   RO         6923    .text               mc_w.l(llshl.o)
    0x00023544   0x00000020   Code   RO         6925    .text               mc_w.l(llushr.o)
    0x00023564   0x00000024   Code   RO         6938    .text               mc_w.l(init.o)
    0x00023588   0x00000056   Code   RO         6954    .text               mc_w.l(__dczerorl2.o)
    0x000235de   0x00000002   PAD
    0x000235e0   0x00000174   Code   RO         3252    i.GPIOTE_IRQHandler  nrf_drv_gpiote.o
    0x00023754   0x00000016   Code   RO         4360    i.NVIC_ClearPendingIRQ  app_timer.o
    0x0002376a   0x00000016   Code   RO         4361    i.NVIC_EnableIRQ    app_timer.o
    0x00023780   0x00000016   Code   RO         4362    i.NVIC_SetPendingIRQ  app_timer.o
    0x00023796   0x00000020   Code   RO         4363    i.NVIC_SetPriority  app_timer.o
    0x000237b6   0x00000002   PAD
    0x000237b8   0x00000058   Code   RO         3046    i.POWER_CLOCK_IRQHandler  nrf_drv_clock.o
    0x00023810   0x00000024   Code   RO         4364    i.RTC1_IRQHandler   app_timer.o
    0x00023834   0x00000148   Code   RO         3727    i.SAADC_IRQHandler  nrf_drv_saadc.o
    0x0002397c   0x00000004   Code   RO         6131    i.SEGGER_RTT_Init   segger_rtt.o
    0x00023980   0x0000005c   Code   RO         6142    i.SEGGER_RTT_WriteNoLock  segger_rtt.o
    0x000239dc   0x00000004   Code   RO         4365    i.SWI0_EGU0_IRQHandler  app_timer.o
    0x000239e0   0x00000004   Code   RO         6355    i.SWI2_EGU2_IRQHandler  nrf_sdh.o
    0x000239e4   0x000002fc   Code   RO         6566    i.SystemInit        system_nrf52.o
    0x00023ce0   0x0000004c   Code   RO         4026    i.TIMER3_IRQHandler  nrf_drv_timer.o
    0x00023d2c   0x0000001c   Code   RO         3496    i.UARTE0_UART0_IRQHandler  nrf_drv_uart.o
    0x00023d48   0x00000068   Code   RO         6146    i._DoInit           segger_rtt.o
    0x00023db0   0x00000016   Code   RO         6147    i._GetAvailWriteSpace  segger_rtt.o
    0x00023dc6   0x0000005a   Code   RO         6149    i._WriteBlocking    segger_rtt.o
    0x00023e20   0x00000042   Code   RO         6150    i._WriteNoCheck     segger_rtt.o
    0x00023e62   0x00000002   PAD
    0x00023e64   0x00000028   Code   RO         6799    i.__0snprintf$6     mc_w.l(printf6.o)
    0x00023e8c   0x0000000e   Code   RO         6948    i.__scatterload_copy  mc_w.l(handlers.o)
    0x00023e9a   0x00000002   Code   RO         6949    i.__scatterload_null  mc_w.l(handlers.o)
    0x00023e9c   0x0000000e   Code   RO         6950    i.__scatterload_zeroinit  mc_w.l(handlers.o)
    0x00023eaa   0x00000002   PAD
    0x00023eac   0x00000024   Code   RO         6356    i.__sd_nvic_app_accessible_irq  nrf_sdh.o
    0x00023ed0   0x000002f0   Code   RO         6805    i._printf_core      mc_w.l(printf6.o)
    0x000241c0   0x00000024   Code   RO         6806    i._printf_post_padding  mc_w.l(printf6.o)
    0x000241e4   0x0000002e   Code   RO         6807    i._printf_pre_padding  mc_w.l(printf6.o)
    0x00024212   0x00000016   Code   RO         6808    i._snputc           mc_w.l(printf6.o)
    0x00024228   0x0000008c   Code   RO         2842    i.ad_interval_change_value_char_add  ble_bcn.o
    0x000242b4   0x00000026   Code   RO         1461    i.addr_compare      id_manager.o
    0x000242da   0x0000000c   Code   RO         5068    i.addr_is_aligned32  nrf_fstorage.o
    0x000242e6   0x00000018   Code   RO         5069    i.addr_within_bounds  nrf_fstorage.o
    0x000242fe   0x0000008c   Code   RO         2843    i.address_change_value_char_add  ble_bcn.o
    0x0002438a   0x00000036   Code   RO          753    i.advertising_buttons_configure  bsp_btn_ble.o
    0x000243c0   0x0000007c   Code   RO            4    i.advertising_init  main.o
    0x0002443c   0x00000048   Code   RO            5    i.advertising_start  main.o
    0x00024484   0x00000052   Code   RO         1462    i.ah                id_manager.o
    0x000244d6   0x00000006   Code   RO          633    i.alert_timer_handler  bsp.o
    0x000244dc   0x00000024   Code   RO         4171    i.app_button_enable  app_button.o
    0x00024500   0x00000070   Code   RO         4172    i.app_button_init   app_button.o
    0x00024570   0x00000078   Code   RO         4272    i.app_error_fault_handler  app_error_weak.o
    0x000245e8   0x00000016   Code   RO         4233    i.app_error_handler_bare  app_error.o
    0x000245fe   0x00000016   Code   RO         5587    i.app_fifo_get      app_fifo.o
    0x00024614   0x00000020   Code   RO         5588    i.app_fifo_init     app_fifo.o
    0x00024634   0x0000001a   Code   RO         5590    i.app_fifo_put      app_fifo.o
    0x0002464e   0x00000002   PAD
    0x00024650   0x0000008c   Code   RO            6    i.app_shutdown_handler  main.o
    0x000246dc   0x00000024   Code   RO         4368    i.app_timer_create  app_timer.o
    0x00024700   0x00000054   Code   RO         4369    i.app_timer_init    app_timer.o
    0x00024754   0x00000088   Code   RO         4372    i.app_timer_start   app_timer.o
    0x000247dc   0x00000020   Code   RO         4373    i.app_timer_stop    app_timer.o
    0x000247fc   0x00000010   Code   RO         5526    i.app_uart_close    app_uart_fifo.o
    0x0002480c   0x00000034   Code   RO         5528    i.app_uart_get      app_uart_fifo.o
    0x00024840   0x000000b4   Code   RO         5529    i.app_uart_init     app_uart_fifo.o
    0x000248f4   0x0000003c   Code   RO         5530    i.app_uart_put      app_uart_fifo.o
    0x00024930   0x00000048   Code   RO         4529    i.app_util_critical_region_enter  app_util_platform.o
    0x00024978   0x00000034   Code   RO         4530    i.app_util_critical_region_exit  app_util_platform.o
    0x000249ac   0x000000b8   Code   RO         3497    i.apply_config      nrf_drv_uart.o
    0x00024a64   0x000000a0   Code   RO         2510    i.auth_status_success_process  security_dispatcher.o
    0x00024b04   0x00000182   Code   RO          844    i.ble_advdata_encode  ble_advdata.o
    0x00024c86   0x00000068   Code   RO          845    i.ble_advdata_set   ble_advdata.o
    0x00024cee   0x00000006   Code   RO          921    i.ble_advertising_conn_cfg_tag_set  ble_advertising.o
    0x00024cf4   0x00000136   Code   RO          922    i.ble_advertising_init  ble_advertising.o
    0x00024e2a   0x00000068   Code   RO          924    i.ble_advertising_on_ble_evt  ble_advertising.o
    0x00024e92   0x00000032   Code   RO          925    i.ble_advertising_on_sys_evt  ble_advertising.o
    0x00024ec4   0x0000003c   Code   RO          927    i.ble_advertising_restart_without_whitelist  ble_advertising.o
    0x00024f00   0x000001ca   Code   RO          928    i.ble_advertising_start  ble_advertising.o
    0x000250ca   0x00000002   PAD
    0x000250cc   0x00000090   Code   RO         2844    i.ble_bcn_init      ble_bcn.o
    0x0002515c   0x00000046   Code   RO         2845    i.ble_bcn_on_ble_evt  ble_bcn.o
    0x000251a2   0x00000002   PAD
    0x000251a4   0x00000068   Code   RO          994    i.ble_conn_params_init  ble_conn_params.o
    0x0002520c   0x00000010   Code   RO         1065    i.ble_conn_state_conn_handles  ble_conn_state.o
    0x0002521c   0x00000010   Code   RO         1067    i.ble_conn_state_encrypted  ble_conn_state.o
    0x0002522c   0x00000010   Code   RO         1069    i.ble_conn_state_mitm_protected  ble_conn_state.o
    0x0002523c   0x00000030   Code   RO         1074    i.ble_conn_state_role  ble_conn_state.o
    0x0002526c   0x0000002c   Code   RO         1076    i.ble_conn_state_user_flag_acquire  ble_conn_state.o
    0x00025298   0x0000001c   Code   RO         1077    i.ble_conn_state_user_flag_collection  ble_conn_state.o
    0x000252b4   0x0000002c   Code   RO         1078    i.ble_conn_state_user_flag_get  ble_conn_state.o
    0x000252e0   0x00000030   Code   RO         1079    i.ble_conn_state_user_flag_set  ble_conn_state.o
    0x00025310   0x00000060   Code   RO          846    i.ble_device_addr_encode  ble_advdata.o
    0x00025370   0x00000024   Code   RO         2987    i.ble_dfu_buttonless_async_svci_init  ble_dfu_unbonded.o
    0x00025394   0x00000014   Code   RO         2988    i.ble_dfu_buttonless_backend_init  ble_dfu_unbonded.o
    0x000253a8   0x0000002c   Code   RO         2912    i.ble_dfu_buttonless_bootloader_start_finalize  ble_dfu.o
    0x000253d4   0x00000018   Code   RO         2989    i.ble_dfu_buttonless_bootloader_start_prepare  ble_dfu_unbonded.o
    0x000253ec   0x000000da   Code   RO         2990    i.ble_dfu_buttonless_char_add  ble_dfu_unbonded.o
    0x000254c6   0x00000002   PAD
    0x000254c8   0x00000064   Code   RO         2913    i.ble_dfu_buttonless_init  ble_dfu.o
    0x0002552c   0x000000b4   Code   RO         2914    i.ble_dfu_buttonless_on_ble_evt  ble_dfu.o
    0x000255e0   0x000000a0   Code   RO         2991    i.ble_dfu_buttonless_on_ctrl_pt_write  ble_dfu_unbonded.o
    0x00025680   0x0000004c   Code   RO         2992    i.ble_dfu_buttonless_on_sys_evt  ble_dfu_unbonded.o
    0x000256cc   0x00000054   Code   RO         2915    i.ble_dfu_buttonless_resp_send  ble_dfu.o
    0x00025720   0x0000012c   Code   RO            8    i.ble_dfu_evt_handler  main.o
    0x0002584c   0x000000f4   Code   RO            9    i.ble_evt_handler   main.o
    0x00025940   0x00000070   Code   RO          754    i.ble_evt_handler   bsp_btn_ble.o
    0x000259b0   0x000000fc   Code   RO          996    i.ble_evt_handler   ble_conn_params.o
    0x00025aac   0x0000010c   Code   RO         1081    i.ble_evt_handler   ble_conn_state.o
    0x00025bb8   0x00000028   Code   RO         2148    i.ble_evt_handler   peer_manager.o
    0x00025be0   0x00000008   Code   RO         1216    i.ble_srv_is_indication_enabled  ble_srv_common.o
    0x00025be8   0x00000008   Code   RO         1217    i.ble_srv_is_notification_enabled  ble_srv_common.o
    0x00025bf0   0x0000002a   Code   RO         2751    i.ble_tps_init      ble_tps.o
    0x00025c1a   0x0000000c   Code   RO         2752    i.ble_tps_on_ble_evt  ble_tps.o
    0x00025c26   0x00000022   Code   RO         2753    i.ble_tps_tx_power_level_set  ble_tps.o
    0x00025c48   0x00000020   Code   RO          515    i.bsp_board_button_state_get  boards.o
    0x00025c68   0x00000024   Code   RO          518    i.bsp_board_led_invert  boards.o
    0x00025c8c   0x00000010   Code   RO          519    i.bsp_board_led_off  boards.o
    0x00025c9c   0x00000010   Code   RO          520    i.bsp_board_led_on  boards.o
    0x00025cac   0x00000020   Code   RO          521    i.bsp_board_led_state_get  boards.o
    0x00025ccc   0x0000002c   Code   RO          522    i.bsp_board_leds_init  boards.o
    0x00025cf8   0x00000012   Code   RO          523    i.bsp_board_leds_off  boards.o
    0x00025d0a   0x00000012   Code   RO          524    i.bsp_board_leds_on  boards.o
    0x00025d1c   0x00000024   Code   RO          525    i.bsp_board_pin_to_button_idx  boards.o
    0x00025d40   0x00000038   Code   RO          755    i.bsp_btn_ble_init  bsp_btn_ble.o
    0x00025d78   0x00000090   Code   RO          634    i.bsp_button_event_handler  bsp.o
    0x00025e08   0x00000004   Code   RO          635    i.bsp_button_is_pressed  bsp.o
    0x00025e0c   0x00000040   Code   RO           10    i.bsp_event_handler  main.o
    0x00025e4c   0x00000044   Code   RO          638    i.bsp_event_to_button_action_assign  bsp.o
    0x00025e90   0x00000018   Code   RO          639    i.bsp_indication_set  bsp.o
    0x00025ea8   0x00000094   Code   RO          640    i.bsp_init          bsp.o
    0x00025f3c   0x000001bc   Code   RO          641    i.bsp_led_indication  bsp.o
    0x000260f8   0x00000058   Code   RO         5850    i.buf_prealloc      nrf_log_frontend.o
    0x00026150   0x0000001e   Code   RO         5031    i.buffer_add        nrf_fprintf_format.o
    0x0002616e   0x00000002   PAD
    0x00026170   0x00000014   Code   RO         5851    i.buffer_is_empty   nrf_log_frontend.o
    0x00026184   0x00000008   Code   RO          644    i.button_timer_handler  bsp.o
    0x0002618c   0x00000038   Code   RO           11    i.change_address    main.o
    0x000261c4   0x0000001c   Code   RO         3253    i.channel_free      nrf_drv_gpiote.o
    0x000261e0   0x00000048   Code   RO         3254    i.channel_port_alloc  nrf_drv_gpiote.o
    0x00026228   0x00000010   Code   RO         3255    i.channel_port_get  nrf_drv_gpiote.o
    0x00026238   0x00000038   Code   RO         2058    i.claim             peer_id.o
    0x00026270   0x00000028   Code   RO         3047    i.clock_clk_started_notify  nrf_drv_clock.o
    0x00026298   0x000000ac   Code   RO         4375    i.compare_reg_update  app_timer.o
    0x00026344   0x00000088   Code   RO          847    i.conn_int_encode   ble_advdata.o
    0x000263cc   0x00000004   Code   RO           12    i.conn_params_error_handler  main.o
    0x000263d0   0x00000048   Code   RO          997    i.conn_params_negotiation  ble_conn_params.o
    0x00026418   0x00000080   Code   RO         4624    i.delete_execute    fds.o
    0x00026498   0x00000060   Code   RO         4174    i.detection_delay_timeout_handler  app_button.o
    0x000264f8   0x00000040   Code   RO         4376    i.elapsed_ticks_acquire  app_timer.o
    0x00026538   0x00000030   Code   RO         2511    i.encryption_failure  security_dispatcher.o
    0x00026568   0x0000003c   Code   RO         5124    i.erase             nrf_fstorage_sd.o
    0x000265a4   0x00000074   Code   RO         4625    i.event_prepare     fds.o
    0x00026618   0x00000020   Code   RO         4626    i.event_send        fds.o
    0x00026638   0x0000004e   Code   RO         5125    i.event_send        nrf_fstorage_sd.o
    0x00026686   0x00000034   Code   RO         2625    i.events_send_from_err_code  security_manager.o
    0x000266ba   0x00000002   PAD
    0x000266bc   0x0000000c   Code   RO         1274    i.evt_send          gatt_cache_manager.o
    0x000266c8   0x0000001c   Code   RO         1463    i.evt_send          id_manager.o
    0x000266e4   0x0000002c   Code   RO         2149    i.evt_send          peer_manager.o
    0x00026710   0x0000001c   Code   RO         2512    i.evt_send          security_dispatcher.o
    0x0002672c   0x0000000c   Code   RO         2626    i.evt_send          security_manager.o
    0x00026738   0x000000f8   Code   RO         1751    i.fds_evt_handler   peer_data_storage.o
    0x00026830   0x00000048   Code   RO         4628    i.fds_file_delete   fds.o
    0x00026878   0x00000040   Code   RO         4629    i.fds_gc            fds.o
    0x000268b8   0x000000b4   Code   RO         4630    i.fds_init          fds.o
    0x0002696c   0x0000003c   Code   RO         4631    i.fds_record_close  fds.o
    0x000269a8   0x0000000e   Code   RO         4633    i.fds_record_find   fds.o
    0x000269b6   0x00000010   Code   RO         4634    i.fds_record_find_by_key  fds.o
    0x000269c6   0x00000010   Code   RO         4635    i.fds_record_find_in_file  fds.o
    0x000269d6   0x00000010   Code   RO         4636    i.fds_record_id_from_desc  fds.o
    0x000269e6   0x00000002   PAD
    0x000269e8   0x00000040   Code   RO         4638    i.fds_record_open   fds.o
    0x00026a28   0x0000000e   Code   RO         4639    i.fds_record_update  fds.o
    0x00026a36   0x00000008   Code   RO         4640    i.fds_record_write  fds.o
    0x00026a3e   0x0000000c   Code   RO         4641    i.fds_record_write_reserved  fds.o
    0x00026a4a   0x00000002   PAD
    0x00026a4c   0x00000024   Code   RO         4642    i.fds_register      fds.o
    0x00026a70   0x00000034   Code   RO         4643    i.fds_reserve       fds.o
    0x00026aa4   0x00000044   Code   RO         4644    i.fds_reserve_cancel  fds.o
    0x00026ae8   0x00000014   Code   RO         5593    i.fifo_get          app_fifo.o
    0x00026afc   0x00000012   Code   RO         5594    i.fifo_put          app_fifo.o
    0x00026b0e   0x00000014   Code   RO         1752    i.file_id_within_pm_range  peer_data_storage.o
    0x00026b22   0x00000002   PAD
    0x00026b24   0x00000010   Code   RO         4646    i.flag_clear        fds.o
    0x00026b34   0x00000012   Code   RO         2513    i.flag_id_init      security_dispatcher.o
    0x00026b46   0x00000012   Code   RO         2627    i.flag_id_init      security_manager.o
    0x00026b58   0x00000010   Code   RO         4647    i.flag_set          fds.o
    0x00026b68   0x00000058   Code   RO         2628    i.flags_set_from_err_code  security_manager.o
    0x00026bc0   0x00000006   Code   RO         4648    i.fs_event_handler  fds.o
    0x00026bc6   0x00000002   PAD
    0x00026bc8   0x000000ac   Code   RO           13    i.fstorage_evt_handler  main.o
    0x00026c74   0x00000014   Code   RO           14    i.fstorage_init     main.o
    0x00026c88   0x00000178   Code   RO           15    i.fstorsge_get      main.o
    0x00026e00   0x00000070   Code   RO         4649    i.gc_execute        fds.o
    0x00026e70   0x00000048   Code   RO         4650    i.gc_next_page      fds.o
    0x00026eb8   0x0000004c   Code   RO         4651    i.gc_page_erase     fds.o
    0x00026f04   0x00000034   Code   RO         4652    i.gc_record_copy    fds.o
    0x00026f38   0x00000024   Code   RO         4653    i.gc_record_find_next  fds.o
    0x00026f5c   0x00000080   Code   RO         4654    i.gc_state_advance  fds.o
    0x00026fdc   0x000000ec   Code   RO         1275    i.gcm_ble_evt_handler  gatt_cache_manager.o
    0x000270c8   0x0000006c   Code   RO         1276    i.gcm_gscm_evt_handler  gatt_cache_manager.o
    0x00027134   0x00000030   Code   RO         1277    i.gcm_im_evt_handler  gatt_cache_manager.o
    0x00027164   0x00000048   Code   RO         1278    i.gcm_init          gatt_cache_manager.o
    0x000271ac   0x00000054   Code   RO         1279    i.gcm_local_database_has_changed  gatt_cache_manager.o
    0x00027200   0x0000000e   Code   RO         1282    i.gcm_smd_evt_handler  gatt_cache_manager.o
    0x0002720e   0x00000002   PAD
    0x00027210   0x00000038   Code   RO         1464    i.get_connection_by_conn_handle  id_manager.o
    0x00027248   0x00000030   Code   RO         1465    i.get_free_connection  id_manager.o
    0x00027278   0x00000058   Code   RO         4175    i.gpiote_event_handler  app_button.o
    0x000272d0   0x0000001c   Code   RO         1379    i.gscm_db_change_notification_done  gatts_cache_manager.o
    0x000272ec   0x00000014   Code   RO         1380    i.gscm_init         gatts_cache_manager.o
    0x00027300   0x0000001c   Code   RO         1381    i.gscm_local_database_has_changed  gatts_cache_manager.o
    0x0002731c   0x0000006a   Code   RO         1382    i.gscm_local_db_cache_apply  gatts_cache_manager.o
    0x00027386   0x00000080   Code   RO         1384    i.gscm_local_db_cache_update  gatts_cache_manager.o
    0x00027406   0x00000002   PAD
    0x00027408   0x00000054   Code   RO         1385    i.gscm_pdb_evt_handler  gatts_cache_manager.o
    0x0002745c   0x0000001a   Code   RO         1386    i.gscm_service_changed_ind_needed  gatts_cache_manager.o
    0x00027476   0x00000002   PAD
    0x00027478   0x0000002c   Code   RO         1387    i.gscm_service_changed_ind_send  gatts_cache_manager.o
    0x000274a4   0x00000016   Code   RO         4655    i.header_is_valid   fds.o
    0x000274ba   0x00000046   Code   RO         1466    i.im_address_resolve  id_manager.o
    0x00027500   0x00000030   Code   RO         1467    i.im_ble_addr_get   id_manager.o
    0x00027530   0x000000ae   Code   RO         1468    i.im_ble_evt_handler  id_manager.o
    0x000275de   0x00000002   PAD
    0x000275e0   0x0000002c   Code   RO         1469    i.im_conn_handle_get  id_manager.o
    0x0002760c   0x00000040   Code   RO         1473    i.im_init           id_manager.o
    0x0002764c   0x00000034   Code   RO         1474    i.im_is_duplicate_bonding_data  id_manager.o
    0x00027680   0x00000018   Code   RO         1475    i.im_master_id_is_valid  id_manager.o
    0x00027698   0x0000002a   Code   RO         1476    i.im_master_ids_compare  id_manager.o
    0x000276c2   0x00000004   Code   RO         1477    i.im_new_peer_id    id_manager.o
    0x000276c6   0x00000072   Code   RO         1478    i.im_pdb_evt_handler  id_manager.o
    0x00027738   0x00000026   Code   RO         1479    i.im_peer_free      id_manager.o
    0x0002775e   0x00000002   PAD
    0x00027760   0x00000020   Code   RO         1480    i.im_peer_id_get_by_conn_handle  id_manager.o
    0x00027780   0x0000003c   Code   RO         1481    i.im_peer_id_get_by_master_id  id_manager.o
    0x000277bc   0x00000030   Code   RO         5126    i.init              nrf_fstorage_sd.o
    0x000277ec   0x000000c0   Code   RO         4656    i.init_execute      fds.o
    0x000278ac   0x00000014   Code   RO          998    i.instance_get      ble_conn_params.o
    0x000278c0   0x000000a6   Code   RO         5032    i.int_print         nrf_fprintf_format.o
    0x00027966   0x00000002   PAD
    0x00027968   0x00000078   Code   RO         3498    i.interrupts_enable  nrf_drv_uart.o
    0x000279e0   0x00000010   Code   RO         5127    i.is_busy           nrf_fstorage_sd.o
    0x000279f0   0x00000044   Code   RO          999    i.is_conn_params_ok  ble_conn_params.o
    0x00027a34   0x00000014   Code   RO         1486    i.is_valid_irk      id_manager.o
    0x00027a48   0x0000000c   Code   RO         4657    i.is_word_aligned   fds.o
    0x00027a54   0x00000030   Code   RO          645    i.leds_off          bsp.o
    0x00027a84   0x00000014   Code   RO          646    i.leds_timer_handler  bsp.o
    0x00027a98   0x00000028   Code   RO         3050    i.lfclk_stop        nrf_drv_clock.o
    0x00027ac0   0x00000014   Code   RO         1654    i.link_init         nrf_ble_gatt.o
    0x00027ad4   0x00000098   Code   RO         2629    i.link_secure       security_manager.o
    0x00027b6c   0x00000086   Code   RO         2514    i.link_secure_central  security_dispatcher.o
    0x00027bf2   0x000000c8   Code   RO         2515    i.link_secure_central_existing_peer  security_dispatcher.o
    0x00027cba   0x0000006c   Code   RO         2516    i.link_secure_central_new_peer  security_dispatcher.o
    0x00027d26   0x00000002   PAD
    0x00027d28   0x00000058   Code   RO         2517    i.link_secure_failure  security_dispatcher.o
    0x00027d80   0x0000005c   Code   RO         2630    i.link_secure_pending_process  security_manager.o
    0x00027ddc   0x000000f8   Code   RO         4377    i.list_insertions_handler  app_timer.o
    0x00027ed4   0x00000074   Code   RO         1283    i.local_db_apply_in_evt  gatt_cache_manager.o
    0x00027f48   0x00000078   Code   RO         1284    i.local_db_update_in_evt  gatt_cache_manager.o
    0x00027fc0   0x00000032   Code   RO         2457    i.lock_by_mask      pm_mutex.o
    0x00027ff2   0x00000002   PAD
    0x00027ff4   0x00000090   Code   RO         5853    i.log_skip          nrf_log_frontend.o
    0x00028084   0x0000020c   Code   RO           16    i.main              main.o
    0x00028290   0x0000008c   Code   RO         2846    i.major_change_value_char_add  ble_bcn.o
    0x0002831c   0x00000064   Code   RO          848    i.manuf_specific_data_encode  ble_advdata.o
    0x00028380   0x00000076   Code   RO         5223    i.memobj_op         nrf_memobj.o
    0x000283f6   0x00000002   PAD
    0x000283f8   0x00000038   Code   RO         5854    i.module_idx_get    nrf_log_frontend.o
    0x00028430   0x0000009c   Code   RO          849    i.name_encode       ble_advdata.o
    0x000284cc   0x00000058   Code   RO         1487    i.new_connection    id_manager.o
    0x00028524   0x00000030   Code   RO         2059    i.next_id_get       peer_id.o
    0x00028554   0x0000000c   Code   RO         5855    i.nrf_atomic_flag_clear_fetch  nrf_log_frontend.o
    0x00028560   0x0000000e   Code   RO         5856    i.nrf_atomic_flag_set  nrf_log_frontend.o
    0x0002856e   0x00000044   Code   RO         4947    i.nrf_balloc_alloc  nrf_balloc.o
    0x000285b2   0x00000030   Code   RO         4948    i.nrf_balloc_free   nrf_balloc.o
    0x000285e2   0x00000030   Code   RO         4949    i.nrf_balloc_init   nrf_balloc.o
    0x00028612   0x00000010   Code   RO         3256    i.nrf_bitmask_bit_is_set  nrf_drv_gpiote.o
    0x00028622   0x00000022   Code   RO         1660    i.nrf_ble_gatt_init  nrf_ble_gatt.o
    0x00028644   0x00000148   Code   RO         1661    i.nrf_ble_gatt_on_ble_evt  nrf_ble_gatt.o
    0x0002878c   0x0000000e   Code   RO         3051    i.nrf_clock_event_check  nrf_drv_clock.o
    0x0002879a   0x00000010   Code   RO         3052    i.nrf_clock_event_clear  nrf_drv_clock.o
    0x000287aa   0x00000002   PAD
    0x000287ac   0x0000008c   Code   RO         4378    i.nrf_delay_us      app_timer.o
    0x00028838   0x000000c8   Code   RO         6090    i.nrf_dfu_svci_vector_table_set  nrf_dfu_svci.o
    0x00028900   0x0000009c   Code   RO         6091    i.nrf_dfu_svci_vector_table_unset  nrf_dfu_svci.o
    0x0002899c   0x00000048   Code   RO         3059    i.nrf_drv_clock_init  nrf_drv_clock.o
    0x000289e4   0x0000002c   Code   RO         3063    i.nrf_drv_clock_lfclk_release  nrf_drv_clock.o
    0x00028a10   0x00000016   Code   RO         3499    i.nrf_drv_common_irq_disable  nrf_drv_uart.o
    0x00028a26   0x00000038   Code   RO         3216    i.nrf_drv_common_irq_enable  nrf_drv_common.o
    0x00028a5e   0x00000006   Code   RO         3500    i.nrf_drv_get_IRQn  nrf_drv_uart.o
    0x00028a64   0x000000a4   Code   RO         3261    i.nrf_drv_gpiote_in_event_enable  nrf_drv_gpiote.o
    0x00028b08   0x000000b8   Code   RO         3262    i.nrf_drv_gpiote_in_init  nrf_drv_gpiote.o
    0x00028bc0   0x00000014   Code   RO         3263    i.nrf_drv_gpiote_in_is_set  nrf_drv_gpiote.o
    0x00028bd4   0x0000005c   Code   RO         3265    i.nrf_drv_gpiote_init  nrf_drv_gpiote.o
    0x00028c30   0x00000014   Code   RO         3266    i.nrf_drv_gpiote_is_init  nrf_drv_gpiote.o
    0x00028c44   0x00000010   Code   RO         3501    i.nrf_drv_is_in_RAM  nrf_drv_uart.o
    0x00028c54   0x000000a4   Code   RO         3729    i.nrf_drv_saadc_buffer_convert  nrf_drv_saadc.o
    0x00028cf8   0x00000060   Code   RO         3731    i.nrf_drv_saadc_channel_init  nrf_drv_saadc.o
    0x00028d58   0x0000008c   Code   RO         3733    i.nrf_drv_saadc_init  nrf_drv_saadc.o
    0x00028de4   0x000000c0   Code   RO         3737    i.nrf_drv_saadc_sample_convert  nrf_drv_saadc.o
    0x00028ea4   0x00000068   Code   RO         3503    i.nrf_drv_uart_init  nrf_drv_uart.o
    0x00028f0c   0x000000b0   Code   RO         3504    i.nrf_drv_uart_rx   nrf_drv_uart.o
    0x00028fbc   0x00000030   Code   RO         3507    i.nrf_drv_uart_rx_enable  nrf_drv_uart.o
    0x00028fec   0x000000a8   Code   RO         3508    i.nrf_drv_uart_rx_for_uart  nrf_drv_uart.o
    0x00029094   0x000000b0   Code   RO         3509    i.nrf_drv_uart_rx_for_uarte  nrf_drv_uart.o
    0x00029144   0x0000010c   Code   RO         3511    i.nrf_drv_uart_tx   nrf_drv_uart.o
    0x00029250   0x00000018   Code   RO         3513    i.nrf_drv_uart_tx_in_progress  nrf_drv_uart.o
    0x00029268   0x00000054   Code   RO         3514    i.nrf_drv_uart_uninit  nrf_drv_uart.o
    0x000292bc   0x0000001a   Code   RO         4988    i.nrf_fprintf       nrf_fprintf.o
    0x000292d6   0x00000018   Code   RO         4989    i.nrf_fprintf_buffer_flush  nrf_fprintf.o
    0x000292ee   0x000001da   Code   RO         5033    i.nrf_fprintf_fmt   nrf_fprintf_format.o
    0x000294c8   0x0000004e   Code   RO         5070    i.nrf_fstorage_erase  nrf_fstorage.o
    0x00029516   0x00000010   Code   RO         5071    i.nrf_fstorage_init  nrf_fstorage.o
    0x00029526   0x00000002   PAD
    0x00029528   0x00000050   Code   RO         5072    i.nrf_fstorage_is_busy  nrf_fstorage.o
    0x00029578   0x00000050   Code   RO         5073    i.nrf_fstorage_read  nrf_fstorage.o
    0x000295c8   0x00000020   Code   RO         5128    i.nrf_fstorage_sdh_req_handler  nrf_fstorage_sd.o
    0x000295e8   0x00000020   Code   RO         5129    i.nrf_fstorage_sdh_state_handler  nrf_fstorage_sd.o
    0x00029608   0x000000b8   Code   RO         5130    i.nrf_fstorage_sys_evt_handler  nrf_fstorage_sd.o
    0x000296c0   0x00000020   Code   RO         5074    i.nrf_fstorage_uninit  nrf_fstorage.o
    0x000296e0   0x00000066   Code   RO         5075    i.nrf_fstorage_write  nrf_fstorage.o
    0x00029746   0x00000024   Code   RO          527    i.nrf_gpio_cfg      boards.o
    0x0002976a   0x00000024   Code   RO         3280    i.nrf_gpio_cfg      nrf_drv_gpiote.o
    0x0002978e   0x00000024   Code   RO         3515    i.nrf_gpio_cfg      nrf_drv_uart.o
    0x000297b2   0x00000012   Code   RO         3516    i.nrf_gpio_cfg_default  nrf_drv_uart.o
    0x000297c4   0x00000012   Code   RO         3517    i.nrf_gpio_cfg_input  nrf_drv_uart.o
    0x000297d6   0x00000010   Code   RO           17    i.nrf_gpio_cfg_output  main.o
    0x000297e6   0x00000014   Code   RO         3518    i.nrf_gpio_cfg_output  nrf_drv_uart.o
    0x000297fa   0x00000022   Code   RO         3282    i.nrf_gpio_cfg_sense_set  nrf_drv_gpiote.o
    0x0002981c   0x00000016   Code   RO          528    i.nrf_gpio_pin_write  boards.o
    0x00029832   0x00000002   PAD
    0x00029834   0x00000028   Code   RO         3283    i.nrf_gpio_ports_read  nrf_drv_gpiote.o
    0x0002985c   0x00000014   Code   RO         3284    i.nrf_gpiote_event_clear  nrf_drv_gpiote.o
    0x00029870   0x00000010   Code   RO         3285    i.nrf_gpiote_event_is_set  nrf_drv_gpiote.o
    0x00029880   0x00000068   Code   RO         5857    i.nrf_log_backend_add  nrf_log_frontend.o
    0x000298e8   0x00000002   Code   RO         5656    i.nrf_log_backend_rtt_flush  nrf_log_backend_rtt.o
    0x000298ea   0x00000004   Code   RO         5657    i.nrf_log_backend_rtt_init  nrf_log_backend_rtt.o
    0x000298ee   0x00000002   Code   RO         5658    i.nrf_log_backend_rtt_panic_set  nrf_log_backend_rtt.o
    0x000298f0   0x00000018   Code   RO         5659    i.nrf_log_backend_rtt_put  nrf_log_backend_rtt.o
    0x00029908   0x000000d2   Code   RO         5720    i.nrf_log_backend_serial_put  nrf_log_backend_serial.o
    0x000299da   0x00000002   PAD
    0x000299dc   0x00000028   Code   RO         5859    i.nrf_log_color_id_get  nrf_log_frontend.o
    0x00029a04   0x0000001c   Code   RO         5816    i.nrf_log_default_backends_init  nrf_log_default_backends.o
    0x00029a20   0x000001ac   Code   RO         5860    i.nrf_log_frontend_dequeue  nrf_log_frontend.o
    0x00029bcc   0x00000008   Code   RO         5862    i.nrf_log_frontend_std_0  nrf_log_frontend.o
    0x00029bd4   0x0000000e   Code   RO         5863    i.nrf_log_frontend_std_1  nrf_log_frontend.o
    0x00029be2   0x00000010   Code   RO         5864    i.nrf_log_frontend_std_2  nrf_log_frontend.o
    0x00029bf2   0x00000012   Code   RO         5865    i.nrf_log_frontend_std_3  nrf_log_frontend.o
    0x00029c04   0x00000014   Code   RO         5866    i.nrf_log_frontend_std_4  nrf_log_frontend.o
    0x00029c18   0x0000001c   Code   RO         5868    i.nrf_log_frontend_std_6  nrf_log_frontend.o
    0x00029c34   0x000000ac   Code   RO         6044    i.nrf_log_hexdump_entry_process  nrf_log_str_formatter.o
    0x00029ce0   0x0000005c   Code   RO         5869    i.nrf_log_init      nrf_log_frontend.o
    0x00029d3c   0x00000014   Code   RO         5870    i.nrf_log_module_cnt_get  nrf_log_frontend.o
    0x00029d50   0x00000024   Code   RO         5871    i.nrf_log_module_filter_get  nrf_log_frontend.o
    0x00029d74   0x0000001c   Code   RO         5873    i.nrf_log_module_name_get  nrf_log_frontend.o
    0x00029d90   0x00000028   Code   RO         5874    i.nrf_log_panic     nrf_log_frontend.o
    0x00029db8   0x000000b6   Code   RO         6045    i.nrf_log_std_entry_process  nrf_log_str_formatter.o
    0x00029e6e   0x00000060   Code   RO         5224    i.nrf_memobj_alloc  nrf_memobj.o
    0x00029ece   0x00000032   Code   RO         5225    i.nrf_memobj_free   nrf_memobj.o
    0x00029f00   0x0000000e   Code   RO         5226    i.nrf_memobj_get    nrf_memobj.o
    0x00029f0e   0x00000004   Code   RO         5227    i.nrf_memobj_pool_init  nrf_memobj.o
    0x00029f12   0x00000022   Code   RO         5228    i.nrf_memobj_put    nrf_memobj.o
    0x00029f34   0x0000000c   Code   RO         5229    i.nrf_memobj_read   nrf_memobj.o
    0x00029f40   0x0000000c   Code   RO         5230    i.nrf_memobj_write  nrf_memobj.o
    0x00029f4c   0x00000050   Code   RO         5312    i.nrf_pwr_mgmt_init  nrf_pwr_mgmt.o
    0x00029f9c   0x00000044   Code   RO         5313    i.nrf_pwr_mgmt_run  nrf_pwr_mgmt.o
    0x00029fe0   0x00000038   Code   RO         5314    i.nrf_pwr_mgmt_shutdown  nrf_pwr_mgmt.o
    0x0002a018   0x00000014   Code   RO         5315    i.nrf_pwr_mgmt_timeout_handler  nrf_pwr_mgmt.o
    0x0002a02c   0x00000010   Code   RO         3740    i.nrf_saadc_buffer_init  nrf_drv_saadc.o
    0x0002a03c   0x00000068   Code   RO         4143    i.nrf_saadc_channel_init  nrf_saadc.o
    0x0002a0a4   0x00000014   Code   RO         3741    i.nrf_saadc_channel_input_set  nrf_drv_saadc.o
    0x0002a0b8   0x00000010   Code   RO         3742    i.nrf_saadc_event_check  nrf_drv_saadc.o
    0x0002a0c8   0x00000014   Code   RO         3743    i.nrf_saadc_event_clear  nrf_drv_saadc.o
    0x0002a0dc   0x00000014   Code   RO         6476    i.nrf_sdh_ble_app_ram_start_get  nrf_sdh_ble.o
    0x0002a0f0   0x00000118   Code   RO         6477    i.nrf_sdh_ble_default_cfg_set  nrf_sdh_ble.o
    0x0002a208   0x000000d0   Code   RO         6478    i.nrf_sdh_ble_enable  nrf_sdh_ble.o
    0x0002a2d8   0x00000050   Code   RO         6479    i.nrf_sdh_ble_evts_poll  nrf_sdh_ble.o
    0x0002a328   0x00000040   Code   RO         6357    i.nrf_sdh_disable_request  nrf_sdh.o
    0x0002a368   0x00000058   Code   RO         6358    i.nrf_sdh_enable_request  nrf_sdh.o
    0x0002a3c0   0x00000024   Code   RO         6359    i.nrf_sdh_evts_poll  nrf_sdh.o
    0x0002a3e4   0x0000000c   Code   RO         6360    i.nrf_sdh_is_enabled  nrf_sdh.o
    0x0002a3f0   0x0000001c   Code   RO         6362    i.nrf_sdh_request_continue  nrf_sdh.o
    0x0002a40c   0x0000003c   Code   RO         6526    i.nrf_sdh_soc_evts_poll  nrf_sdh_soc.o
    0x0002a448   0x0000000a   Code   RO         5393    i.nrf_section_iter_init  nrf_section_iter.o
    0x0002a452   0x00000024   Code   RO         5394    i.nrf_section_iter_item_set  nrf_section_iter.o
    0x0002a476   0x00000020   Code   RO         5395    i.nrf_section_iter_next  nrf_section_iter.o
    0x0002a496   0x00000002   PAD
    0x0002a498   0x00000038   Code   RO         5428    i.nrf_strerror_find  nrf_strerror.o
    0x0002a4d0   0x00000014   Code   RO         5429    i.nrf_strerror_get  nrf_strerror.o
    0x0002a4e4   0x0000000a   Code   RO         3519    i.nrf_uart_event_check  nrf_drv_uart.o
    0x0002a4ee   0x0000000c   Code   RO         3520    i.nrf_uart_event_clear  nrf_drv_uart.o
    0x0002a4fa   0x0000000c   Code   RO         3521    i.nrf_uart_int_enable_check  nrf_drv_uart.o
    0x0002a506   0x0000000a   Code   RO         3522    i.nrf_uarte_event_check  nrf_drv_uart.o
    0x0002a510   0x0000000c   Code   RO         3523    i.nrf_uarte_event_clear  nrf_drv_uart.o
    0x0002a51c   0x0000001e   Code   RO           18    i.on_adv_evt        main.o
    0x0002a53a   0x00000002   PAD
    0x0002a53c   0x0000052c   Code   RO           19    i.on_bcn_evt        main.o
    0x0002aa68   0x0000001c   Code   RO           20    i.on_conn_params_evt  main.o
    0x0002aa84   0x0000009c   Code   RO         1662    i.on_connected_evt  nrf_ble_gatt.o
    0x0002ab20   0x00000074   Code   RO         1663    i.on_exchange_mtu_request_evt  nrf_ble_gatt.o
    0x0002ab94   0x00000070   Code   RO         2916    i.on_rw_authorize_req  ble_dfu.o
    0x0002ac04   0x000000fc   Code   RO         2847    i.on_write          ble_bcn.o
    0x0002ad00   0x00000034   Code   RO         4658    i.op_enqueue        fds.o
    0x0002ad34   0x00000012   Code   RO         4659    i.page_offsets_update  fds.o
    0x0002ad46   0x00000002   PAD
    0x0002ad48   0x00000064   Code   RO         4660    i.page_scan         fds.o
    0x0002adac   0x0000001c   Code   RO         4661    i.page_tag_write_data  fds.o
    0x0002adc8   0x00000024   Code   RO         4662    i.page_tag_write_swap  fds.o
    0x0002adec   0x000000f8   Code   RO         4663    i.pages_init        fds.o
    0x0002aee4   0x0000006c   Code   RO         2518    i.pairing_failure   security_dispatcher.o
    0x0002af50   0x0000003c   Code   RO         2631    i.params_reply_pending_process  security_manager.o
    0x0002af8c   0x0000001c   Code   RO         1895    i.pdb_evt_send      peer_database.o
    0x0002afa8   0x00000050   Code   RO         1896    i.pdb_init          peer_database.o
    0x0002aff8   0x00000004   Code   RO         1898    i.pdb_next_deleted_peer_id_get  peer_database.o
    0x0002affc   0x00000004   Code   RO         1899    i.pdb_next_peer_id_get  peer_database.o
    0x0002b000   0x00000130   Code   RO         1900    i.pdb_pds_evt_handler  peer_database.o
    0x0002b130   0x00000004   Code   RO         1901    i.pdb_peer_allocate  peer_database.o
    0x0002b134   0x00000006   Code   RO         1903    i.pdb_peer_data_ptr_get  peer_database.o
    0x0002b13a   0x00000044   Code   RO         1904    i.pdb_peer_free     peer_database.o
    0x0002b17e   0x00000008   Code   RO         1905    i.pdb_raw_store     peer_database.o
    0x0002b186   0x00000002   PAD
    0x0002b188   0x00000108   Code   RO         1906    i.pdb_write_buf_get  peer_database.o
    0x0002b290   0x00000028   Code   RO         1907    i.pdb_write_buf_release  peer_database.o
    0x0002b2b8   0x000000c4   Code   RO         1908    i.pdb_write_buf_store  peer_database.o
    0x0002b37c   0x00000068   Code   RO         1909    i.pdb_write_buf_store_prepare  peer_database.o
    0x0002b3e4   0x0000000c   Code   RO         1753    i.pds_evt_send      peer_data_storage.o
    0x0002b3f0   0x0000006c   Code   RO         1754    i.pds_init          peer_data_storage.o
    0x0002b45c   0x00000004   Code   RO         1755    i.pds_next_deleted_peer_id_get  peer_data_storage.o
    0x0002b460   0x00000004   Code   RO         1756    i.pds_next_peer_id_get  peer_data_storage.o
    0x0002b464   0x00000050   Code   RO         1759    i.pds_peer_data_iterate  peer_data_storage.o
    0x0002b4b4   0x00000010   Code   RO         1760    i.pds_peer_data_iterate_prepare  peer_data_storage.o
    0x0002b4c4   0x00000068   Code   RO         1761    i.pds_peer_data_read  peer_data_storage.o
    0x0002b52c   0x00000096   Code   RO         1762    i.pds_peer_data_store  peer_data_storage.o
    0x0002b5c2   0x00000008   Code   RO         1763    i.pds_peer_id_allocate  peer_data_storage.o
    0x0002b5ca   0x00000016   Code   RO         1764    i.pds_peer_id_free  peer_data_storage.o
    0x0002b5e0   0x00000004   Code   RO         1765    i.pds_peer_id_is_allocated  peer_data_storage.o
    0x0002b5e4   0x0000002e   Code   RO         1766    i.pds_space_reserve  peer_data_storage.o
    0x0002b612   0x00000010   Code   RO         1767    i.pds_space_reserve_cancel  peer_data_storage.o
    0x0002b622   0x00000006   Code   RO         1910    i.peer_data_const_point_to_buffer  peer_database.o
    0x0002b628   0x00000080   Code   RO         1768    i.peer_data_delete  peer_data_storage.o
    0x0002b6a8   0x00000030   Code   RO         1769    i.peer_data_find    peer_data_storage.o
    0x0002b6d8   0x00000020   Code   RO         1770    i.peer_data_id_is_valid  peer_data_storage.o
    0x0002b6f8   0x0000001a   Code   RO         1911    i.peer_data_point_to_buffer  peer_database.o
    0x0002b712   0x00000002   PAD
    0x0002b714   0x0000000c   Code   RO         2060    i.peer_id_allocate  peer_id.o
    0x0002b720   0x00000024   Code   RO         2061    i.peer_id_delete    peer_id.o
    0x0002b744   0x0000001c   Code   RO         2062    i.peer_id_free      peer_id.o
    0x0002b760   0x0000000c   Code   RO         2063    i.peer_id_get_next_deleted  peer_id.o
    0x0002b76c   0x00000030   Code   RO         2064    i.peer_id_get_next_used  peer_id.o
    0x0002b79c   0x00000028   Code   RO         2065    i.peer_id_init      peer_id.o
    0x0002b7c4   0x00000014   Code   RO         2066    i.peer_id_is_allocated  peer_id.o
    0x0002b7d8   0x00000014   Code   RO         2067    i.peer_id_is_deleted  peer_id.o
    0x0002b7ec   0x0000001c   Code   RO         1488    i.peer_id_set       id_manager.o
    0x0002b808   0x0000006c   Code   RO           21    i.peer_manager_init  main.o
    0x0002b874   0x00000018   Code   RO         3286    i.pin_in_use_by_port  nrf_drv_gpiote.o
    0x0002b88c   0x00000018   Code   RO         3287    i.pin_in_use_by_te  nrf_drv_gpiote.o
    0x0002b8a4   0x00000078   Code   RO         3524    i.pins_to_default   nrf_drv_uart.o
    0x0002b91c   0x0000005c   Code   RO         2415    i.pm_buffer_block_acquire  pm_buffer.o
    0x0002b978   0x00000040   Code   RO         2416    i.pm_buffer_init    pm_buffer.o
    0x0002b9b8   0x00000028   Code   RO         2417    i.pm_buffer_ptr_get  pm_buffer.o
    0x0002b9e0   0x0000002e   Code   RO         2418    i.pm_buffer_release  pm_buffer.o
    0x0002ba0e   0x00000004   Code   RO         2151    i.pm_conn_sec_config_reply  peer_manager.o
    0x0002ba12   0x00000002   PAD
    0x0002ba14   0x00000100   Code   RO           22    i.pm_evt_handler    main.o
    0x0002bb14   0x00000088   Code   RO         2155    i.pm_gcm_evt_handler  peer_manager.o
    0x0002bb9c   0x00000050   Code   RO         2158    i.pm_im_evt_handler  peer_manager.o
    0x0002bbec   0x00000064   Code   RO         2159    i.pm_init           peer_manager.o
    0x0002bc50   0x00000014   Code   RO         2161    i.pm_local_database_has_changed  peer_manager.o
    0x0002bc64   0x0000000e   Code   RO         2458    i.pm_mutex_init     pm_mutex.o
    0x0002bc72   0x0000001a   Code   RO         2459    i.pm_mutex_lock     pm_mutex.o
    0x0002bc8c   0x00000036   Code   RO         2460    i.pm_mutex_lock_first_available  pm_mutex.o
    0x0002bcc2   0x00000018   Code   RO         2461    i.pm_mutex_lock_status_get  pm_mutex.o
    0x0002bcda   0x0000003a   Code   RO         2462    i.pm_mutex_unlock   pm_mutex.o
    0x0002bd14   0x00000158   Code   RO         2163    i.pm_pdb_evt_handler  peer_manager.o
    0x0002be6c   0x00000014   Code   RO         2174    i.pm_peer_delete    peer_manager.o
    0x0002be80   0x00000068   Code   RO         2179    i.pm_peers_delete   peer_manager.o
    0x0002bee8   0x0000002c   Code   RO         2182    i.pm_register       peer_manager.o
    0x0002bf14   0x00000014   Code   RO         2184    i.pm_sec_params_set  peer_manager.o
    0x0002bf28   0x00000160   Code   RO         2185    i.pm_sm_evt_handler  peer_manager.o
    0x0002c088   0x0000003c   Code   RO         6046    i.postfix_process   nrf_log_str_formatter.o
    0x0002c0c4   0x00000274   Code   RO           23    i.power_lora_timeout_handler  main.o
    0x0002c338   0x0000005c   Code   RO         6047    i.prefix_process    nrf_log_str_formatter.o
    0x0002c394   0x00000038   Code   RO         5131    i.queue_get_next_free  nrf_fstorage_sd.o
    0x0002c3cc   0x000000a0   Code   RO         4664    i.queue_process     fds.o
    0x0002c46c   0x00000088   Code   RO         5132    i.queue_process     nrf_fstorage_sd.o
    0x0002c4f4   0x00000020   Code   RO         4665    i.queue_start       fds.o
    0x0002c514   0x00000018   Code   RO         5133    i.queue_start       nrf_fstorage_sd.o
    0x0002c52c   0x0000000e   Code   RO         5134    i.read              nrf_fstorage_sd.o
    0x0002c53a   0x00000002   PAD
    0x0002c53c   0x00000088   Code   RO         4666    i.record_find       fds.o
    0x0002c5c4   0x0000009c   Code   RO         4667    i.record_find_by_desc  fds.o
    0x0002c660   0x0000004c   Code   RO         4668    i.record_find_next  fds.o
    0x0002c6ac   0x00000034   Code   RO         4669    i.record_header_flag_dirty  fds.o
    0x0002c6e0   0x00000014   Code   RO         1771    i.record_key_within_pm_range  peer_data_storage.o
    0x0002c6f4   0x00000010   Code   RO         2069    i.release           peer_id.o
    0x0002c704   0x0000003c   Code   RO         4379    i.rtc1_stop         app_timer.o
    0x0002c740   0x00000032   Code   RO         3525    i.rx_byte           nrf_drv_uart.o
    0x0002c772   0x00000018   Code   RO         3526    i.rx_done_event     nrf_drv_uart.o
    0x0002c78a   0x00000020   Code   RO         3527    i.rx_enable         nrf_drv_uart.o
    0x0002c7aa   0x00000002   PAD
    0x0002c7ac   0x00000024   Code   RO           24    i.saadc_callback    main.o
    0x0002c7d0   0x00000034   Code   RO           25    i.saadc_init        main.o
    0x0002c804   0x00000040   Code   RO         6365    i.sd_nvic_DisableIRQ  nrf_sdh.o
    0x0002c844   0x00000070   Code   RO         6366    i.sd_nvic_EnableIRQ  nrf_sdh.o
    0x0002c8b4   0x00000054   Code   RO         3066    i.sd_state_evt_handler  nrf_drv_clock.o
    0x0002c908   0x00000030   Code   RO         6367    i.sdh_request_observer_notify  nrf_sdh.o
    0x0002c938   0x0000002c   Code   RO         6368    i.sdh_state_observer_notify  nrf_sdh.o
    0x0002c964   0x00000044   Code   RO         5461    i.sdk_mapped_flags_bulk_update_by_key  sdk_mapped_flags.o
    0x0002c9a8   0x00000022   Code   RO         5462    i.sdk_mapped_flags_first_key_index_get  sdk_mapped_flags.o
    0x0002c9ca   0x00000010   Code   RO         5463    i.sdk_mapped_flags_get_by_index  sdk_mapped_flags.o
    0x0002c9da   0x00000026   Code   RO         5464    i.sdk_mapped_flags_get_by_key  sdk_mapped_flags.o
    0x0002ca00   0x0000004a   Code   RO         5466    i.sdk_mapped_flags_key_list_get  sdk_mapped_flags.o
    0x0002ca4a   0x0000000e   Code   RO         5468    i.sdk_mapped_flags_update_by_key  sdk_mapped_flags.o
    0x0002ca58   0x000000b2   Code   RO         2519    i.sec_info_request_process  security_dispatcher.o
    0x0002cb0a   0x00000076   Code   RO         2632    i.sec_params_verify  security_manager.o
    0x0002cb80   0x00000054   Code   RO         2520    i.sec_proc_start    security_dispatcher.o
    0x0002cbd4   0x00000020   Code   RO         2521    i.sec_start_send    security_dispatcher.o
    0x0002cbf4   0x00000010   Code   RO         1000    i.send_error_evt    ble_conn_params.o
    0x0002cc04   0x0000002a   Code   RO         5660    i.serial_tx         nrf_log_backend_rtt.o
    0x0002cc2e   0x00000002   PAD
    0x0002cc30   0x00000058   Code   RO         1285    i.service_changed_pending_flags_check  gatt_cache_manager.o
    0x0002cc88   0x00000044   Code   RO         1388    i.service_changed_pending_set  gatts_cache_manager.o
    0x0002cccc   0x00000094   Code   RO         1286    i.service_changed_send_in_evt  gatt_cache_manager.o
    0x0002cd60   0x00000088   Code   RO          850    i.service_data_encode  ble_advdata.o
    0x0002cde8   0x00000098   Code   RO           28    i.services_init     main.o
    0x0002ce80   0x0000007c   Code   RO         5316    i.shutdown_process  nrf_pwr_mgmt.o
    0x0002cefc   0x00000018   Code   RO         2633    i.sm_ble_evt_handler  security_manager.o
    0x0002cf14   0x00000018   Code   RO         2634    i.sm_conn_sec_config_reply  security_manager.o
    0x0002cf2c   0x00000050   Code   RO         2635    i.sm_init           security_manager.o
    0x0002cf7c   0x00000038   Code   RO         2638    i.sm_pdb_evt_handler  security_manager.o
    0x0002cfb4   0x0000002c   Code   RO         2640    i.sm_sec_params_set  security_manager.o
    0x0002cfe0   0x00000078   Code   RO         2641    i.sm_smd_evt_handler  security_manager.o
    0x0002d058   0x000000ec   Code   RO         2522    i.smd_ble_evt_handler  security_dispatcher.o
    0x0002d144   0x0000003c   Code   RO         2523    i.smd_init          security_dispatcher.o
    0x0002d180   0x00000030   Code   RO         2524    i.smd_link_secure   security_dispatcher.o
    0x0002d1b0   0x00000118   Code   RO         2525    i.smd_params_reply  security_dispatcher.o
    0x0002d2c8   0x00000088   Code   RO         2642    i.smd_params_reply_perform  security_manager.o
    0x0002d350   0x00000034   Code   RO         2526    i.smd_pdb_evt_handler  security_dispatcher.o
    0x0002d384   0x0000000a   Code   RO         3067    i.soc_evt_handler   nrf_drv_clock.o
    0x0002d38e   0x00000002   PAD
    0x0002d390   0x00000098   Code   RO         5876    i.std_n             nrf_log_frontend.o
    0x0002d428   0x00000080   Code   RO         4380    i.timer_list_handler  app_timer.o
    0x0002d4a8   0x0000003c   Code   RO         4381    i.timer_list_insert  app_timer.o
    0x0002d4e4   0x00000060   Code   RO         4382    i.timer_list_remove  app_timer.o
    0x0002d544   0x00000048   Code   RO         4383    i.timer_stop_op_schedule  app_timer.o
    0x0002d58c   0x00000074   Code   RO         4384    i.timer_timeouts_check  app_timer.o
    0x0002d600   0x00000020   Code   RO         3528    i.tx_byte           nrf_drv_uart.o
    0x0002d620   0x0000001c   Code   RO         3529    i.tx_done_event     nrf_drv_uart.o
    0x0002d63c   0x0000008a   Code   RO         2754    i.tx_power_level_char_add  ble_tps.o
    0x0002d6c6   0x0000008c   Code   RO         2848    i.txpower_change_value_char_add  ble_bcn.o
    0x0002d752   0x00000002   PAD
    0x0002d754   0x00000040   Code   RO           30    i.uart_event_handle  main.o
    0x0002d794   0x000000a0   Code   RO         5531    i.uart_event_handler  app_uart_fifo.o
    0x0002d834   0x00000048   Code   RO           31    i.uart_init         main.o
    0x0002d87c   0x0000011e   Code   RO         3530    i.uart_irq_handler  nrf_drv_uart.o
    0x0002d99a   0x000000f0   Code   RO         3531    i.uarte_irq_handler  nrf_drv_uart.o
    0x0002da8a   0x0000000a   Code   RO          851    i.uint16_encode     ble_advdata.o
    0x0002da94   0x00000004   Code   RO         5135    i.uninit            nrf_fstorage_sd.o
    0x0002da98   0x000000b4   Code   RO         5034    i.unsigned_print    nrf_fprintf_format.o
    0x0002db4c   0x00000068   Code   RO         1001    i.update_timeout_handler  ble_conn_params.o
    0x0002dbb4   0x00000018   Code   RO         1082    i.user_flag_is_acquired  ble_conn_state.o
    0x0002dbcc   0x00000030   Code   RO         4385    i.user_op_alloc     app_timer.o
    0x0002dbfc   0x0000008a   Code   RO         2849    i.uuid_change_value_char_add  ble_bcn.o
    0x0002dc86   0x00000030   Code   RO          852    i.uuid_list_encode  ble_advdata.o
    0x0002dcb6   0x0000009e   Code   RO          853    i.uuid_list_sized_encode  ble_advdata.o
    0x0002dd54   0x00000036   Code   RO         5136    i.write             nrf_fstorage_sd.o
    0x0002dd8a   0x00000024   Code   RO         1912    i.write_buf_length_words_set  peer_database.o
    0x0002ddae   0x00000024   Code   RO         1913    i.write_buffer_record_find  peer_database.o
    0x0002ddd2   0x00000002   PAD
    0x0002ddd4   0x0000002c   Code   RO         1914    i.write_buffer_record_find_next  peer_database.o
    0x0002de00   0x0000001e   Code   RO         1915    i.write_buffer_record_invalidate  peer_database.o
    0x0002de1e   0x00000002   PAD
    0x0002de20   0x0000002c   Code   RO         1916    i.write_buffer_record_release  peer_database.o
    0x0002de4c   0x000000e8   Code   RO         4670    i.write_enqueue     fds.o
    0x0002df34   0x000000f4   Code   RO         4671    i.write_execute     fds.o
    0x0002e028   0x00000014   Code   RO         4672    i.write_space_free  fds.o
    0x0002e03c   0x00000054   Code   RO         4673    i.write_space_reserve  fds.o
    0x0002e090   0x00000039   Data   RO           34    .constdata          main.o
    0x0002e0c9   0x00000008   Data   RO          529    .constdata          boards.o
    0x0002e0d1   0x00000003   PAD
    0x0002e0d4   0x0000002c   Data   RO          652    .constdata          bsp.o
    0x0002e100   0x00000004   Data   RO         1389    .constdata          gatts_cache_manager.o
    0x0002e104   0x00000010   Data   RO         1390    .constdata          gatts_cache_manager.o
    0x0002e114   0x00000004   Data   RO         1391    .constdata          gatts_cache_manager.o
    0x0002e118   0x00000008   Data   RO         1491    .constdata          id_manager.o
    0x0002e120   0x00000016   Data   RO         1664    .constdata          nrf_ble_gatt.o
    0x0002e136   0x00000002   PAD
    0x0002e138   0x00000004   Data   RO         1772    .constdata          peer_data_storage.o
    0x0002e13c   0x00000014   Data   RO         1918    .constdata          peer_database.o
    0x0002e150   0x00000044   Data   RO         2528    .constdata          security_dispatcher.o
    0x0002e194   0x00000004   Data   RO         2643    .constdata          security_manager.o
    0x0002e198   0x00000010   Data   RO         2850    .constdata          ble_bcn.o
    0x0002e1a8   0x00000010   Data   RO         2918    .constdata          ble_dfu.o
    0x0002e1b8   0x00000004   Data   RO         3289    .constdata          nrf_drv_gpiote.o
    0x0002e1bc   0x00000004   Data   RO         3746    .constdata          nrf_drv_saadc.o
    0x0002e1c0   0x00000008   Data   RO         4177    .constdata          app_button.o
    0x0002e1c8   0x00000014   Data   RO         4675    .constdata          fds.o
    0x0002e1dc   0x00000010   Data   RO         5035    .constdata          nrf_fprintf_format.o
    0x0002e1ec   0x00000008   Data   RO         5138    .constdata          nrf_fstorage_sd.o
    0x0002e1f4   0x00000018   Data   RO         5139    .constdata          nrf_fstorage_sd.o
    0x0002e20c   0x00000018   Data   RO         5319    .constdata          nrf_pwr_mgmt.o
    0x0002e224   0x00000010   Data   RO         5320    .constdata          nrf_pwr_mgmt.o
    0x0002e234   0x00000104   Data   RO         5430    .constdata          nrf_strerror.o
    0x0002e338   0x00000020   Data   RO         5533    .constdata          app_uart_fifo.o
    0x0002e358   0x0000000c   Data   RO         5662    .constdata          nrf_log_backend_rtt.o
    0x0002e364   0x00000014   Data   RO         5879    .constdata          nrf_log_frontend.o
    0x0002e378   0x00000010   Data   RO         6369    .constdata          nrf_sdh.o
    0x0002e388   0x00000028   Data   RO         6370    .constdata          nrf_sdh.o
    0x0002e3b0   0x00000010   Data   RO         6371    .constdata          nrf_sdh.o
    0x0002e3c0   0x00000010   Data   RO         6372    .constdata          nrf_sdh.o
    0x0002e3d0   0x00000018   Data   RO         6480    .constdata          nrf_sdh_ble.o
    0x0002e3e8   0x00000018   Data   RO         6481    .constdata          nrf_sdh_ble.o
    0x0002e400   0x00000010   Data   RO         6527    .constdata          nrf_sdh_soc.o
    0x0002e410   0x0000000c   Data   RO         6528    .constdata          nrf_sdh_soc.o
    0x0002e41c   0x00000081   Data   RO         6604    .constdata          mc_w.l(ctype_o.o)
    0x0002e49d   0x00000003   PAD
    0x0002e4a0   0x00000004   Data   RO         6605    .constdata          mc_w.l(ctype_o.o)
    0x0002e4a4   0x00000041   Data   RO           35    .conststring        main.o
    0x0002e4e5   0x00000003   PAD
    0x0002e4e8   0x0000012d   Data   RO         1665    .conststring        nrf_ble_gatt.o
    0x0002e615   0x00000003   PAD
    0x0002e618   0x00000307   Data   RO         5431    .conststring        nrf_strerror.o
    0x0002e91f   0x00000001   PAD
    0x0002e920   0x00000066   Data   RO         6048    .conststring        nrf_log_str_formatter.o
    0x0002e986   0x00000002   PAD
    0x0002e988   0x00000188   Data   RO         6482    .conststring        nrf_sdh_ble.o
    0x0002eb10   0x00000009   Data   RO         1666    .conststrlit        nrf_ble_gatt.o
    0x0002eb19   0x00000003   PAD
    0x0002eb1c   0x00000006   Data   RO         3073    .conststrlit        nrf_drv_clock.o
    0x0002eb22   0x00000002   PAD
    0x0002eb24   0x00000007   Data   RO         3293    .conststrlit        nrf_drv_gpiote.o
    0x0002eb2b   0x00000001   PAD
    0x0002eb2c   0x00000005   Data   RO         3533    .conststrlit        nrf_drv_uart.o
    0x0002eb31   0x00000003   PAD
    0x0002eb34   0x00000006   Data   RO         3754    .conststrlit        nrf_drv_saadc.o
    0x0002eb3a   0x00000002   PAD
    0x0002eb3c   0x00000004   Data   RO         3902    .conststrlit        nrf_drv_ppi.o
    0x0002eb40   0x00000006   Data   RO         4042    .conststrlit        nrf_drv_timer.o
    0x0002eb46   0x00000002   PAD
    0x0002eb48   0x00000007   Data   RO         4950    .conststrlit        nrf_balloc.o
    0x0002eb4f   0x00000001   PAD
    0x0002eb50   0x00000009   Data   RO         5321    .conststrlit        nrf_pwr_mgmt.o
    0x0002eb59   0x00000003   PAD
    0x0002eb5c   0x00000004   Data   RO         5881    .conststrlit        nrf_log_frontend.o
    0x0002eb60   0x00000008   Data   RO         6373    .conststrlit        nrf_sdh.o
    0x0002eb68   0x0000000c   Data   RO         6483    .conststrlit        nrf_sdh_ble.o
    0x0002eb74   0x0000000c   Data   RO         6529    .conststrlit        nrf_sdh_soc.o
    0x0002eb80   0x00000020   Data   RO         6946    Region$$Table       anon$$obj.o
    0x0002eba0   0x00000008   Data   RO         1667    log_const_data      nrf_ble_gatt.o
    0x0002eba8   0x00000008   Data   RO         3074    log_const_data      nrf_drv_clock.o
    0x0002ebb0   0x00000008   Data   RO         3294    log_const_data      nrf_drv_gpiote.o
    0x0002ebb8   0x00000008   Data   RO         3534    log_const_data      nrf_drv_uart.o
    0x0002ebc0   0x00000008   Data   RO         3755    log_const_data      nrf_drv_saadc.o
    0x0002ebc8   0x00000008   Data   RO         3904    log_const_data      nrf_drv_ppi.o
    0x0002ebd0   0x00000008   Data   RO         4043    log_const_data      nrf_drv_timer.o
    0x0002ebd8   0x00000008   Data   RO         4951    log_const_data      nrf_balloc.o
    0x0002ebe0   0x00000008   Data   RO         5323    log_const_data      nrf_pwr_mgmt.o
    0x0002ebe8   0x00000008   Data   RO         5885    log_const_data      nrf_log_frontend.o
    0x0002ebf0   0x00000008   Data   RO         6375    log_const_data      nrf_sdh.o
    0x0002ebf8   0x00000008   Data   RO         6484    log_const_data      nrf_sdh_ble.o
    0x0002ec00   0x00000008   Data   RO         6530    log_const_data      nrf_sdh_soc.o
    0x0002ec08   0x00000004   Data   RO           38    pwr_mgmt_data0      main.o
    0x0002ec0c   0x00000008   Data   RO         1084    sdh_ble_observers0  ble_conn_state.o
    0x0002ec14   0x00000008   Data   RO           39    sdh_ble_observers1  main.o
    0x0002ec1c   0x00000008   Data   RO          758    sdh_ble_observers1  bsp_btn_ble.o
    0x0002ec24   0x00000020   Data   RO           40    sdh_ble_observers2  main.o
    0x0002ec44   0x00000008   Data   RO         1004    sdh_ble_observers2  ble_conn_params.o
    0x0002ec4c   0x00000008   Data   RO         2191    sdh_ble_observers2  peer_manager.o
    0x0002ec54   0x00000008   Data   RO         2919    sdh_ble_observers2  ble_dfu.o
    0x0002ec5c   0x00000008   Data   RO         5141    sdh_req_observers0  nrf_fstorage_sd.o
    0x0002ec64   0x00000008   Data   RO         3076    sdh_soc_observers0  nrf_drv_clock.o
    0x0002ec6c   0x00000008   Data   RO         5142    sdh_soc_observers0  nrf_fstorage_sd.o
    0x0002ec74   0x00000008   Data   RO           41    sdh_soc_observers1  main.o
    0x0002ec7c   0x00000008   Data   RO         2995    sdh_soc_observers1  ble_dfu_unbonded.o
    0x0002ec84   0x00000008   Data   RO         6486    sdh_stack_observers0  nrf_sdh_ble.o
    0x0002ec8c   0x00000008   Data   RO         6532    sdh_stack_observers0  nrf_sdh_soc.o
    0x0002ec94   0x00000008   Data   RO         3077    sdh_state_observers0  nrf_drv_clock.o
    0x0002ec9c   0x00000008   Data   RO         5143    sdh_state_observers0  nrf_fstorage_sd.o


    Execution Region RW_IRAM1 (Base: 0x20002110, Size: 0x000037a0, Max: 0x0000def0, ABSOLUTE, COMPRESSED[0x00000084])

    Base Addr    Size         Type   Attr      Idx    E Section Name        Object

    0x20002110   0x0000006b   Data   RW           36    .data               main.o
    0x2000217b   0x00000001   PAD
    0x2000217c   0x00000010   Data   RW          653    .data               bsp.o
    0x2000218c   0x00000008   Data   RW          757    .data               bsp_btn_ble.o
    0x20002194   0x00000008   Data   RW         1003    .data               ble_conn_params.o
    0x2000219c   0x0000000c   Data   RW         1287    .data               gatt_cache_manager.o
    0x200021a8   0x0000000c   Data   RW         1392    .data               gatts_cache_manager.o
    0x200021b4   0x00000003   Data   RW         1492    .data               id_manager.o
    0x200021b7   0x00000001   PAD
    0x200021b8   0x0000000c   Data   RW         1773    .data               peer_data_storage.o
    0x200021c4   0x00000008   Data   RW         1919    .data               peer_database.o
    0x200021cc   0x00000010   Data   RW         2190    .data               peer_manager.o
    0x200021dc   0x00000004   Data   RW         2529    .data               security_dispatcher.o
    0x200021e0   0x00000015   Data   RW         2644    .data               security_manager.o
    0x200021f5   0x00000003   PAD
    0x200021f8   0x00000004   Data   RW         2994    .data               ble_dfu_unbonded.o
    0x200021fc   0x00000014   Data   RW         4178    .data               app_button.o
    0x20002210   0x00000014   Data   RW         4387    .data               app_timer.o
    0x20002224   0x00000018   Data   RW         4676    .data               fds.o
    0x2000223c   0x00000008   Data   RW         5140    .data               nrf_fstorage_sd.o
    0x20002244   0x00000008   Data   RW         5322    .data               nrf_pwr_mgmt.o
    0x2000224c   0x00000010   Data   RW         5534    .data               app_uart_fifo.o
    0x2000225c   0x0000000c   Data   RW         5817    .data               nrf_log_default_backends.o
    0x20002268   0x00000008   Data   RW         5883    .data               nrf_log_frontend.o
    0x20002270   0x00000008   Data   RW         5884    .data               nrf_log_frontend.o
    0x20002278   0x00000038   Data   RW         6049    .data               nrf_log_str_formatter.o
    0x200022b0   0x00000003   Data   RW         6374    .data               nrf_sdh.o
    0x200022b3   0x00000001   PAD
    0x200022b4   0x00000004   Data   RW         6567    .data               system_nrf52.o
    0x200022b8   0x00000014   Data   RW           37    fs_data             main.o
    0x200022cc   0x00000014   Data   RW         4677    fs_data             fds.o
    0x200022e0   0x0000000c   Data   RW         1668    log_dynamic_data    nrf_ble_gatt.o
    0x200022ec   0x0000000c   Data   RW         3075    log_dynamic_data    nrf_drv_clock.o
    0x200022f8   0x0000000c   Data   RW         3295    log_dynamic_data    nrf_drv_gpiote.o
    0x20002304   0x0000000c   Data   RW         3535    log_dynamic_data    nrf_drv_uart.o
    0x20002310   0x0000000c   Data   RW         3756    log_dynamic_data    nrf_drv_saadc.o
    0x2000231c   0x0000000c   Data   RW         3905    log_dynamic_data    nrf_drv_ppi.o
    0x20002328   0x0000000c   Data   RW         4044    log_dynamic_data    nrf_drv_timer.o
    0x20002334   0x0000000c   Data   RW         4952    log_dynamic_data    nrf_balloc.o
    0x20002340   0x0000000c   Data   RW         5324    log_dynamic_data    nrf_pwr_mgmt.o
    0x2000234c   0x0000000c   Data   RW         5886    log_dynamic_data    nrf_log_frontend.o
    0x20002358   0x0000000c   Data   RW         6376    log_dynamic_data    nrf_sdh.o
    0x20002364   0x0000000c   Data   RW         6485    log_dynamic_data    nrf_sdh_ble.o
    0x20002370   0x0000000c   Data   RW         6531    log_dynamic_data    nrf_sdh_soc.o
    0x2000237c   0x00000020   Zero   RW           32    .bss                main.o
    0x2000239c   0x0000036c   Zero   RW           33    .bss                main.o
    0x20002708   0x00000020   Zero   RW          648    .bss                bsp.o
    0x20002728   0x00000020   Zero   RW          649    .bss                bsp.o
    0x20002748   0x0000000c   Zero   RW          650    .bss                bsp.o
    0x20002754   0x00000020   Zero   RW          651    .bss                bsp.o
    0x20002774   0x00000050   Zero   RW         1002    .bss                ble_conn_params.o
    0x200027c4   0x000000b8   Zero   RW         1083    .bss                ble_conn_state.o
    0x2000287c   0x00000100   Zero   RW         1490    .bss                id_manager.o
    0x2000297c   0x00000330   Zero   RW         1917    .bss                peer_database.o
    0x20002cac   0x00000040   Zero   RW         2070    .bss                peer_id.o
    0x20002cec   0x0000000c   Zero   RW         2188    .bss                peer_manager.o
    0x20002cf8   0x00000040   Zero   RW         2527    .bss                security_dispatcher.o
    0x20002d38   0x0000001c   Zero   RW         2917    .bss                ble_dfu.o
    0x20002d54   0x00000028   Zero   RW         2993    .bss                ble_dfu_unbonded.o
    0x20002d7c   0x00000014   Zero   RW         3068    .bss                nrf_drv_clock.o
    0x20002d90   0x00000058   Zero   RW         3288    .bss                nrf_drv_gpiote.o
    0x20002de8   0x00000020   Zero   RW         3532    .bss                nrf_drv_uart.o
    0x20002e08   0x00000030   Zero   RW         3745    .bss                nrf_drv_saadc.o
    0x20002e38   0x0000000c   Zero   RW         4040    .bss                nrf_drv_timer.o
    0x20002e44   0x00000020   Zero   RW         4176    .bss                app_button.o
    0x20002e64   0x0000010c   Zero   RW         4386    .bss                app_timer.o
    0x20002f70   0x0000000c   Zero   RW         4535    .bss                app_util_platform.o
    0x20002f7c   0x000000c4   Zero   RW         4674    .bss                fds.o
    0x20003040   0x00000078   Zero   RW         5137    .bss                nrf_fstorage_sd.o
    0x200030b8   0x00000020   Zero   RW         5317    .bss                nrf_pwr_mgmt.o
    0x200030d8   0x0000000c   Zero   RW         5318    .bss                nrf_pwr_mgmt.o
    0x200030e4   0x00000020   Zero   RW         5532    .bss                app_uart_fifo.o
    0x20003104   0x00000040   Zero   RW         5661    .bss                nrf_log_backend_rtt.o
    0x20003144   0x000000c0   Zero   RW         5877    .bss                nrf_log_frontend.o
    0x20003204   0x00000420   Zero   RW         5878    .bss                nrf_log_frontend.o
    0x20003624   0x00000288   Zero   RW         6151    .bss                segger_rtt.o
    0x200038ac   0x00000004   PAD
    0x200038b0   0x00002000   Zero   RW         6555    STACK               arm_startup_nrf52.o


==============================================================================

Image component sizes


      Code (inc. data)   RO Data    RW Data    ZI Data      Debug   Object Name

       332         34          8         20         32      10158   app_button.o
        22          0          0          0          0       2241   app_error.o
       120         40          0          0          0      27389   app_error_weak.o
       118          0          0          0          0       4446   app_fifo.o
         0          0          0          0          0      20708   app_scheduler.o
      1630        122          0         20        268      47651   app_timer.o
       468         46         32         16         32       6203   app_uart_fifo.o
       124         14          0          0         12       9462   app_util_platform.o
        36          8        512          0       8192        924   arm_startup_nrf52.o
      1330          0          0          0          0      36359   ble_advdata.o
       988          6          0          0          0       8684   ble_advertising.o
      1164          6         16          0          0      13488   ble_bcn.o
       636         44          8          8         80       9259   ble_conn_params.o
       552         52          8          0        184      10145   ble_conn_state.o
       520         64         24          0         28       9572   ble_dfu.o
       534         34          8          4         40       7490   ble_dfu_unbonded.o
        16          0          0          0          0       2174   ble_srv_common.o
       226          0          0          0          0       4121   ble_tps.o
       306         36          8          0          0      12702   boards.o
       914         86         44         16        108      14100   bsp.o
       222         10          8          8          0       8643   bsp_btn_ble.o
      3382        326         20         44        196      44934   fds.o
      1046         52          0         12          0      16164   gatt_cache_manager.o
       532         36         24         12          0       9607   gatts_cache_manager.o
      1154         56          8          3        256      20705   id_manager.o
      4862       1298        174        127        908     218591   main.o
       164          0         15         12          0       3917   nrf_balloc.o
       654         44        340         12          0      39152   nrf_ble_gatt.o
       356        232          0          0          0       1630   nrf_dfu_svci.o
       408         40         30         12         20      41091   nrf_drv_clock.o
        56          0          0          0          0      29291   nrf_drv_common.o
      1178         84         19         12         88      28750   nrf_drv_gpiote.o
         0          0         12         12          0       5316   nrf_drv_ppi.o
       992         70         18         12         48      18819   nrf_drv_saadc.o
        76          8         14         12         12      12314   nrf_drv_timer.o
      2384         82         13         12         32      46157   nrf_drv_uart.o
        50          0          0          0          0       3525   nrf_fprintf.o
       850          4         16          0          0       5470   nrf_fprintf_format.o
       424         10          0          0          0       7910   nrf_fstorage.o
       738         56         56          8        120      12731   nrf_fstorage_sd.o
        74          8         12          0         64       5529   nrf_log_backend_rtt.o
       210          0          0          0          0      10239   nrf_log_backend_serial.o
        28          6          0         12          0       3186   nrf_log_default_backends.o
      1532         94         32         28       1248      35094   nrf_log_frontend.o
       506         66        102         56          0       5584   nrf_log_str_formatter.o
       494          0          0          0          0      13119   nrf_memobj.o
       502         50         57         20         44      42727   nrf_pwr_mgmt.o
       104          4          0          0          0       6661   nrf_saadc.o
       536         60        104         15          0      48092   nrf_sdh.o
       588        156        468         12          0       5766   nrf_sdh_ble.o
        60          4         56         12          0       2572   nrf_sdh_soc.o
        78          0          0          0          0       2772   nrf_section_iter.o
        76         10       1035          0          0       2731   nrf_strerror.o
      1070         42          4         12          0      17632   peer_data_storage.o
      1332         66         20          8        816      23659   peer_database.o
       336         38          0          0         64       9107   peer_id.o
      1308        102          8         16         12      13724   peer_manager.o
       242          0          0          0          0       4467   pm_buffer.o
       226          0          0          0          0       5369   pm_mutex.o
       244          0          0          0          0       6336   sdk_mapped_flags.o
      1862         64         68          4         64      21104   security_dispatcher.o
      1076         74          4         21          0      17068   security_manager.o
       378         34          0          0        648       8969   segger_rtt.o
       764         64          0          4          0       2951   system_nrf52.o

    ----------------------------------------------------------------------
     43272       3942       3468        620      13620    1146451   Object Totals
         0          0         32          0          0          0   (incl. Generated)
        82          0         31          6          4          0   (incl. Padding)

    ----------------------------------------------------------------------

      Code (inc. data)   RO Data    RW Data    ZI Data      Debug   Library Member Name

        86          0          0          0          0          0   __dczerorl2.o
         8          4        133          0          0         68   ctype_o.o
         0          0          0          0          0          0   entry.o
         0          0          0          0          0          0   entry10a.o
         0          0          0          0          0          0   entry11a.o
         8          4          0          0          0          0   entry2.o
         4          0          0          0          0          0   entry5.o
         0          0          0          0          0          0   entry7b.o
         0          0          0          0          0          0   entry8b.o
         8          4          0          0          0          0   entry9a.o
        30          0          0          0          0          0   handlers.o
        36          8          0          0          0         68   init.o
        30          0          0          0          0         68   llshl.o
        32          0          0          0          0         68   llushr.o
        26          0          0          0          0         80   memcmp.o
        36          0          0          0          0         68   memcpya.o
        36          0          0          0          0        108   memseta.o
       896          8          0          0          0        420   printf6.o
        18          0          0          0          0         68   strcpy.o
        14          0          0          0          0         68   strlen.o
        44          0          0          0          0         80   uidiv.o
        98          0          0          0          0         92   uldiv.o

    ----------------------------------------------------------------------
      1416         28        136          0          0       1256   Library Totals
         6          0          3          0          0          0   (incl. Padding)

    ----------------------------------------------------------------------

      Code (inc. data)   RO Data    RW Data    ZI Data      Debug   Library Name

      1410         28        133          0          0       1256   mc_w.l

    ----------------------------------------------------------------------
      1416         28        136          0          0       1256   Library Totals

    ----------------------------------------------------------------------

==============================================================================


      Code (inc. data)   RO Data    RW Data    ZI Data      Debug   

     44688       3970       3604        620      13620    1095519   Grand Totals
     44688       3970       3604        132      13620    1095519   ELF Image Totals (compressed)
     44688       3970       3604        132          0          0   ROM Totals

==============================================================================

    Total RO  Size (Code + RO Data)                48292 (  47.16kB)
    Total RW  Size (RW Data + ZI Data)             14240 (  13.91kB)
    Total ROM Size (Code + RO Data + RW Data)      48424 (  47.29kB)

==============================================================================

